2026-06-23 13:26:37,474 - engineio.server - INFO - C:\Users\Yoel Abreu\Documents\epran\Astroweb\AppWeb\env\Lib\site-packages\engineio\base_server.py:112 - Server initialized for eventlet.
2026-06-23 13:26:40,456 - app - INFO - C:\Users\Yoel Abreu\Documents\epran\Astroweb\AppWeb\backend\app\__init__.py:135 - ✅ WebSocket events registrados correctamente
2026-06-23 13:26:40,470 - app.socket_chat - INFO - C:\Users\Yoel Abreu\Documents\epran\Astroweb\AppWeb\backend\app\socket_chat.py:255 - ✅ Event handlers del chat registrados correctamente
2026-06-23 13:26:40,487 - app - INFO - C:\Users\Yoel Abreu\Documents\epran\Astroweb\AppWeb\backend\app\__init__.py:149 - ✅ Eventos de chat WebSocket registrados correctamente
2026-06-23 14:48:21,548 - engineio.server - INFO - C:\Users\Yoel Abreu\Documents\epran\Astroweb\env\Lib\site-packages\engineio\base_server.py:112 - Server initialized for eventlet.
2026-06-23 14:48:21,548 - tzlocal - DEBUG - C:\Users\Yoel Abreu\Documents\epran\Astroweb\env\Lib\site-packages\tzlocal\win32.py:55 - Looking up time zone info from registry
2026-06-23 14:48:21,566 - apscheduler.scheduler - INFO - C:\Users\Yoel Abreu\Documents\epran\Astroweb\env\Lib\site-packages\apscheduler\schedulers\base.py:507 - Adding job tentatively -- it will be properly scheduled when the scheduler starts
2026-06-23 14:48:21,566 - apscheduler.scheduler - INFO - C:\Users\Yoel Abreu\Documents\epran\Astroweb\env\Lib\site-packages\apscheduler\schedulers\base.py:507 - Adding job tentatively -- it will be properly scheduled when the scheduler starts
2026-06-23 14:48:21,566 - apscheduler.scheduler - INFO - C:\Users\Yoel Abreu\Documents\epran\Astroweb\env\Lib\site-packages\apscheduler\schedulers\base.py:507 - Adding job tentatively -- it will be properly scheduled when the scheduler starts
2026-06-23 14:49:44,968 - engineio.server - INFO - C:\Users\Yoel Abreu\Documents\epran\Astroweb\AppWeb\env\Lib\site-packages\engineio\base_server.py:112 - Server initialized for eventlet.
2026-06-23 14:49:44,969 - tzlocal - DEBUG - C:\Users\Yoel Abreu\Documents\epran\Astroweb\AppWeb\env\Lib\site-packages\tzlocal\win32.py:55 - Looking up time zone info from registry
2026-06-23 14:49:44,999 - apscheduler.scheduler - INFO - C:\Users\Yoel Abreu\Documents\epran\Astroweb\AppWeb\env\Lib\site-packages\apscheduler\schedulers\base.py:507 - Adding job tentatively -- it will be properly scheduled when the scheduler starts
2026-06-23 14:49:45,000 - apscheduler.scheduler - INFO - C:\Users\Yoel Abreu\Documents\epran\Astroweb\AppWeb\env\Lib\site-packages\apscheduler\schedulers\base.py:507 - Adding job tentatively -- it will be properly scheduled when the scheduler starts
2026-06-23 14:49:45,000 - apscheduler.scheduler - INFO - C:\Users\Yoel Abreu\Documents\epran\Astroweb\AppWeb\env\Lib\site-packages\apscheduler\schedulers\base.py:507 - Adding job tentatively -- it will be properly scheduled when the scheduler starts
2026-06-23 14:50:21,129 - engineio.server - INFO - C:\Users\Yoel Abreu\Documents\epran\Astroweb\AppWeb\env\Lib\site-packages\engineio\base_server.py:112 - Server initialized for eventlet.
2026-06-23 14:50:21,130 - tzlocal - DEBUG - C:\Users\Yoel Abreu\Documents\epran\Astroweb\AppWeb\env\Lib\site-packages\tzlocal\win32.py:55 - Looking up time zone info from registry
2026-06-23 14:50:21,138 - apscheduler.scheduler - INFO - C:\Users\Yoel Abreu\Documents\epran\Astroweb\AppWeb\env\Lib\site-packages\apscheduler\schedulers\base.py:507 - Adding job tentatively -- it will be properly scheduled when the scheduler starts
2026-06-23 14:50:21,138 - apscheduler.scheduler - INFO - C:\Users\Yoel Abreu\Documents\epran\Astroweb\AppWeb\env\Lib\site-packages\apscheduler\schedulers\base.py:507 - Adding job tentatively -- it will be properly scheduled when the scheduler starts
2026-06-23 14:50:21,138 - apscheduler.scheduler - INFO - C:\Users\Yoel Abreu\Documents\epran\Astroweb\AppWeb\env\Lib\site-packages\apscheduler\schedulers\base.py:507 - Adding job tentatively -- it will be properly scheduled when the scheduler starts
2026-06-23 14:50:29,648 - app - INFO - C:\Users\Yoel Abreu\Documents\epran\Astroweb\AppWeb\backend\app\__init__.py:406 - ✅ WebSocket events registrados
2026-06-23 14:50:29,648 - app.socket_chat - INFO - C:\Users\Yoel Abreu\Documents\epran\Astroweb\AppWeb\backend\app\socket_chat.py:382 - ✅ Event handlers del chat de ANALISTA registrados en /chat
2026-06-23 14:50:29,649 - app - INFO - C:\Users\Yoel Abreu\Documents\epran\Astroweb\AppWeb\backend\app\__init__.py:413 - ✅ Chat ANALISTA registrado en /chat
2026-06-23 14:50:29,655 - app - INFO - C:\Users\Yoel Abreu\Documents\epran\Astroweb\AppWeb\backend\app\__init__.py:420 - ✅ Chat CLIENTE registrado en /chat_cliente
2026-06-23 14:50:29,659 - app.socket_chat_grupo - INFO - C:\Users\Yoel Abreu\Documents\epran\Astroweb\AppWeb\backend\app\socket_chat_grupo.py:177 - ✅ Handlers del chat de GRUPOS registrados en /chat_grupo
2026-06-23 14:50:29,659 - app - INFO - C:\Users\Yoel Abreu\Documents\epran\Astroweb\AppWeb\backend\app\__init__.py:427 - ✅ Chat GRUPOS registrado en /chat_grupo
2026-06-23 14:50:29,659 - apscheduler.scheduler - INFO - C:\Users\Yoel Abreu\Documents\epran\Astroweb\AppWeb\env\Lib\site-packages\apscheduler\schedulers\base.py:1090 - Added job "Ejecutar cambios futuros de rutas" to job store "default"
2026-06-23 14:50:29,660 - apscheduler.scheduler - INFO - C:\Users\Yoel Abreu\Documents\epran\Astroweb\AppWeb\env\Lib\site-packages\apscheduler\schedulers\base.py:1090 - Added job "Auto-desactivar PDVs + alertar supervisores (19:00)" to job store "default"
2026-06-23 14:50:29,660 - apscheduler.scheduler - INFO - C:\Users\Yoel Abreu\Documents\epran\Astroweb\AppWeb\env\Lib\site-packages\apscheduler\schedulers\base.py:1090 - Added job "Recordatorio push: PDVs sin cerrar (18:30)" to job store "default"
2026-06-23 14:50:29,660 - apscheduler.scheduler - INFO - C:\Users\Yoel Abreu\Documents\epran\Astroweb\AppWeb\env\Lib\site-packages\apscheduler\schedulers\base.py:214 - Scheduler started
2026-06-23 14:50:29,660 - app - INFO - C:\Users\Yoel Abreu\Documents\epran\Astroweb\AppWeb\backend\run.py:233 - ✅ APScheduler iniciado - Intervalo: 60 minutos
2026-06-23 15:12:22,788 - engineio.server - INFO - C:\Users\Yoel Abreu\Documents\epran\Astroweb\AppWeb\env\Lib\site-packages\engineio\base_server.py:112 - Server initialized for eventlet.
2026-06-23 15:12:22,789 - tzlocal - DEBUG - C:\Users\Yoel Abreu\Documents\epran\Astroweb\AppWeb\env\Lib\site-packages\tzlocal\win32.py:55 - Looking up time zone info from registry
2026-06-23 15:12:22,797 - apscheduler.scheduler - INFO - C:\Users\Yoel Abreu\Documents\epran\Astroweb\AppWeb\env\Lib\site-packages\apscheduler\schedulers\base.py:507 - Adding job tentatively -- it will be properly scheduled when the scheduler starts
2026-06-23 15:12:22,797 - apscheduler.scheduler - INFO - C:\Users\Yoel Abreu\Documents\epran\Astroweb\AppWeb\env\Lib\site-packages\apscheduler\schedulers\base.py:507 - Adding job tentatively -- it will be properly scheduled when the scheduler starts
2026-06-23 15:12:22,797 - apscheduler.scheduler - INFO - C:\Users\Yoel Abreu\Documents\epran\Astroweb\AppWeb\env\Lib\site-packages\apscheduler\schedulers\base.py:507 - Adding job tentatively -- it will be properly scheduled when the scheduler starts
2026-06-23 15:12:23,542 - app - ERROR - C:\Users\Yoel Abreu\Documents\epran\Astroweb\AppWeb\backend\app\__init__.py:408 - ❌ Error WebSocket events: 'charmap' codec can't encode character '\u2705' in position 0: character maps to <undefined>
2026-06-23 15:12:23,572 - app.socket_chat - INFO - C:\Users\Yoel Abreu\Documents\epran\Astroweb\AppWeb\backend\app\socket_chat.py:382 - ✅ Event handlers del chat de ANALISTA registrados en /chat
2026-06-23 15:12:23,573 - app - INFO - C:\Users\Yoel Abreu\Documents\epran\Astroweb\AppWeb\backend\app\__init__.py:413 - ✅ Chat ANALISTA registrado en /chat
2026-06-23 15:12:23,574 - app - INFO - C:\Users\Yoel Abreu\Documents\epran\Astroweb\AppWeb\backend\app\__init__.py:420 - ✅ Chat CLIENTE registrado en /chat_cliente
2026-06-23 15:12:23,575 - app.socket_chat_grupo - INFO - C:\Users\Yoel Abreu\Documents\epran\Astroweb\AppWeb\backend\app\socket_chat_grupo.py:177 - ✅ Handlers del chat de GRUPOS registrados en /chat_grupo
2026-06-23 15:12:23,576 - app - INFO - C:\Users\Yoel Abreu\Documents\epran\Astroweb\AppWeb\backend\app\__init__.py:427 - ✅ Chat GRUPOS registrado en /chat_grupo
2026-06-23 15:12:46,303 - engineio.server - INFO - C:\Users\Yoel Abreu\Documents\epran\Astroweb\AppWeb\env\Lib\site-packages\engineio\base_server.py:112 - Server initialized for eventlet.
2026-06-23 15:12:46,303 - tzlocal - DEBUG - C:\Users\Yoel Abreu\Documents\epran\Astroweb\AppWeb\env\Lib\site-packages\tzlocal\win32.py:55 - Looking up time zone info from registry
2026-06-23 15:12:46,310 - apscheduler.scheduler - INFO - C:\Users\Yoel Abreu\Documents\epran\Astroweb\AppWeb\env\Lib\site-packages\apscheduler\schedulers\base.py:507 - Adding job tentatively -- it will be properly scheduled when the scheduler starts
2026-06-23 15:12:46,311 - apscheduler.scheduler - INFO - C:\Users\Yoel Abreu\Documents\epran\Astroweb\AppWeb\env\Lib\site-packages\apscheduler\schedulers\base.py:507 - Adding job tentatively -- it will be properly scheduled when the scheduler starts
2026-06-23 15:12:46,311 - apscheduler.scheduler - INFO - C:\Users\Yoel Abreu\Documents\epran\Astroweb\AppWeb\env\Lib\site-packages\apscheduler\schedulers\base.py:507 - Adding job tentatively -- it will be properly scheduled when the scheduler starts
2026-06-23 15:12:47,026 - app - ERROR - C:\Users\Yoel Abreu\Documents\epran\Astroweb\AppWeb\backend\app\__init__.py:408 - ❌ Error WebSocket events: 'charmap' codec can't encode character '\u2705' in position 0: character maps to <undefined>
2026-06-23 15:12:47,030 - app.socket_chat - INFO - C:\Users\Yoel Abreu\Documents\epran\Astroweb\AppWeb\backend\app\socket_chat.py:382 - ✅ Event handlers del chat de ANALISTA registrados en /chat
2026-06-23 15:12:47,031 - app - INFO - C:\Users\Yoel Abreu\Documents\epran\Astroweb\AppWeb\backend\app\__init__.py:413 - ✅ Chat ANALISTA registrado en /chat
2026-06-23 15:12:47,038 - app - INFO - C:\Users\Yoel Abreu\Documents\epran\Astroweb\AppWeb\backend\app\__init__.py:420 - ✅ Chat CLIENTE registrado en /chat_cliente
2026-06-23 15:12:47,039 - app.socket_chat_grupo - INFO - C:\Users\Yoel Abreu\Documents\epran\Astroweb\AppWeb\backend\app\socket_chat_grupo.py:177 - ✅ Handlers del chat de GRUPOS registrados en /chat_grupo
2026-06-23 15:12:47,040 - app - INFO - C:\Users\Yoel Abreu\Documents\epran\Astroweb\AppWeb\backend\app\__init__.py:427 - ✅ Chat GRUPOS registrado en /chat_grupo
2026-06-23 15:12:48,004 - app - ERROR - C:\Users\Yoel Abreu\Documents\epran\Astroweb\AppWeb\backend\app\utils\database.py:396 - [DB] Error tras 3 intentos: ('42S22', "[42S22] [Microsoft][ODBC Driver 17 for SQL Server][SQL Server]Invalid column name 'usuario'. (207) (SQLExecDirectW); [42S22] [Microsoft][ODBC Driver 17 for SQL Server][SQL Server]Invalid column name 'usuario'. (207)") — Query: SELECT id_usuario, usuario, rol, id_analista FROM usuarios WHERE usuario LIKE '%luis%'
2026-06-23 15:13:10,984 - engineio.server - INFO - C:\Users\Yoel Abreu\Documents\epran\Astroweb\AppWeb\env\Lib\site-packages\engineio\base_server.py:112 - Server initialized for eventlet.
2026-06-23 15:13:10,984 - tzlocal - DEBUG - C:\Users\Yoel Abreu\Documents\epran\Astroweb\AppWeb\env\Lib\site-packages\tzlocal\win32.py:55 - Looking up time zone info from registry
2026-06-23 15:13:10,992 - apscheduler.scheduler - INFO - C:\Users\Yoel Abreu\Documents\epran\Astroweb\AppWeb\env\Lib\site-packages\apscheduler\schedulers\base.py:507 - Adding job tentatively -- it will be properly scheduled when the scheduler starts
2026-06-23 15:13:10,993 - apscheduler.scheduler - INFO - C:\Users\Yoel Abreu\Documents\epran\Astroweb\AppWeb\env\Lib\site-packages\apscheduler\schedulers\base.py:507 - Adding job tentatively -- it will be properly scheduled when the scheduler starts
2026-06-23 15:13:10,993 - apscheduler.scheduler - INFO - C:\Users\Yoel Abreu\Documents\epran\Astroweb\AppWeb\env\Lib\site-packages\apscheduler\schedulers\base.py:507 - Adding job tentatively -- it will be properly scheduled when the scheduler starts
2026-06-23 15:13:11,719 - app - ERROR - C:\Users\Yoel Abreu\Documents\epran\Astroweb\AppWeb\backend\app\__init__.py:408 - ❌ Error WebSocket events: 'charmap' codec can't encode character '\u2705' in position 0: character maps to <undefined>
2026-06-23 15:13:11,723 - app.socket_chat - INFO - C:\Users\Yoel Abreu\Documents\epran\Astroweb\AppWeb\backend\app\socket_chat.py:382 - ✅ Event handlers del chat de ANALISTA registrados en /chat
2026-06-23 15:13:11,724 - app - INFO - C:\Users\Yoel Abreu\Documents\epran\Astroweb\AppWeb\backend\app\__init__.py:413 - ✅ Chat ANALISTA registrado en /chat
2026-06-23 15:13:11,725 - app - INFO - C:\Users\Yoel Abreu\Documents\epran\Astroweb\AppWeb\backend\app\__init__.py:420 - ✅ Chat CLIENTE registrado en /chat_cliente
2026-06-23 15:13:11,726 - app.socket_chat_grupo - INFO - C:\Users\Yoel Abreu\Documents\epran\Astroweb\AppWeb\backend\app\socket_chat_grupo.py:177 - ✅ Handlers del chat de GRUPOS registrados en /chat_grupo
2026-06-23 15:13:11,727 - app - INFO - C:\Users\Yoel Abreu\Documents\epran\Astroweb\AppWeb\backend\app\__init__.py:427 - ✅ Chat GRUPOS registrado en /chat_grupo
2026-06-23 15:13:12,654 - app - ERROR - C:\Users\Yoel Abreu\Documents\epran\Astroweb\AppWeb\backend\app\utils\database.py:396 - [DB] Error tras 3 intentos: ('42S22', "[42S22] [Microsoft][ODBC Driver 17 for SQL Server][SQL Server]Invalid column name 'nombre_usuario'. (207) (SQLExecDirectW); [42S22] [Microsoft][ODBC Driver 17 for SQL Server][SQL Server]Invalid column name 'nombre_usuario'. (207)") — Query: SELECT id_usuario, nombre_usuario, rol, id_analista FROM usuarios WHERE nombre_usuario LIKE '%luis%'
2026-06-23 15:13:34,833 - engineio.server - INFO - C:\Users\Yoel Abreu\Documents\epran\Astroweb\AppWeb\env\Lib\site-packages\engineio\base_server.py:112 - Server initialized for eventlet.
2026-06-23 15:13:34,833 - tzlocal - DEBUG - C:\Users\Yoel Abreu\Documents\epran\Astroweb\AppWeb\env\Lib\site-packages\tzlocal\win32.py:55 - Looking up time zone info from registry
2026-06-23 15:13:34,841 - apscheduler.scheduler - INFO - C:\Users\Yoel Abreu\Documents\epran\Astroweb\AppWeb\env\Lib\site-packages\apscheduler\schedulers\base.py:507 - Adding job tentatively -- it will be properly scheduled when the scheduler starts
2026-06-23 15:13:34,841 - apscheduler.scheduler - INFO - C:\Users\Yoel Abreu\Documents\epran\Astroweb\AppWeb\env\Lib\site-packages\apscheduler\schedulers\base.py:507 - Adding job tentatively -- it will be properly scheduled when the scheduler starts
2026-06-23 15:13:34,841 - apscheduler.scheduler - INFO - C:\Users\Yoel Abreu\Documents\epran\Astroweb\AppWeb\env\Lib\site-packages\apscheduler\schedulers\base.py:507 - Adding job tentatively -- it will be properly scheduled when the scheduler starts
2026-06-23 15:13:35,576 - app - ERROR - C:\Users\Yoel Abreu\Documents\epran\Astroweb\AppWeb\backend\app\__init__.py:408 - ❌ Error WebSocket events: 'charmap' codec can't encode character '\u2705' in position 0: character maps to <undefined>
2026-06-23 15:13:35,580 - app.socket_chat - INFO - C:\Users\Yoel Abreu\Documents\epran\Astroweb\AppWeb\backend\app\socket_chat.py:382 - ✅ Event handlers del chat de ANALISTA registrados en /chat
2026-06-23 15:13:35,581 - app - INFO - C:\Users\Yoel Abreu\Documents\epran\Astroweb\AppWeb\backend\app\__init__.py:413 - ✅ Chat ANALISTA registrado en /chat
2026-06-23 15:13:35,583 - app - INFO - C:\Users\Yoel Abreu\Documents\epran\Astroweb\AppWeb\backend\app\__init__.py:420 - ✅ Chat CLIENTE registrado en /chat_cliente
2026-06-23 15:13:35,584 - app.socket_chat_grupo - INFO - C:\Users\Yoel Abreu\Documents\epran\Astroweb\AppWeb\backend\app\socket_chat_grupo.py:177 - ✅ Handlers del chat de GRUPOS registrados en /chat_grupo
2026-06-23 15:13:35,585 - app - INFO - C:\Users\Yoel Abreu\Documents\epran\Astroweb\AppWeb\backend\app\__init__.py:427 - ✅ Chat GRUPOS registrado en /chat_grupo
2026-06-23 15:14:01,034 - engineio.server - INFO - C:\Users\Yoel Abreu\Documents\epran\Astroweb\AppWeb\env\Lib\site-packages\engineio\base_server.py:112 - Server initialized for eventlet.
2026-06-23 15:14:01,035 - tzlocal - DEBUG - C:\Users\Yoel Abreu\Documents\epran\Astroweb\AppWeb\env\Lib\site-packages\tzlocal\win32.py:55 - Looking up time zone info from registry
2026-06-23 15:14:01,044 - apscheduler.scheduler - INFO - C:\Users\Yoel Abreu\Documents\epran\Astroweb\AppWeb\env\Lib\site-packages\apscheduler\schedulers\base.py:507 - Adding job tentatively -- it will be properly scheduled when the scheduler starts
2026-06-23 15:14:01,044 - apscheduler.scheduler - INFO - C:\Users\Yoel Abreu\Documents\epran\Astroweb\AppWeb\env\Lib\site-packages\apscheduler\schedulers\base.py:507 - Adding job tentatively -- it will be properly scheduled when the scheduler starts
2026-06-23 15:14:01,044 - apscheduler.scheduler - INFO - C:\Users\Yoel Abreu\Documents\epran\Astroweb\AppWeb\env\Lib\site-packages\apscheduler\schedulers\base.py:507 - Adding job tentatively -- it will be properly scheduled when the scheduler starts
2026-06-23 15:14:01,790 - app - ERROR - C:\Users\Yoel Abreu\Documents\epran\Astroweb\AppWeb\backend\app\__init__.py:408 - ❌ Error WebSocket events: 'charmap' codec can't encode character '\u2705' in position 0: character maps to <undefined>
2026-06-23 15:14:01,793 - app.socket_chat - INFO - C:\Users\Yoel Abreu\Documents\epran\Astroweb\AppWeb\backend\app\socket_chat.py:382 - ✅ Event handlers del chat de ANALISTA registrados en /chat
2026-06-23 15:14:01,794 - app - INFO - C:\Users\Yoel Abreu\Documents\epran\Astroweb\AppWeb\backend\app\__init__.py:413 - ✅ Chat ANALISTA registrado en /chat
2026-06-23 15:14:01,795 - app - INFO - C:\Users\Yoel Abreu\Documents\epran\Astroweb\AppWeb\backend\app\__init__.py:420 - ✅ Chat CLIENTE registrado en /chat_cliente
2026-06-23 15:14:01,796 - app.socket_chat_grupo - INFO - C:\Users\Yoel Abreu\Documents\epran\Astroweb\AppWeb\backend\app\socket_chat_grupo.py:177 - ✅ Handlers del chat de GRUPOS registrados en /chat_grupo
2026-06-23 15:14:01,798 - app - INFO - C:\Users\Yoel Abreu\Documents\epran\Astroweb\AppWeb\backend\app\__init__.py:427 - ✅ Chat GRUPOS registrado en /chat_grupo
2026-06-23 15:14:23,607 - engineio.server - INFO - C:\Users\Yoel Abreu\Documents\epran\Astroweb\AppWeb\env\Lib\site-packages\engineio\base_server.py:112 - Server initialized for eventlet.
2026-06-23 15:14:23,608 - tzlocal - DEBUG - C:\Users\Yoel Abreu\Documents\epran\Astroweb\AppWeb\env\Lib\site-packages\tzlocal\win32.py:55 - Looking up time zone info from registry
2026-06-23 15:14:23,615 - apscheduler.scheduler - INFO - C:\Users\Yoel Abreu\Documents\epran\Astroweb\AppWeb\env\Lib\site-packages\apscheduler\schedulers\base.py:507 - Adding job tentatively -- it will be properly scheduled when the scheduler starts
2026-06-23 15:14:23,615 - apscheduler.scheduler - INFO - C:\Users\Yoel Abreu\Documents\epran\Astroweb\AppWeb\env\Lib\site-packages\apscheduler\schedulers\base.py:507 - Adding job tentatively -- it will be properly scheduled when the scheduler starts
2026-06-23 15:14:23,616 - apscheduler.scheduler - INFO - C:\Users\Yoel Abreu\Documents\epran\Astroweb\AppWeb\env\Lib\site-packages\apscheduler\schedulers\base.py:507 - Adding job tentatively -- it will be properly scheduled when the scheduler starts
2026-06-23 15:14:24,370 - app - ERROR - C:\Users\Yoel Abreu\Documents\epran\Astroweb\AppWeb\backend\app\__init__.py:408 - ❌ Error WebSocket events: 'charmap' codec can't encode character '\u2705' in position 0: character maps to <undefined>
2026-06-23 15:14:24,373 - app.socket_chat - INFO - C:\Users\Yoel Abreu\Documents\epran\Astroweb\AppWeb\backend\app\socket_chat.py:382 - ✅ Event handlers del chat de ANALISTA registrados en /chat
2026-06-23 15:14:24,374 - app - INFO - C:\Users\Yoel Abreu\Documents\epran\Astroweb\AppWeb\backend\app\__init__.py:413 - ✅ Chat ANALISTA registrado en /chat
2026-06-23 15:14:24,375 - app - INFO - C:\Users\Yoel Abreu\Documents\epran\Astroweb\AppWeb\backend\app\__init__.py:420 - ✅ Chat CLIENTE registrado en /chat_cliente
2026-06-23 15:14:24,376 - app.socket_chat_grupo - INFO - C:\Users\Yoel Abreu\Documents\epran\Astroweb\AppWeb\backend\app\socket_chat_grupo.py:177 - ✅ Handlers del chat de GRUPOS registrados en /chat_grupo
2026-06-23 15:14:24,377 - app - INFO - C:\Users\Yoel Abreu\Documents\epran\Astroweb\AppWeb\backend\app\__init__.py:427 - ✅ Chat GRUPOS registrado en /chat_grupo
2026-06-23 15:14:52,231 - engineio.server - INFO - C:\Users\Yoel Abreu\Documents\epran\Astroweb\AppWeb\env\Lib\site-packages\engineio\base_server.py:112 - Server initialized for eventlet.
2026-06-23 15:14:52,232 - tzlocal - DEBUG - C:\Users\Yoel Abreu\Documents\epran\Astroweb\AppWeb\env\Lib\site-packages\tzlocal\win32.py:55 - Looking up time zone info from registry
2026-06-23 15:14:52,240 - apscheduler.scheduler - INFO - C:\Users\Yoel Abreu\Documents\epran\Astroweb\AppWeb\env\Lib\site-packages\apscheduler\schedulers\base.py:507 - Adding job tentatively -- it will be properly scheduled when the scheduler starts
2026-06-23 15:14:52,240 - apscheduler.scheduler - INFO - C:\Users\Yoel Abreu\Documents\epran\Astroweb\AppWeb\env\Lib\site-packages\apscheduler\schedulers\base.py:507 - Adding job tentatively -- it will be properly scheduled when the scheduler starts
2026-06-23 15:14:52,240 - apscheduler.scheduler - INFO - C:\Users\Yoel Abreu\Documents\epran\Astroweb\AppWeb\env\Lib\site-packages\apscheduler\schedulers\base.py:507 - Adding job tentatively -- it will be properly scheduled when the scheduler starts
2026-06-23 15:14:52,961 - app - ERROR - C:\Users\Yoel Abreu\Documents\epran\Astroweb\AppWeb\backend\app\__init__.py:408 - ❌ Error WebSocket events: 'charmap' codec can't encode character '\u2705' in position 0: character maps to <undefined>
2026-06-23 15:14:52,963 - app.socket_chat - INFO - C:\Users\Yoel Abreu\Documents\epran\Astroweb\AppWeb\backend\app\socket_chat.py:382 - ✅ Event handlers del chat de ANALISTA registrados en /chat
2026-06-23 15:14:52,964 - app - INFO - C:\Users\Yoel Abreu\Documents\epran\Astroweb\AppWeb\backend\app\__init__.py:413 - ✅ Chat ANALISTA registrado en /chat
2026-06-23 15:14:52,966 - app - INFO - C:\Users\Yoel Abreu\Documents\epran\Astroweb\AppWeb\backend\app\__init__.py:420 - ✅ Chat CLIENTE registrado en /chat_cliente
2026-06-23 15:14:52,967 - app.socket_chat_grupo - INFO - C:\Users\Yoel Abreu\Documents\epran\Astroweb\AppWeb\backend\app\socket_chat_grupo.py:177 - ✅ Handlers del chat de GRUPOS registrados en /chat_grupo
2026-06-23 15:14:52,968 - app - INFO - C:\Users\Yoel Abreu\Documents\epran\Astroweb\AppWeb\backend\app\__init__.py:427 - ✅ Chat GRUPOS registrado en /chat_grupo
2026-06-23 15:15:43,697 - engineio.server - INFO - C:\Users\Yoel Abreu\Documents\epran\Astroweb\AppWeb\env\Lib\site-packages\engineio\base_server.py:112 - Server initialized for eventlet.
2026-06-23 15:15:43,698 - tzlocal - DEBUG - C:\Users\Yoel Abreu\Documents\epran\Astroweb\AppWeb\env\Lib\site-packages\tzlocal\win32.py:55 - Looking up time zone info from registry
2026-06-23 15:15:43,706 - apscheduler.scheduler - INFO - C:\Users\Yoel Abreu\Documents\epran\Astroweb\AppWeb\env\Lib\site-packages\apscheduler\schedulers\base.py:507 - Adding job tentatively -- it will be properly scheduled when the scheduler starts
2026-06-23 15:15:43,706 - apscheduler.scheduler - INFO - C:\Users\Yoel Abreu\Documents\epran\Astroweb\AppWeb\env\Lib\site-packages\apscheduler\schedulers\base.py:507 - Adding job tentatively -- it will be properly scheduled when the scheduler starts
2026-06-23 15:15:43,706 - apscheduler.scheduler - INFO - C:\Users\Yoel Abreu\Documents\epran\Astroweb\AppWeb\env\Lib\site-packages\apscheduler\schedulers\base.py:507 - Adding job tentatively -- it will be properly scheduled when the scheduler starts
2026-06-23 15:15:44,483 - app - ERROR - C:\Users\Yoel Abreu\Documents\epran\Astroweb\AppWeb\backend\app\__init__.py:408 - ❌ Error WebSocket events: 'charmap' codec can't encode character '\u2705' in position 0: character maps to <undefined>
2026-06-23 15:15:44,487 - app.socket_chat - INFO - C:\Users\Yoel Abreu\Documents\epran\Astroweb\AppWeb\backend\app\socket_chat.py:382 - ✅ Event handlers del chat de ANALISTA registrados en /chat
2026-06-23 15:15:44,488 - app - INFO - C:\Users\Yoel Abreu\Documents\epran\Astroweb\AppWeb\backend\app\__init__.py:413 - ✅ Chat ANALISTA registrado en /chat
2026-06-23 15:15:44,490 - app - INFO - C:\Users\Yoel Abreu\Documents\epran\Astroweb\AppWeb\backend\app\__init__.py:420 - ✅ Chat CLIENTE registrado en /chat_cliente
2026-06-23 15:15:44,492 - app.socket_chat_grupo - INFO - C:\Users\Yoel Abreu\Documents\epran\Astroweb\AppWeb\backend\app\socket_chat_grupo.py:177 - ✅ Handlers del chat de GRUPOS registrados en /chat_grupo
2026-06-23 15:15:44,493 - app - INFO - C:\Users\Yoel Abreu\Documents\epran\Astroweb\AppWeb\backend\app\__init__.py:427 - ✅ Chat GRUPOS registrado en /chat_grupo
2026-06-23 15:15:45,537 - app - ERROR - C:\Users\Yoel Abreu\Documents\epran\Astroweb\AppWeb\backend\app\utils\database.py:396 - [DB] Error tras 3 intentos: ('42S02', "[42S02] [Microsoft][ODBC Driver 17 for SQL Server][SQL Server]Invalid object name 'analista'. (208) (SQLExecDirectW)") — Query: SELECT * FROM analista WHERE id_analista = 22
2026-06-23 15:17:07,783 - engineio.server - INFO - C:\Users\Yoel Abreu\Documents\epran\Astroweb\AppWeb\env\Lib\site-packages\engineio\base_server.py:112 - Server initialized for eventlet.
2026-06-23 15:17:07,784 - tzlocal - DEBUG - C:\Users\Yoel Abreu\Documents\epran\Astroweb\AppWeb\env\Lib\site-packages\tzlocal\win32.py:55 - Looking up time zone info from registry
2026-06-23 15:17:07,792 - apscheduler.scheduler - INFO - C:\Users\Yoel Abreu\Documents\epran\Astroweb\AppWeb\env\Lib\site-packages\apscheduler\schedulers\base.py:507 - Adding job tentatively -- it will be properly scheduled when the scheduler starts
2026-06-23 15:17:07,793 - apscheduler.scheduler - INFO - C:\Users\Yoel Abreu\Documents\epran\Astroweb\AppWeb\env\Lib\site-packages\apscheduler\schedulers\base.py:507 - Adding job tentatively -- it will be properly scheduled when the scheduler starts
2026-06-23 15:17:07,793 - apscheduler.scheduler - INFO - C:\Users\Yoel Abreu\Documents\epran\Astroweb\AppWeb\env\Lib\site-packages\apscheduler\schedulers\base.py:507 - Adding job tentatively -- it will be properly scheduled when the scheduler starts
2026-06-23 15:17:08,639 - app - ERROR - C:\Users\Yoel Abreu\Documents\epran\Astroweb\AppWeb\backend\app\__init__.py:408 - ❌ Error WebSocket events: 'charmap' codec can't encode character '\u2705' in position 0: character maps to <undefined>
2026-06-23 15:17:08,643 - app.socket_chat - INFO - C:\Users\Yoel Abreu\Documents\epran\Astroweb\AppWeb\backend\app\socket_chat.py:382 - ✅ Event handlers del chat de ANALISTA registrados en /chat
2026-06-23 15:17:08,644 - app - INFO - C:\Users\Yoel Abreu\Documents\epran\Astroweb\AppWeb\backend\app\__init__.py:413 - ✅ Chat ANALISTA registrado en /chat
2026-06-23 15:17:08,646 - app - INFO - C:\Users\Yoel Abreu\Documents\epran\Astroweb\AppWeb\backend\app\__init__.py:420 - ✅ Chat CLIENTE registrado en /chat_cliente
2026-06-23 15:17:08,648 - app.socket_chat_grupo - INFO - C:\Users\Yoel Abreu\Documents\epran\Astroweb\AppWeb\backend\app\socket_chat_grupo.py:177 - ✅ Handlers del chat de GRUPOS registrados en /chat_grupo
2026-06-23 15:17:08,649 - app - INFO - C:\Users\Yoel Abreu\Documents\epran\Astroweb\AppWeb\backend\app\__init__.py:427 - ✅ Chat GRUPOS registrado en /chat_grupo
2026-06-23 15:17:35,586 - engineio.server - INFO - C:\Users\Yoel Abreu\Documents\epran\Astroweb\AppWeb\env\Lib\site-packages\engineio\base_server.py:112 - Server initialized for eventlet.
2026-06-23 15:17:35,587 - tzlocal - DEBUG - C:\Users\Yoel Abreu\Documents\epran\Astroweb\AppWeb\env\Lib\site-packages\tzlocal\win32.py:55 - Looking up time zone info from registry
2026-06-23 15:17:35,594 - apscheduler.scheduler - INFO - C:\Users\Yoel Abreu\Documents\epran\Astroweb\AppWeb\env\Lib\site-packages\apscheduler\schedulers\base.py:507 - Adding job tentatively -- it will be properly scheduled when the scheduler starts
2026-06-23 15:17:35,595 - apscheduler.scheduler - INFO - C:\Users\Yoel Abreu\Documents\epran\Astroweb\AppWeb\env\Lib\site-packages\apscheduler\schedulers\base.py:507 - Adding job tentatively -- it will be properly scheduled when the scheduler starts
2026-06-23 15:17:35,595 - apscheduler.scheduler - INFO - C:\Users\Yoel Abreu\Documents\epran\Astroweb\AppWeb\env\Lib\site-packages\apscheduler\schedulers\base.py:507 - Adding job tentatively -- it will be properly scheduled when the scheduler starts
2026-06-23 15:17:36,301 - app - ERROR - C:\Users\Yoel Abreu\Documents\epran\Astroweb\AppWeb\backend\app\__init__.py:408 - ❌ Error WebSocket events: 'charmap' codec can't encode character '\u2705' in position 0: character maps to <undefined>
2026-06-23 15:17:36,305 - app.socket_chat - INFO - C:\Users\Yoel Abreu\Documents\epran\Astroweb\AppWeb\backend\app\socket_chat.py:382 - ✅ Event handlers del chat de ANALISTA registrados en /chat
2026-06-23 15:17:36,306 - app - INFO - C:\Users\Yoel Abreu\Documents\epran\Astroweb\AppWeb\backend\app\__init__.py:413 - ✅ Chat ANALISTA registrado en /chat
2026-06-23 15:17:36,307 - app - INFO - C:\Users\Yoel Abreu\Documents\epran\Astroweb\AppWeb\backend\app\__init__.py:420 - ✅ Chat CLIENTE registrado en /chat_cliente
2026-06-23 15:17:36,308 - app.socket_chat_grupo - INFO - C:\Users\Yoel Abreu\Documents\epran\Astroweb\AppWeb\backend\app\socket_chat_grupo.py:177 - ✅ Handlers del chat de GRUPOS registrados en /chat_grupo
2026-06-23 15:17:36,309 - app - INFO - C:\Users\Yoel Abreu\Documents\epran\Astroweb\AppWeb\backend\app\__init__.py:427 - ✅ Chat GRUPOS registrado en /chat_grupo
2026-06-23 15:19:13,064 - engineio.server - INFO - C:\Users\Yoel Abreu\Documents\epran\Astroweb\AppWeb\env\Lib\site-packages\engineio\base_server.py:112 - Server initialized for eventlet.
2026-06-23 15:19:13,065 - tzlocal - DEBUG - C:\Users\Yoel Abreu\Documents\epran\Astroweb\AppWeb\env\Lib\site-packages\tzlocal\win32.py:55 - Looking up time zone info from registry
2026-06-23 15:19:13,073 - apscheduler.scheduler - INFO - C:\Users\Yoel Abreu\Documents\epran\Astroweb\AppWeb\env\Lib\site-packages\apscheduler\schedulers\base.py:507 - Adding job tentatively -- it will be properly scheduled when the scheduler starts
2026-06-23 15:19:13,073 - apscheduler.scheduler - INFO - C:\Users\Yoel Abreu\Documents\epran\Astroweb\AppWeb\env\Lib\site-packages\apscheduler\schedulers\base.py:507 - Adding job tentatively -- it will be properly scheduled when the scheduler starts
2026-06-23 15:19:13,074 - apscheduler.scheduler - INFO - C:\Users\Yoel Abreu\Documents\epran\Astroweb\AppWeb\env\Lib\site-packages\apscheduler\schedulers\base.py:507 - Adding job tentatively -- it will be properly scheduled when the scheduler starts
2026-06-23 15:19:13,801 - app - ERROR - C:\Users\Yoel Abreu\Documents\epran\Astroweb\AppWeb\backend\app\__init__.py:408 - ❌ Error WebSocket events: 'charmap' codec can't encode character '\u2705' in position 0: character maps to <undefined>
2026-06-23 15:19:13,804 - app.socket_chat - INFO - C:\Users\Yoel Abreu\Documents\epran\Astroweb\AppWeb\backend\app\socket_chat.py:382 - ✅ Event handlers del chat de ANALISTA registrados en /chat
2026-06-23 15:19:13,805 - app - INFO - C:\Users\Yoel Abreu\Documents\epran\Astroweb\AppWeb\backend\app\__init__.py:413 - ✅ Chat ANALISTA registrado en /chat
2026-06-23 15:19:13,806 - app - INFO - C:\Users\Yoel Abreu\Documents\epran\Astroweb\AppWeb\backend\app\__init__.py:420 - ✅ Chat CLIENTE registrado en /chat_cliente
2026-06-23 15:19:13,807 - app.socket_chat_grupo - INFO - C:\Users\Yoel Abreu\Documents\epran\Astroweb\AppWeb\backend\app\socket_chat_grupo.py:177 - ✅ Handlers del chat de GRUPOS registrados en /chat_grupo
2026-06-23 15:19:13,808 - app - INFO - C:\Users\Yoel Abreu\Documents\epran\Astroweb\AppWeb\backend\app\__init__.py:427 - ✅ Chat GRUPOS registrado en /chat_grupo
2026-06-23 15:23:07,196 - engineio.server - INFO - C:\Users\Yoel Abreu\Documents\epran\Astroweb\AppWeb\env\Lib\site-packages\engineio\base_server.py:112 - Server initialized for eventlet.
2026-06-23 15:23:07,197 - tzlocal - DEBUG - C:\Users\Yoel Abreu\Documents\epran\Astroweb\AppWeb\env\Lib\site-packages\tzlocal\win32.py:55 - Looking up time zone info from registry
2026-06-23 15:23:07,206 - apscheduler.scheduler - INFO - C:\Users\Yoel Abreu\Documents\epran\Astroweb\AppWeb\env\Lib\site-packages\apscheduler\schedulers\base.py:507 - Adding job tentatively -- it will be properly scheduled when the scheduler starts
2026-06-23 15:23:07,206 - apscheduler.scheduler - INFO - C:\Users\Yoel Abreu\Documents\epran\Astroweb\AppWeb\env\Lib\site-packages\apscheduler\schedulers\base.py:507 - Adding job tentatively -- it will be properly scheduled when the scheduler starts
2026-06-23 15:23:07,206 - apscheduler.scheduler - INFO - C:\Users\Yoel Abreu\Documents\epran\Astroweb\AppWeb\env\Lib\site-packages\apscheduler\schedulers\base.py:507 - Adding job tentatively -- it will be properly scheduled when the scheduler starts
2026-06-23 15:23:07,919 - app - ERROR - C:\Users\Yoel Abreu\Documents\epran\Astroweb\AppWeb\backend\app\__init__.py:408 - ❌ Error WebSocket events: 'charmap' codec can't encode character '\u2705' in position 0: character maps to <undefined>
2026-06-23 15:23:07,922 - app.socket_chat - INFO - C:\Users\Yoel Abreu\Documents\epran\Astroweb\AppWeb\backend\app\socket_chat.py:382 - ✅ Event handlers del chat de ANALISTA registrados en /chat
2026-06-23 15:23:07,923 - app - INFO - C:\Users\Yoel Abreu\Documents\epran\Astroweb\AppWeb\backend\app\__init__.py:413 - ✅ Chat ANALISTA registrado en /chat
2026-06-23 15:23:07,924 - app - INFO - C:\Users\Yoel Abreu\Documents\epran\Astroweb\AppWeb\backend\app\__init__.py:420 - ✅ Chat CLIENTE registrado en /chat_cliente
2026-06-23 15:23:07,925 - app.socket_chat_grupo - INFO - C:\Users\Yoel Abreu\Documents\epran\Astroweb\AppWeb\backend\app\socket_chat_grupo.py:177 - ✅ Handlers del chat de GRUPOS registrados en /chat_grupo
2026-06-23 15:23:07,926 - app - INFO - C:\Users\Yoel Abreu\Documents\epran\Astroweb\AppWeb\backend\app\__init__.py:427 - ✅ Chat GRUPOS registrado en /chat_grupo
2026-06-23 15:23:08,820 - app - ERROR - C:\Users\Yoel Abreu\Documents\epran\Astroweb\AppWeb\backend\app\utils\database.py:396 - [DB] Error tras 3 intentos: ('42S22', "[42S22] [Microsoft][ODBC Driver 17 for SQL Server][SQL Server]Invalid column name 'nombre'. (207) (SQLExecDirectW); [42S22] [Microsoft][ODBC Driver 17 for SQL Server][SQL Server]Invalid column name 'nombre'. (207); [42S22] [Microsoft][ODBC Driver 17 for SQL Server][SQL Server]Invalid column name 'nombre'. (207); [42S22] [Microsoft][ODBC Driver 17 for SQL Server][SQL Server]Invalid column name 'id_cliente'. (207)") — Query: SELECT id_analista, nombre, id_cliente FROM ANALISTAS WHERE LOWER(nombre) LIKE '%luis%' OR LOWER(nombre) LIKE '%useche%'
2026-06-23 15:23:31,478 - engineio.server - INFO - C:\Users\Yoel Abreu\Documents\epran\Astroweb\AppWeb\env\Lib\site-packages\engineio\base_server.py:112 - Server initialized for eventlet.
2026-06-23 15:23:31,478 - tzlocal - DEBUG - C:\Users\Yoel Abreu\Documents\epran\Astroweb\AppWeb\env\Lib\site-packages\tzlocal\win32.py:55 - Looking up time zone info from registry
2026-06-23 15:23:31,487 - apscheduler.scheduler - INFO - C:\Users\Yoel Abreu\Documents\epran\Astroweb\AppWeb\env\Lib\site-packages\apscheduler\schedulers\base.py:507 - Adding job tentatively -- it will be properly scheduled when the scheduler starts
2026-06-23 15:23:31,487 - apscheduler.scheduler - INFO - C:\Users\Yoel Abreu\Documents\epran\Astroweb\AppWeb\env\Lib\site-packages\apscheduler\schedulers\base.py:507 - Adding job tentatively -- it will be properly scheduled when the scheduler starts
2026-06-23 15:23:31,487 - apscheduler.scheduler - INFO - C:\Users\Yoel Abreu\Documents\epran\Astroweb\AppWeb\env\Lib\site-packages\apscheduler\schedulers\base.py:507 - Adding job tentatively -- it will be properly scheduled when the scheduler starts
2026-06-23 15:23:32,203 - app - ERROR - C:\Users\Yoel Abreu\Documents\epran\Astroweb\AppWeb\backend\app\__init__.py:408 - ❌ Error WebSocket events: 'charmap' codec can't encode character '\u2705' in position 0: character maps to <undefined>
2026-06-23 15:23:32,206 - app.socket_chat - INFO - C:\Users\Yoel Abreu\Documents\epran\Astroweb\AppWeb\backend\app\socket_chat.py:382 - ✅ Event handlers del chat de ANALISTA registrados en /chat
2026-06-23 15:23:32,207 - app - INFO - C:\Users\Yoel Abreu\Documents\epran\Astroweb\AppWeb\backend\app\__init__.py:413 - ✅ Chat ANALISTA registrado en /chat
2026-06-23 15:23:32,208 - app - INFO - C:\Users\Yoel Abreu\Documents\epran\Astroweb\AppWeb\backend\app\__init__.py:420 - ✅ Chat CLIENTE registrado en /chat_cliente
2026-06-23 15:23:32,210 - app.socket_chat_grupo - INFO - C:\Users\Yoel Abreu\Documents\epran\Astroweb\AppWeb\backend\app\socket_chat_grupo.py:177 - ✅ Handlers del chat de GRUPOS registrados en /chat_grupo
2026-06-23 15:23:32,211 - app - INFO - C:\Users\Yoel Abreu\Documents\epran\Astroweb\AppWeb\backend\app\__init__.py:427 - ✅ Chat GRUPOS registrado en /chat_grupo
2026-06-23 15:25:01,980 - engineio.server - INFO - C:\Users\Yoel Abreu\Documents\epran\Astroweb\AppWeb\env\Lib\site-packages\engineio\base_server.py:112 - Server initialized for eventlet.
2026-06-23 15:25:01,981 - tzlocal - DEBUG - C:\Users\Yoel Abreu\Documents\epran\Astroweb\AppWeb\env\Lib\site-packages\tzlocal\win32.py:55 - Looking up time zone info from registry
2026-06-23 15:25:01,988 - apscheduler.scheduler - INFO - C:\Users\Yoel Abreu\Documents\epran\Astroweb\AppWeb\env\Lib\site-packages\apscheduler\schedulers\base.py:507 - Adding job tentatively -- it will be properly scheduled when the scheduler starts
2026-06-23 15:25:01,989 - apscheduler.scheduler - INFO - C:\Users\Yoel Abreu\Documents\epran\Astroweb\AppWeb\env\Lib\site-packages\apscheduler\schedulers\base.py:507 - Adding job tentatively -- it will be properly scheduled when the scheduler starts
2026-06-23 15:25:01,989 - apscheduler.scheduler - INFO - C:\Users\Yoel Abreu\Documents\epran\Astroweb\AppWeb\env\Lib\site-packages\apscheduler\schedulers\base.py:507 - Adding job tentatively -- it will be properly scheduled when the scheduler starts
2026-06-23 15:25:02,700 - app - ERROR - C:\Users\Yoel Abreu\Documents\epran\Astroweb\AppWeb\backend\app\__init__.py:408 - ❌ Error WebSocket events: 'charmap' codec can't encode character '\u2705' in position 0: character maps to <undefined>
2026-06-23 15:25:02,703 - app.socket_chat - INFO - C:\Users\Yoel Abreu\Documents\epran\Astroweb\AppWeb\backend\app\socket_chat.py:382 - ✅ Event handlers del chat de ANALISTA registrados en /chat
2026-06-23 15:25:02,704 - app - INFO - C:\Users\Yoel Abreu\Documents\epran\Astroweb\AppWeb\backend\app\__init__.py:413 - ✅ Chat ANALISTA registrado en /chat
2026-06-23 15:25:02,705 - app - INFO - C:\Users\Yoel Abreu\Documents\epran\Astroweb\AppWeb\backend\app\__init__.py:420 - ✅ Chat CLIENTE registrado en /chat_cliente
2026-06-23 15:25:02,706 - app.socket_chat_grupo - INFO - C:\Users\Yoel Abreu\Documents\epran\Astroweb\AppWeb\backend\app\socket_chat_grupo.py:177 - ✅ Handlers del chat de GRUPOS registrados en /chat_grupo
2026-06-23 15:25:02,707 - app - INFO - C:\Users\Yoel Abreu\Documents\epran\Astroweb\AppWeb\backend\app\__init__.py:427 - ✅ Chat GRUPOS registrado en /chat_grupo
2026-06-23 15:26:39,417 - engineio.server - INFO - C:\Users\Yoel Abreu\Documents\epran\Astroweb\AppWeb\env\Lib\site-packages\engineio\base_server.py:112 - Server initialized for eventlet.
2026-06-23 15:26:39,417 - tzlocal - DEBUG - C:\Users\Yoel Abreu\Documents\epran\Astroweb\AppWeb\env\Lib\site-packages\tzlocal\win32.py:55 - Looking up time zone info from registry
2026-06-23 15:26:39,427 - apscheduler.scheduler - INFO - C:\Users\Yoel Abreu\Documents\epran\Astroweb\AppWeb\env\Lib\site-packages\apscheduler\schedulers\base.py:507 - Adding job tentatively -- it will be properly scheduled when the scheduler starts
2026-06-23 15:26:39,427 - apscheduler.scheduler - INFO - C:\Users\Yoel Abreu\Documents\epran\Astroweb\AppWeb\env\Lib\site-packages\apscheduler\schedulers\base.py:507 - Adding job tentatively -- it will be properly scheduled when the scheduler starts
2026-06-23 15:26:39,427 - apscheduler.scheduler - INFO - C:\Users\Yoel Abreu\Documents\epran\Astroweb\AppWeb\env\Lib\site-packages\apscheduler\schedulers\base.py:507 - Adding job tentatively -- it will be properly scheduled when the scheduler starts
2026-06-23 15:26:40,138 - app - ERROR - C:\Users\Yoel Abreu\Documents\epran\Astroweb\AppWeb\backend\app\__init__.py:408 - ❌ Error WebSocket events: 'charmap' codec can't encode character '\u2705' in position 0: character maps to <undefined>
2026-06-23 15:26:40,141 - app.socket_chat - INFO - C:\Users\Yoel Abreu\Documents\epran\Astroweb\AppWeb\backend\app\socket_chat.py:382 - ✅ Event handlers del chat de ANALISTA registrados en /chat
2026-06-23 15:26:40,142 - app - INFO - C:\Users\Yoel Abreu\Documents\epran\Astroweb\AppWeb\backend\app\__init__.py:413 - ✅ Chat ANALISTA registrado en /chat
2026-06-23 15:26:40,144 - app - INFO - C:\Users\Yoel Abreu\Documents\epran\Astroweb\AppWeb\backend\app\__init__.py:420 - ✅ Chat CLIENTE registrado en /chat_cliente
2026-06-23 15:26:40,145 - app.socket_chat_grupo - INFO - C:\Users\Yoel Abreu\Documents\epran\Astroweb\AppWeb\backend\app\socket_chat_grupo.py:177 - ✅ Handlers del chat de GRUPOS registrados en /chat_grupo
2026-06-23 15:26:40,146 - app - INFO - C:\Users\Yoel Abreu\Documents\epran\Astroweb\AppWeb\backend\app\__init__.py:427 - ✅ Chat GRUPOS registrado en /chat_grupo
2026-06-23 15:29:58,131 - engineio.server - INFO - C:\Users\Yoel Abreu\Documents\epran\Astroweb\AppWeb\env\Lib\site-packages\engineio\base_server.py:112 - Server initialized for eventlet.
2026-06-23 15:29:58,132 - tzlocal - DEBUG - C:\Users\Yoel Abreu\Documents\epran\Astroweb\AppWeb\env\Lib\site-packages\tzlocal\win32.py:55 - Looking up time zone info from registry
2026-06-23 15:29:58,139 - apscheduler.scheduler - INFO - C:\Users\Yoel Abreu\Documents\epran\Astroweb\AppWeb\env\Lib\site-packages\apscheduler\schedulers\base.py:507 - Adding job tentatively -- it will be properly scheduled when the scheduler starts
2026-06-23 15:29:58,139 - apscheduler.scheduler - INFO - C:\Users\Yoel Abreu\Documents\epran\Astroweb\AppWeb\env\Lib\site-packages\apscheduler\schedulers\base.py:507 - Adding job tentatively -- it will be properly scheduled when the scheduler starts
2026-06-23 15:29:58,140 - apscheduler.scheduler - INFO - C:\Users\Yoel Abreu\Documents\epran\Astroweb\AppWeb\env\Lib\site-packages\apscheduler\schedulers\base.py:507 - Adding job tentatively -- it will be properly scheduled when the scheduler starts
2026-06-23 15:29:58,873 - app - ERROR - C:\Users\Yoel Abreu\Documents\epran\Astroweb\AppWeb\backend\app\__init__.py:408 - ❌ Error WebSocket events: 'charmap' codec can't encode character '\u2705' in position 0: character maps to <undefined>
2026-06-23 15:29:58,876 - app.socket_chat - INFO - C:\Users\Yoel Abreu\Documents\epran\Astroweb\AppWeb\backend\app\socket_chat.py:382 - ✅ Event handlers del chat de ANALISTA registrados en /chat
2026-06-23 15:29:58,877 - app - INFO - C:\Users\Yoel Abreu\Documents\epran\Astroweb\AppWeb\backend\app\__init__.py:413 - ✅ Chat ANALISTA registrado en /chat
2026-06-23 15:29:58,878 - app - INFO - C:\Users\Yoel Abreu\Documents\epran\Astroweb\AppWeb\backend\app\__init__.py:420 - ✅ Chat CLIENTE registrado en /chat_cliente
2026-06-23 15:29:58,879 - app.socket_chat_grupo - INFO - C:\Users\Yoel Abreu\Documents\epran\Astroweb\AppWeb\backend\app\socket_chat_grupo.py:177 - ✅ Handlers del chat de GRUPOS registrados en /chat_grupo
2026-06-23 15:29:58,881 - app - INFO - C:\Users\Yoel Abreu\Documents\epran\Astroweb\AppWeb\backend\app\__init__.py:427 - ✅ Chat GRUPOS registrado en /chat_grupo
2026-06-23 15:50:21,148 - apscheduler.executors.default - INFO - C:\Users\Yoel Abreu\Documents\epran\Astroweb\AppWeb\env\Lib\site-packages\apscheduler\executors\base.py:129 - Running job "Ejecutar cambios futuros de rutas (trigger: interval[1:00:00], next run at: 2026-06-23 15:50:21 -04)" (scheduled at 2026-06-23 15:50:21.138250-04:00)
2026-06-23 15:50:21,148 - app - INFO - C:\Users\Yoel Abreu\Documents\epran\Astroweb\AppWeb\backend\app\__init__.py:195 - 🔄 [Scheduler] Verificando cambios futuros pendientes...
2026-06-23 15:50:22,081 - app - INFO - C:\Users\Yoel Abreu\Documents\epran\Astroweb\AppWeb\backend\app\__init__.py:210 - ✅ [Scheduler] No hay cambios pendientes
2026-06-23 15:50:22,081 - apscheduler.executors.default - INFO - C:\Users\Yoel Abreu\Documents\epran\Astroweb\AppWeb\env\Lib\site-packages\apscheduler\executors\base.py:156 - Job "Ejecutar cambios futuros de rutas (trigger: interval[1:00:00], next run at: 2026-06-23 16:50:21 -04)" executed successfully
2026-06-23 15:59:11,354 - engineio.server - INFO - C:\Users\Yoel Abreu\Documents\epran\Astroweb\AppWeb\env\Lib\site-packages\engineio\base_server.py:112 - Server initialized for eventlet.
2026-06-23 15:59:11,354 - tzlocal - DEBUG - C:\Users\Yoel Abreu\Documents\epran\Astroweb\AppWeb\env\Lib\site-packages\tzlocal\win32.py:55 - Looking up time zone info from registry
2026-06-23 15:59:11,361 - apscheduler.scheduler - INFO - C:\Users\Yoel Abreu\Documents\epran\Astroweb\AppWeb\env\Lib\site-packages\apscheduler\schedulers\base.py:507 - Adding job tentatively -- it will be properly scheduled when the scheduler starts
2026-06-23 15:59:11,362 - apscheduler.scheduler - INFO - C:\Users\Yoel Abreu\Documents\epran\Astroweb\AppWeb\env\Lib\site-packages\apscheduler\schedulers\base.py:507 - Adding job tentatively -- it will be properly scheduled when the scheduler starts
2026-06-23 15:59:11,362 - apscheduler.scheduler - INFO - C:\Users\Yoel Abreu\Documents\epran\Astroweb\AppWeb\env\Lib\site-packages\apscheduler\schedulers\base.py:507 - Adding job tentatively -- it will be properly scheduled when the scheduler starts
2026-06-23 15:59:12,158 - app - INFO - C:\Users\Yoel Abreu\Documents\epran\Astroweb\AppWeb\backend\app\__init__.py:406 - ✅ WebSocket events registrados
2026-06-23 15:59:12,159 - app.socket_chat - INFO - C:\Users\Yoel Abreu\Documents\epran\Astroweb\AppWeb\backend\app\socket_chat.py:382 - ✅ Event handlers del chat de ANALISTA registrados en /chat
2026-06-23 15:59:12,159 - app - INFO - C:\Users\Yoel Abreu\Documents\epran\Astroweb\AppWeb\backend\app\__init__.py:413 - ✅ Chat ANALISTA registrado en /chat
2026-06-23 15:59:12,160 - app - INFO - C:\Users\Yoel Abreu\Documents\epran\Astroweb\AppWeb\backend\app\__init__.py:420 - ✅ Chat CLIENTE registrado en /chat_cliente
2026-06-23 15:59:12,161 - app.socket_chat_grupo - INFO - C:\Users\Yoel Abreu\Documents\epran\Astroweb\AppWeb\backend\app\socket_chat_grupo.py:177 - ✅ Handlers del chat de GRUPOS registrados en /chat_grupo
2026-06-23 15:59:12,161 - app - INFO - C:\Users\Yoel Abreu\Documents\epran\Astroweb\AppWeb\backend\app\__init__.py:427 - ✅ Chat GRUPOS registrado en /chat_grupo
2026-06-23 15:59:12,161 - apscheduler.scheduler - INFO - C:\Users\Yoel Abreu\Documents\epran\Astroweb\AppWeb\env\Lib\site-packages\apscheduler\schedulers\base.py:1090 - Added job "Ejecutar cambios futuros de rutas" to job store "default"
2026-06-23 15:59:12,162 - apscheduler.scheduler - INFO - C:\Users\Yoel Abreu\Documents\epran\Astroweb\AppWeb\env\Lib\site-packages\apscheduler\schedulers\base.py:1090 - Added job "Auto-desactivar PDVs + alertar supervisores (19:00)" to job store "default"
2026-06-23 15:59:12,162 - apscheduler.scheduler - INFO - C:\Users\Yoel Abreu\Documents\epran\Astroweb\AppWeb\env\Lib\site-packages\apscheduler\schedulers\base.py:1090 - Added job "Recordatorio push: PDVs sin cerrar (18:30)" to job store "default"
2026-06-23 15:59:12,162 - apscheduler.scheduler - INFO - C:\Users\Yoel Abreu\Documents\epran\Astroweb\AppWeb\env\Lib\site-packages\apscheduler\schedulers\base.py:214 - Scheduler started
2026-06-23 15:59:12,162 - app - INFO - C:\Users\Yoel Abreu\Documents\epran\Astroweb\AppWeb\backend\run.py:233 - ✅ APScheduler iniciado - Intervalo: 60 minutos
2026-06-23 16:59:11,367 - apscheduler.executors.default - INFO - C:\Users\Yoel Abreu\Documents\epran\Astroweb\AppWeb\env\Lib\site-packages\apscheduler\executors\base.py:129 - Running job "Ejecutar cambios futuros de rutas (trigger: interval[1:00:00], next run at: 2026-06-23 16:59:11 -04)" (scheduled at 2026-06-23 16:59:11.361893-04:00)
2026-06-23 16:59:11,367 - app - INFO - C:\Users\Yoel Abreu\Documents\epran\Astroweb\AppWeb\backend\app\__init__.py:195 - 🔄 [Scheduler] Verificando cambios futuros pendientes...
2026-06-23 16:59:12,250 - app - INFO - C:\Users\Yoel Abreu\Documents\epran\Astroweb\AppWeb\backend\app\__init__.py:221 - 📤 [Scheduler] Ejecutando 4: UPDATE en Ruta T51
2026-06-23 16:59:12,653 - app - INFO - C:\Users\Yoel Abreu\Documents\epran\Astroweb\AppWeb\backend\app\__init__.py:275 - ✅ [Scheduler] 1 ejecutados | 0 errores
2026-06-23 16:59:12,653 - apscheduler.executors.default - INFO - C:\Users\Yoel Abreu\Documents\epran\Astroweb\AppWeb\env\Lib\site-packages\apscheduler\executors\base.py:156 - Job "Ejecutar cambios futuros de rutas (trigger: interval[1:00:00], next run at: 2026-06-23 17:59:11 -04)" executed successfully
2026-06-23 17:59:11,382 - apscheduler.executors.default - INFO - C:\Users\Yoel Abreu\Documents\epran\Astroweb\AppWeb\env\Lib\site-packages\apscheduler\executors\base.py:129 - Running job "Ejecutar cambios futuros de rutas (trigger: interval[1:00:00], next run at: 2026-06-23 18:59:11 -04)" (scheduled at 2026-06-23 17:59:11.361893-04:00)
2026-06-23 17:59:11,385 - app - INFO - C:\Users\Yoel Abreu\Documents\epran\Astroweb\AppWeb\backend\app\__init__.py:195 - 🔄 [Scheduler] Verificando cambios futuros pendientes...
2026-06-23 17:59:12,787 - app - INFO - C:\Users\Yoel Abreu\Documents\epran\Astroweb\AppWeb\backend\app\__init__.py:210 - ✅ [Scheduler] No hay cambios pendientes
2026-06-23 17:59:12,788 - apscheduler.executors.default - INFO - C:\Users\Yoel Abreu\Documents\epran\Astroweb\AppWeb\env\Lib\site-packages\apscheduler\executors\base.py:156 - Job "Ejecutar cambios futuros de rutas (trigger: interval[1:00:00], next run at: 2026-06-23 18:59:11 -04)" executed successfully
2026-06-23 18:30:00,017 - apscheduler.executors.default - INFO - C:\Users\Yoel Abreu\Documents\epran\Astroweb\AppWeb\env\Lib\site-packages\apscheduler\executors\base.py:129 - Running job "Recordatorio push: PDVs sin cerrar (18:30) (trigger: cron[hour='18', minute='30'], next run at: 2026-06-24 18:30:00 -04)" (scheduled at 2026-06-23 18:30:00-04:00)
2026-06-23 18:30:00,817 - app.utils.push_service - ERROR - C:\Users\Yoel Abreu\Documents\epran\Astroweb\AppWeb\backend\app\utils\push_service.py:101 - pywebpush no instalado. Ejecutar: pip install pywebpush --break-system-packages
2026-06-23 18:30:00,817 - app - INFO - C:\Users\Yoel Abreu\Documents\epran\Astroweb\AppWeb\backend\app\routes\pdv_auto_desactivacion.py:261 -   📲 recordatorio enviado a Heinild Urbina (18330774) — 1 PDV(s)
2026-06-23 18:30:00,818 - app.utils.push_service - ERROR - C:\Users\Yoel Abreu\Documents\epran\Astroweb\AppWeb\backend\app\utils\push_service.py:101 - pywebpush no instalado. Ejecutar: pip install pywebpush --break-system-packages
2026-06-23 18:30:00,818 - app - INFO - C:\Users\Yoel Abreu\Documents\epran\Astroweb\AppWeb\backend\app\routes\pdv_auto_desactivacion.py:261 -   📲 recordatorio enviado a Henderson Oropeza (30774901) — 1 PDV(s)
2026-06-23 18:30:00,819 - app.utils.push_service - ERROR - C:\Users\Yoel Abreu\Documents\epran\Astroweb\AppWeb\backend\app\utils\push_service.py:101 - pywebpush no instalado. Ejecutar: pip install pywebpush --break-system-packages
2026-06-23 18:30:00,819 - app - INFO - C:\Users\Yoel Abreu\Documents\epran\Astroweb\AppWeb\backend\app\routes\pdv_auto_desactivacion.py:261 -   📲 recordatorio enviado a Adriana Guillen (20777089) — 1 PDV(s)
2026-06-23 18:30:00,820 - app.utils.push_service - ERROR - C:\Users\Yoel Abreu\Documents\epran\Astroweb\AppWeb\backend\app\utils\push_service.py:101 - pywebpush no instalado. Ejecutar: pip install pywebpush --break-system-packages
2026-06-23 18:30:00,820 - app - INFO - C:\Users\Yoel Abreu\Documents\epran\Astroweb\AppWeb\backend\app\routes\pdv_auto_desactivacion.py:261 -   📲 recordatorio enviado a Ricardo Torres (30139637) — 1 PDV(s)
2026-06-23 18:30:00,821 - app.utils.push_service - ERROR - C:\Users\Yoel Abreu\Documents\epran\Astroweb\AppWeb\backend\app\utils\push_service.py:101 - pywebpush no instalado. Ejecutar: pip install pywebpush --break-system-packages
2026-06-23 18:30:00,821 - app - INFO - C:\Users\Yoel Abreu\Documents\epran\Astroweb\AppWeb\backend\app\routes\pdv_auto_desactivacion.py:261 -   📲 recordatorio enviado a Adolfo Molero (25974163) — 3 PDV(s)
2026-06-23 18:30:00,822 - app.utils.push_service - ERROR - C:\Users\Yoel Abreu\Documents\epran\Astroweb\AppWeb\backend\app\utils\push_service.py:101 - pywebpush no instalado. Ejecutar: pip install pywebpush --break-system-packages
2026-06-23 18:30:00,822 - app - INFO - C:\Users\Yoel Abreu\Documents\epran\Astroweb\AppWeb\backend\app\routes\pdv_auto_desactivacion.py:261 -   📲 recordatorio enviado a Yannys Porras (16982373) — 1 PDV(s)
2026-06-23 18:30:00,823 - app.utils.push_service - ERROR - C:\Users\Yoel Abreu\Documents\epran\Astroweb\AppWeb\backend\app\utils\push_service.py:101 - pywebpush no instalado. Ejecutar: pip install pywebpush --break-system-packages
2026-06-23 18:30:00,823 - app - INFO - C:\Users\Yoel Abreu\Documents\epran\Astroweb\AppWeb\backend\app\routes\pdv_auto_desactivacion.py:261 -   📲 recordatorio enviado a Rikardo Perez (31496252) — 2 PDV(s)
2026-06-23 18:30:00,824 - app.utils.push_service - ERROR - C:\Users\Yoel Abreu\Documents\epran\Astroweb\AppWeb\backend\app\utils\push_service.py:101 - pywebpush no instalado. Ejecutar: pip install pywebpush --break-system-packages
2026-06-23 18:30:00,824 - app - INFO - C:\Users\Yoel Abreu\Documents\epran\Astroweb\AppWeb\backend\app\routes\pdv_auto_desactivacion.py:261 -   📲 recordatorio enviado a Johana Perez (19332778) — 1 PDV(s)
2026-06-23 18:30:00,824 - app.utils.push_service - ERROR - C:\Users\Yoel Abreu\Documents\epran\Astroweb\AppWeb\backend\app\utils\push_service.py:101 - pywebpush no instalado. Ejecutar: pip install pywebpush --break-system-packages
2026-06-23 18:30:00,825 - app - INFO - C:\Users\Yoel Abreu\Documents\epran\Astroweb\AppWeb\backend\app\routes\pdv_auto_desactivacion.py:261 -   📲 recordatorio enviado a Jose Angulo (31999325) — 1 PDV(s)
2026-06-23 18:30:00,826 - app.utils.push_service - ERROR - C:\Users\Yoel Abreu\Documents\epran\Astroweb\AppWeb\backend\app\utils\push_service.py:101 - pywebpush no instalado. Ejecutar: pip install pywebpush --break-system-packages
2026-06-23 18:30:00,826 - app - INFO - C:\Users\Yoel Abreu\Documents\epran\Astroweb\AppWeb\backend\app\routes\pdv_auto_desactivacion.py:261 -   📲 recordatorio enviado a Farfan Jose (16555572) — 1 PDV(s)
2026-06-23 18:30:00,827 - app.utils.push_service - ERROR - C:\Users\Yoel Abreu\Documents\epran\Astroweb\AppWeb\backend\app\utils\push_service.py:101 - pywebpush no instalado. Ejecutar: pip install pywebpush --break-system-packages
2026-06-23 18:30:00,827 - app - INFO - C:\Users\Yoel Abreu\Documents\epran\Astroweb\AppWeb\backend\app\routes\pdv_auto_desactivacion.py:261 -   📲 recordatorio enviado a Moros Everlin (24884651) — 2 PDV(s)
2026-06-23 18:30:00,828 - app.utils.push_service - ERROR - C:\Users\Yoel Abreu\Documents\epran\Astroweb\AppWeb\backend\app\utils\push_service.py:101 - pywebpush no instalado. Ejecutar: pip install pywebpush --break-system-packages
2026-06-23 18:30:00,828 - app - INFO - C:\Users\Yoel Abreu\Documents\epran\Astroweb\AppWeb\backend\app\routes\pdv_auto_desactivacion.py:261 -   📲 recordatorio enviado a Juan Luis Croquer (29920301) — 1 PDV(s)
2026-06-23 18:30:00,828 - app.utils.push_service - ERROR - C:\Users\Yoel Abreu\Documents\epran\Astroweb\AppWeb\backend\app\utils\push_service.py:101 - pywebpush no instalado. Ejecutar: pip install pywebpush --break-system-packages
2026-06-23 18:30:00,829 - app - INFO - C:\Users\Yoel Abreu\Documents\epran\Astroweb\AppWeb\backend\app\routes\pdv_auto_desactivacion.py:261 -   📲 recordatorio enviado a MANUEL SERRANO (20976313) — 1 PDV(s)
2026-06-23 18:30:00,829 - app.utils.push_service - ERROR - C:\Users\Yoel Abreu\Documents\epran\Astroweb\AppWeb\backend\app\utils\push_service.py:101 - pywebpush no instalado. Ejecutar: pip install pywebpush --break-system-packages
2026-06-23 18:30:00,829 - app - INFO - C:\Users\Yoel Abreu\Documents\epran\Astroweb\AppWeb\backend\app\routes\pdv_auto_desactivacion.py:261 -   📲 recordatorio enviado a LEONARDO BARRIOS (18365933) — 4 PDV(s)
2026-06-23 18:30:00,830 - app.utils.push_service - ERROR - C:\Users\Yoel Abreu\Documents\epran\Astroweb\AppWeb\backend\app\utils\push_service.py:101 - pywebpush no instalado. Ejecutar: pip install pywebpush --break-system-packages
2026-06-23 18:30:00,830 - app - INFO - C:\Users\Yoel Abreu\Documents\epran\Astroweb\AppWeb\backend\app\routes\pdv_auto_desactivacion.py:261 -   📲 recordatorio enviado a LAURYMAR ASCANIO (32671683) — 1 PDV(s)
2026-06-23 18:30:00,831 - app.utils.push_service - ERROR - C:\Users\Yoel Abreu\Documents\epran\Astroweb\AppWeb\backend\app\utils\push_service.py:101 - pywebpush no instalado. Ejecutar: pip install pywebpush --break-system-packages
2026-06-23 18:30:00,831 - app - INFO - C:\Users\Yoel Abreu\Documents\epran\Astroweb\AppWeb\backend\app\routes\pdv_auto_desactivacion.py:261 -   📲 recordatorio enviado a YUSMARY VIERA (25232325) — 1 PDV(s)
2026-06-23 18:30:00,832 - app.utils.push_service - ERROR - C:\Users\Yoel Abreu\Documents\epran\Astroweb\AppWeb\backend\app\utils\push_service.py:101 - pywebpush no instalado. Ejecutar: pip install pywebpush --break-system-packages
2026-06-23 18:30:00,832 - app - INFO - C:\Users\Yoel Abreu\Documents\epran\Astroweb\AppWeb\backend\app\routes\pdv_auto_desactivacion.py:261 -   📲 recordatorio enviado a ALEJANDRO MACHADO (31201149) — 1 PDV(s)
2026-06-23 18:30:00,832 - app.utils.push_service - ERROR - C:\Users\Yoel Abreu\Documents\epran\Astroweb\AppWeb\backend\app\utils\push_service.py:101 - pywebpush no instalado. Ejecutar: pip install pywebpush --break-system-packages
2026-06-23 18:30:00,833 - app - INFO - C:\Users\Yoel Abreu\Documents\epran\Astroweb\AppWeb\backend\app\routes\pdv_auto_desactivacion.py:261 -   📲 recordatorio enviado a ANDERSON BELLO (22036676) — 1 PDV(s)
2026-06-23 18:30:00,833 - app.utils.push_service - ERROR - C:\Users\Yoel Abreu\Documents\epran\Astroweb\AppWeb\backend\app\utils\push_service.py:101 - pywebpush no instalado. Ejecutar: pip install pywebpush --break-system-packages
2026-06-23 18:30:00,834 - app - INFO - C:\Users\Yoel Abreu\Documents\epran\Astroweb\AppWeb\backend\app\routes\pdv_auto_desactivacion.py:261 -   📲 recordatorio enviado a GABRIEL BARRETO (18022138) — 2 PDV(s)
2026-06-23 18:30:00,834 - app.utils.push_service - ERROR - C:\Users\Yoel Abreu\Documents\epran\Astroweb\AppWeb\backend\app\utils\push_service.py:101 - pywebpush no instalado. Ejecutar: pip install pywebpush --break-system-packages
2026-06-23 18:30:00,835 - app - INFO - C:\Users\Yoel Abreu\Documents\epran\Astroweb\AppWeb\backend\app\routes\pdv_auto_desactivacion.py:261 -   📲 recordatorio enviado a DEBRA CANACHE (20839795) — 1 PDV(s)
2026-06-23 18:30:00,835 - app.utils.push_service - ERROR - C:\Users\Yoel Abreu\Documents\epran\Astroweb\AppWeb\backend\app\utils\push_service.py:101 - pywebpush no instalado. Ejecutar: pip install pywebpush --break-system-packages
2026-06-23 18:30:00,835 - app - INFO - C:\Users\Yoel Abreu\Documents\epran\Astroweb\AppWeb\backend\app\routes\pdv_auto_desactivacion.py:261 -   📲 recordatorio enviado a DAIBERT FRANQUIZ (29883554) — 1 PDV(s)
2026-06-23 18:30:00,836 - app.utils.push_service - ERROR - C:\Users\Yoel Abreu\Documents\epran\Astroweb\AppWeb\backend\app\utils\push_service.py:101 - pywebpush no instalado. Ejecutar: pip install pywebpush --break-system-packages
2026-06-23 18:30:00,836 - app - INFO - C:\Users\Yoel Abreu\Documents\epran\Astroweb\AppWeb\backend\app\routes\pdv_auto_desactivacion.py:261 -   📲 recordatorio enviado a DAYANA RODRIGUEZ (20028209) — 1 PDV(s)
2026-06-23 18:30:00,837 - app.utils.push_service - ERROR - C:\Users\Yoel Abreu\Documents\epran\Astroweb\AppWeb\backend\app\utils\push_service.py:101 - pywebpush no instalado. Ejecutar: pip install pywebpush --break-system-packages
2026-06-23 18:30:00,837 - app - INFO - C:\Users\Yoel Abreu\Documents\epran\Astroweb\AppWeb\backend\app\routes\pdv_auto_desactivacion.py:261 -   📲 recordatorio enviado a ISAMAR LIOTA (19649608) — 3 PDV(s)
2026-06-23 18:30:00,838 - app.utils.push_service - ERROR - C:\Users\Yoel Abreu\Documents\epran\Astroweb\AppWeb\backend\app\utils\push_service.py:101 - pywebpush no instalado. Ejecutar: pip install pywebpush --break-system-packages
2026-06-23 18:30:00,838 - app - INFO - C:\Users\Yoel Abreu\Documents\epran\Astroweb\AppWeb\backend\app\routes\pdv_auto_desactivacion.py:261 -   📲 recordatorio enviado a YOHANDRI MONTESINO (27774807) — 1 PDV(s)
2026-06-23 18:30:00,839 - app.utils.push_service - ERROR - C:\Users\Yoel Abreu\Documents\epran\Astroweb\AppWeb\backend\app\utils\push_service.py:101 - pywebpush no instalado. Ejecutar: pip install pywebpush --break-system-packages
2026-06-23 18:30:00,839 - app - INFO - C:\Users\Yoel Abreu\Documents\epran\Astroweb\AppWeb\backend\app\routes\pdv_auto_desactivacion.py:261 -   📲 recordatorio enviado a YORGEISI MARTINEZ (29501184) — 3 PDV(s)
2026-06-23 18:30:00,840 - app.utils.push_service - ERROR - C:\Users\Yoel Abreu\Documents\epran\Astroweb\AppWeb\backend\app\utils\push_service.py:101 - pywebpush no instalado. Ejecutar: pip install pywebpush --break-system-packages
2026-06-23 18:30:00,840 - app - INFO - C:\Users\Yoel Abreu\Documents\epran\Astroweb\AppWeb\backend\app\routes\pdv_auto_desactivacion.py:261 -   📲 recordatorio enviado a RICARDO MARTINEZ (32794235) — 1 PDV(s)
2026-06-23 18:30:00,840 - app.utils.push_service - ERROR - C:\Users\Yoel Abreu\Documents\epran\Astroweb\AppWeb\backend\app\utils\push_service.py:101 - pywebpush no instalado. Ejecutar: pip install pywebpush --break-system-packages
2026-06-23 18:30:00,841 - app - INFO - C:\Users\Yoel Abreu\Documents\epran\Astroweb\AppWeb\backend\app\routes\pdv_auto_desactivacion.py:261 -   📲 recordatorio enviado a BRYAN CONTRERAS (27344971) — 1 PDV(s)
2026-06-23 18:30:00,842 - app.utils.push_service - ERROR - C:\Users\Yoel Abreu\Documents\epran\Astroweb\AppWeb\backend\app\utils\push_service.py:101 - pywebpush no instalado. Ejecutar: pip install pywebpush --break-system-packages
2026-06-23 18:30:00,842 - app - INFO - C:\Users\Yoel Abreu\Documents\epran\Astroweb\AppWeb\backend\app\routes\pdv_auto_desactivacion.py:261 -   📲 recordatorio enviado a Jesus Ramos (26134969) — 3 PDV(s)
2026-06-23 18:30:00,843 - app.utils.push_service - ERROR - C:\Users\Yoel Abreu\Documents\epran\Astroweb\AppWeb\backend\app\utils\push_service.py:101 - pywebpush no instalado. Ejecutar: pip install pywebpush --break-system-packages
2026-06-23 18:30:00,843 - app - INFO - C:\Users\Yoel Abreu\Documents\epran\Astroweb\AppWeb\backend\app\routes\pdv_auto_desactivacion.py:261 -   📲 recordatorio enviado a Carlos Mendoza (30412349) — 1 PDV(s)
2026-06-23 18:30:00,843 - app.utils.push_service - ERROR - C:\Users\Yoel Abreu\Documents\epran\Astroweb\AppWeb\backend\app\utils\push_service.py:101 - pywebpush no instalado. Ejecutar: pip install pywebpush --break-system-packages
2026-06-23 18:30:00,844 - app - INFO - C:\Users\Yoel Abreu\Documents\epran\Astroweb\AppWeb\backend\app\routes\pdv_auto_desactivacion.py:261 -   📲 recordatorio enviado a Surimar Ríos (28286081) — 2 PDV(s)
2026-06-23 18:30:00,845 - app.utils.push_service - ERROR - C:\Users\Yoel Abreu\Documents\epran\Astroweb\AppWeb\backend\app\utils\push_service.py:101 - pywebpush no instalado. Ejecutar: pip install pywebpush --break-system-packages
2026-06-23 18:30:00,845 - app - INFO - C:\Users\Yoel Abreu\Documents\epran\Astroweb\AppWeb\backend\app\routes\pdv_auto_desactivacion.py:261 -   📲 recordatorio enviado a LUIBERTH PEREZ (31699232) — 3 PDV(s)
2026-06-23 18:30:00,846 - app.utils.push_service - ERROR - C:\Users\Yoel Abreu\Documents\epran\Astroweb\AppWeb\backend\app\utils\push_service.py:101 - pywebpush no instalado. Ejecutar: pip install pywebpush --break-system-packages
2026-06-23 18:30:00,852 - app - INFO - C:\Users\Yoel Abreu\Documents\epran\Astroweb\AppWeb\backend\app\routes\pdv_auto_desactivacion.py:261 -   📲 recordatorio enviado a ORIANA VALERA (31264041) — 1 PDV(s)
2026-06-23 18:30:00,853 - app.utils.push_service - ERROR - C:\Users\Yoel Abreu\Documents\epran\Astroweb\AppWeb\backend\app\utils\push_service.py:101 - pywebpush no instalado. Ejecutar: pip install pywebpush --break-system-packages
2026-06-23 18:30:00,853 - app - INFO - C:\Users\Yoel Abreu\Documents\epran\Astroweb\AppWeb\backend\app\routes\pdv_auto_desactivacion.py:261 -   📲 recordatorio enviado a Sharon Borges (24237748) — 1 PDV(s)
2026-06-23 18:30:00,854 - app.utils.push_service - ERROR - C:\Users\Yoel Abreu\Documents\epran\Astroweb\AppWeb\backend\app\utils\push_service.py:101 - pywebpush no instalado. Ejecutar: pip install pywebpush --break-system-packages
2026-06-23 18:30:00,854 - app - INFO - C:\Users\Yoel Abreu\Documents\epran\Astroweb\AppWeb\backend\app\routes\pdv_auto_desactivacion.py:261 -   📲 recordatorio enviado a Reyshel Valdez (31561943) — 1 PDV(s)
2026-06-23 18:30:00,854 - app.utils.push_service - ERROR - C:\Users\Yoel Abreu\Documents\epran\Astroweb\AppWeb\backend\app\utils\push_service.py:101 - pywebpush no instalado. Ejecutar: pip install pywebpush --break-system-packages
2026-06-23 18:30:00,855 - app - INFO - C:\Users\Yoel Abreu\Documents\epran\Astroweb\AppWeb\backend\app\routes\pdv_auto_desactivacion.py:261 -   📲 recordatorio enviado a Mariana Cavaliere (30470323) — 1 PDV(s)
2026-06-23 18:30:00,855 - app.utils.push_service - ERROR - C:\Users\Yoel Abreu\Documents\epran\Astroweb\AppWeb\backend\app\utils\push_service.py:101 - pywebpush no instalado. Ejecutar: pip install pywebpush --break-system-packages
2026-06-23 18:30:00,855 - app - INFO - C:\Users\Yoel Abreu\Documents\epran\Astroweb\AppWeb\backend\app\routes\pdv_auto_desactivacion.py:261 -   📲 recordatorio enviado a CRISTIAN IZAGUIRRE (29784105) — 1 PDV(s)
2026-06-23 18:30:00,856 - app.utils.push_service - ERROR - C:\Users\Yoel Abreu\Documents\epran\Astroweb\AppWeb\backend\app\utils\push_service.py:101 - pywebpush no instalado. Ejecutar: pip install pywebpush --break-system-packages
2026-06-23 18:30:00,856 - app - INFO - C:\Users\Yoel Abreu\Documents\epran\Astroweb\AppWeb\backend\app\routes\pdv_auto_desactivacion.py:261 -   📲 recordatorio enviado a JUAN HERRERA (30165475) — 1 PDV(s)
2026-06-23 18:30:00,857 - app.utils.push_service - ERROR - C:\Users\Yoel Abreu\Documents\epran\Astroweb\AppWeb\backend\app\utils\push_service.py:101 - pywebpush no instalado. Ejecutar: pip install pywebpush --break-system-packages
2026-06-23 18:30:00,857 - app - INFO - C:\Users\Yoel Abreu\Documents\epran\Astroweb\AppWeb\backend\app\routes\pdv_auto_desactivacion.py:261 -   📲 recordatorio enviado a JULIO OCHOA (18708918) — 2 PDV(s)
2026-06-23 18:30:00,857 - app.utils.push_service - ERROR - C:\Users\Yoel Abreu\Documents\epran\Astroweb\AppWeb\backend\app\utils\push_service.py:101 - pywebpush no instalado. Ejecutar: pip install pywebpush --break-system-packages
2026-06-23 18:30:00,858 - app - INFO - C:\Users\Yoel Abreu\Documents\epran\Astroweb\AppWeb\backend\app\routes\pdv_auto_desactivacion.py:261 -   📲 recordatorio enviado a OSMARKI JORDAN (25218769) — 1 PDV(s)
2026-06-23 18:30:00,859 - app.utils.push_service - ERROR - C:\Users\Yoel Abreu\Documents\epran\Astroweb\AppWeb\backend\app\utils\push_service.py:101 - pywebpush no instalado. Ejecutar: pip install pywebpush --break-system-packages
2026-06-23 18:30:00,859 - app - INFO - C:\Users\Yoel Abreu\Documents\epran\Astroweb\AppWeb\backend\app\routes\pdv_auto_desactivacion.py:261 -   📲 recordatorio enviado a REIMARLYS ARRAIZ (27333284) — 1 PDV(s)
2026-06-23 18:30:00,859 - app.utils.push_service - ERROR - C:\Users\Yoel Abreu\Documents\epran\Astroweb\AppWeb\backend\app\utils\push_service.py:101 - pywebpush no instalado. Ejecutar: pip install pywebpush --break-system-packages
2026-06-23 18:30:00,859 - app - INFO - C:\Users\Yoel Abreu\Documents\epran\Astroweb\AppWeb\backend\app\routes\pdv_auto_desactivacion.py:261 -   📲 recordatorio enviado a LUIS DEYAN (24625830) — 1 PDV(s)
2026-06-23 18:30:00,860 - app.utils.push_service - ERROR - C:\Users\Yoel Abreu\Documents\epran\Astroweb\AppWeb\backend\app\utils\push_service.py:101 - pywebpush no instalado. Ejecutar: pip install pywebpush --break-system-packages
2026-06-23 18:30:00,860 - app - INFO - C:\Users\Yoel Abreu\Documents\epran\Astroweb\AppWeb\backend\app\routes\pdv_auto_desactivacion.py:261 -   📲 recordatorio enviado a Yanitza Gerdel (23950325) — 2 PDV(s)
2026-06-23 18:30:00,860 - app.utils.push_service - ERROR - C:\Users\Yoel Abreu\Documents\epran\Astroweb\AppWeb\backend\app\utils\push_service.py:101 - pywebpush no instalado. Ejecutar: pip install pywebpush --break-system-packages
2026-06-23 18:30:00,861 - app - INFO - C:\Users\Yoel Abreu\Documents\epran\Astroweb\AppWeb\backend\app\routes\pdv_auto_desactivacion.py:261 -   📲 recordatorio enviado a Manuel Gonzalez (31399913) — 1 PDV(s)
2026-06-23 18:30:00,861 - app - INFO - C:\Users\Yoel Abreu\Documents\epran\Astroweb\AppWeb\backend\app\routes\pdv_auto_desactivacion.py:265 - ✅ [recordatorio 18:30] 2026-06-23: 43/43 notificados
2026-06-23 18:30:00,861 - app - INFO - C:\Users\Yoel Abreu\Documents\epran\Astroweb\AppWeb\backend\app\__init__.py:331 - ⏰ [recordatorio 18:30] {'fecha': '2026-06-23', 'mercaderistas_notificados': 43, 'mercaderistas_pendientes': 43}
2026-06-23 18:30:00,861 - apscheduler.executors.default - INFO - C:\Users\Yoel Abreu\Documents\epran\Astroweb\AppWeb\env\Lib\site-packages\apscheduler\executors\base.py:156 - Job "Recordatorio push: PDVs sin cerrar (18:30) (trigger: cron[hour='18', minute='30'], next run at: 2026-06-24 18:30:00 -04)" executed successfully
2026-06-24 15:01:03,931 - apscheduler.executors.default - WARNING - C:\Users\Yoel Abreu\Documents\epran\Astroweb\AppWeb\env\Lib\site-packages\apscheduler\executors\base.py:126 - Run time of job "Ejecutar cambios futuros de rutas (trigger: interval[1:00:00], next run at: 2026-06-24 15:59:11 -04)" was missed by 0:01:52.568683
2026-06-24 15:01:03,933 - apscheduler.executors.default - WARNING - C:\Users\Yoel Abreu\Documents\epran\Astroweb\AppWeb\env\Lib\site-packages\apscheduler\executors\base.py:126 - Run time of job "Auto-desactivar PDVs + alertar supervisores (19:00) (trigger: cron[hour='19', minute='0'], next run at: 2026-06-23 19:00:00 -04)" was missed by 20:01:03.933226
2026-06-24 15:59:11,372 - apscheduler.executors.default - INFO - C:\Users\Yoel Abreu\Documents\epran\Astroweb\AppWeb\env\Lib\site-packages\apscheduler\executors\base.py:129 - Running job "Ejecutar cambios futuros de rutas (trigger: interval[1:00:00], next run at: 2026-06-24 16:59:11 -04)" (scheduled at 2026-06-24 15:59:11.361893-04:00)
2026-06-24 15:59:11,373 - app - INFO - C:\Users\Yoel Abreu\Documents\epran\Astroweb\AppWeb\backend\app\__init__.py:195 - 🔄 [Scheduler] Verificando cambios futuros pendientes...
2026-06-24 15:59:42,676 - app.utils.database - ERROR - C:\Users\Yoel Abreu\Documents\epran\Astroweb\AppWeb\backend\app\utils\database.py:401 - [DB] Error tras 3 intentos: ('08001', '[08001] [Microsoft][ODBC Driver 17 for SQL Server]TCP Provider: Timeout error [258].  (258) (SQLDriverConnect); [08001] [Microsoft][ODBC Driver 17 for SQL Server]Login timeout expired (0); [08001] [Microsoft][ODBC Driver 17 for SQL Server]Unable to complete login process due to delay in prelogin response (258)') — Query: 
                SELECT
                    id_cambio_futuro, id_programacion, id_ruta,
                    id_punto_interes, id_cliente, dia, prioridad, activa,
                    tipo_cambio, ruta_nombre
                FROM RUTA_PROGRAMACION_CAMBIOS_FUTUROS
                WHERE estado = 'PENDIE
2026-06-24 15:59:42,678 - app - INFO - C:\Users\Yoel Abreu\Documents\epran\Astroweb\AppWeb\backend\app\__init__.py:210 - ✅ [Scheduler] No hay cambios pendientes
2026-06-24 15:59:42,678 - apscheduler.executors.default - INFO - C:\Users\Yoel Abreu\Documents\epran\Astroweb\AppWeb\env\Lib\site-packages\apscheduler\executors\base.py:156 - Job "Ejecutar cambios futuros de rutas (trigger: interval[1:00:00], next run at: 2026-06-24 16:59:11 -04)" executed successfully
2026-06-24 16:59:11,396 - apscheduler.executors.default - INFO - C:\Users\Yoel Abreu\Documents\epran\Astroweb\AppWeb\env\Lib\site-packages\apscheduler\executors\base.py:129 - Running job "Ejecutar cambios futuros de rutas (trigger: interval[1:00:00], next run at: 2026-06-24 17:59:11 -04)" (scheduled at 2026-06-24 16:59:11.361893-04:00)
2026-06-24 16:59:11,400 - app - INFO - C:\Users\Yoel Abreu\Documents\epran\Astroweb\AppWeb\backend\app\__init__.py:195 - 🔄 [Scheduler] Verificando cambios futuros pendientes...
2026-06-24 16:59:42,666 - app.utils.database - ERROR - C:\Users\Yoel Abreu\Documents\epran\Astroweb\AppWeb\backend\app\utils\database.py:401 - [DB] Error tras 3 intentos: ('08001', '[08001] [Microsoft][ODBC Driver 17 for SQL Server]TCP Provider: Timeout error [258].  (258) (SQLDriverConnect); [08001] [Microsoft][ODBC Driver 17 for SQL Server]Login timeout expired (0); [08001] [Microsoft][ODBC Driver 17 for SQL Server]Unable to complete login process due to delay in prelogin response (258)') — Query: 
                SELECT
                    id_cambio_futuro, id_programacion, id_ruta,
                    id_punto_interes, id_cliente, dia, prioridad, activa,
                    tipo_cambio, ruta_nombre
                FROM RUTA_PROGRAMACION_CAMBIOS_FUTUROS
                WHERE estado = 'PENDIE
2026-06-24 16:59:42,668 - app - INFO - C:\Users\Yoel Abreu\Documents\epran\Astroweb\AppWeb\backend\app\__init__.py:210 - ✅ [Scheduler] No hay cambios pendientes
2026-06-24 16:59:42,669 - apscheduler.executors.default - INFO - C:\Users\Yoel Abreu\Documents\epran\Astroweb\AppWeb\env\Lib\site-packages\apscheduler\executors\base.py:156 - Job "Ejecutar cambios futuros de rutas (trigger: interval[1:00:00], next run at: 2026-06-24 17:59:11 -04)" executed successfully
2026-06-24 18:24:02,977 - apscheduler.executors.default - WARNING - C:\Users\Yoel Abreu\Documents\epran\Astroweb\AppWeb\env\Lib\site-packages\apscheduler\executors\base.py:126 - Run time of job "Ejecutar cambios futuros de rutas (trigger: interval[1:00:00], next run at: 2026-06-24 18:59:11 -04)" was missed by 0:24:51.615465
2026-06-24 18:30:00,022 - apscheduler.executors.default - INFO - C:\Users\Yoel Abreu\Documents\epran\Astroweb\AppWeb\env\Lib\site-packages\apscheduler\executors\base.py:129 - Running job "Recordatorio push: PDVs sin cerrar (18:30) (trigger: cron[hour='18', minute='30'], next run at: 2026-06-25 18:30:00 -04)" (scheduled at 2026-06-24 18:30:00-04:00)
2026-06-24 18:30:31,321 - app.utils.database - ERROR - C:\Users\Yoel Abreu\Documents\epran\Astroweb\AppWeb\backend\app\utils\database.py:401 - [DB] Error tras 3 intentos: ('08001', '[08001] [Microsoft][ODBC Driver 17 for SQL Server]TCP Provider: Timeout error [258].  (258) (SQLDriverConnect); [08001] [Microsoft][ODBC Driver 17 for SQL Server]Login timeout expired (0); [08001] [Microsoft][ODBC Driver 17 for SQL Server]Unable to complete login process due to delay in prelogin response (258)') — Query: 
        SELECT
            vm.id_mercaderista,
            ISNULL(m.cedula,''),
            ISNULL(m.nombre,''),
            COUNT(DISTINCT vm.identificador_punto_interes) AS pdvs_abiertos
        FROM VISITAS_MERCADERISTA vm
        JOIN MERCADERISTAS m ON m.id_mercaderista = vm.id_mercaderista
  
2026-06-24 18:30:31,324 - app - INFO - C:\Users\Yoel Abreu\Documents\epran\Astroweb\AppWeb\backend\app\routes\pdv_auto_desactivacion.py:239 - 📋 [recordatorio 18:30] 2026-06-24: no hay PDVs pendientes
2026-06-24 18:30:31,324 - app - INFO - C:\Users\Yoel Abreu\Documents\epran\Astroweb\AppWeb\backend\app\__init__.py:331 - ⏰ [recordatorio 18:30] {'fecha': '2026-06-24', 'mercaderistas_notificados': 0}
2026-06-24 18:30:31,325 - apscheduler.executors.default - INFO - C:\Users\Yoel Abreu\Documents\epran\Astroweb\AppWeb\env\Lib\site-packages\apscheduler\executors\base.py:156 - Job "Recordatorio push: PDVs sin cerrar (18:30) (trigger: cron[hour='18', minute='30'], next run at: 2026-06-25 18:30:00 -04)" executed successfully
2026-06-24 21:38:22,864 - apscheduler.executors.default - WARNING - C:\Users\Yoel Abreu\Documents\epran\Astroweb\AppWeb\env\Lib\site-packages\apscheduler\executors\base.py:126 - Run time of job "Ejecutar cambios futuros de rutas (trigger: interval[1:00:00], next run at: 2026-06-24 21:59:11 -04)" was missed by 0:39:11.502444
2026-06-24 21:38:22,865 - apscheduler.executors.default - WARNING - C:\Users\Yoel Abreu\Documents\epran\Astroweb\AppWeb\env\Lib\site-packages\apscheduler\executors\base.py:126 - Run time of job "Auto-desactivar PDVs + alertar supervisores (19:00) (trigger: cron[hour='19', minute='0'], next run at: 2026-06-25 19:00:00 -04)" was missed by 2:38:22.865337
2026-06-24 21:59:11,381 - apscheduler.executors.default - INFO - C:\Users\Yoel Abreu\Documents\epran\Astroweb\AppWeb\env\Lib\site-packages\apscheduler\executors\base.py:129 - Running job "Ejecutar cambios futuros de rutas (trigger: interval[1:00:00], next run at: 2026-06-24 22:59:11 -04)" (scheduled at 2026-06-24 21:59:11.361893-04:00)
2026-06-24 21:59:11,382 - app - INFO - C:\Users\Yoel Abreu\Documents\epran\Astroweb\AppWeb\backend\app\__init__.py:195 - 🔄 [Scheduler] Verificando cambios futuros pendientes...
2026-06-24 22:00:04,021 - app.utils.database - ERROR - C:\Users\Yoel Abreu\Documents\epran\Astroweb\AppWeb\backend\app\utils\database.py:401 - [DB] Error tras 3 intentos: ('08001', '[08001] [Microsoft][ODBC Driver 17 for SQL Server]Named Pipes Provider: Could not open a connection to SQL Server [53].  (53) (SQLDriverConnect); [08001] [Microsoft][ODBC Driver 17 for SQL Server]Login timeout expired (0); [08001] [Microsoft][ODBC Driver 17 for SQL Server]A network-related or instance-specific error has occurred while establishing a connection to SQL Server. Server is not found or not accessible. Check if instance name is correct and if SQL Server is configured to allow remote connections. For more information see SQL Server Books Online. (53)') — Query: 
                SELECT
                    id_cambio_futuro, id_programacion, id_ruta,
                    id_punto_interes, id_cliente, dia, prioridad, activa,
                    tipo_cambio, ruta_nombre
                FROM RUTA_PROGRAMACION_CAMBIOS_FUTUROS
                WHERE estado = 'PENDIE
2026-06-24 22:00:04,021 - app - INFO - C:\Users\Yoel Abreu\Documents\epran\Astroweb\AppWeb\backend\app\__init__.py:210 - ✅ [Scheduler] No hay cambios pendientes
2026-06-24 22:00:04,022 - apscheduler.executors.default - INFO - C:\Users\Yoel Abreu\Documents\epran\Astroweb\AppWeb\env\Lib\site-packages\apscheduler\executors\base.py:156 - Job "Ejecutar cambios futuros de rutas (trigger: interval[1:00:00], next run at: 2026-06-24 22:59:11 -04)" executed successfully
2026-06-24 22:59:11,378 - apscheduler.executors.default - INFO - C:\Users\Yoel Abreu\Documents\epran\Astroweb\AppWeb\env\Lib\site-packages\apscheduler\executors\base.py:129 - Running job "Ejecutar cambios futuros de rutas (trigger: interval[1:00:00], next run at: 2026-06-24 23:59:11 -04)" (scheduled at 2026-06-24 22:59:11.361893-04:00)
2026-06-24 22:59:11,378 - app - INFO - C:\Users\Yoel Abreu\Documents\epran\Astroweb\AppWeb\backend\app\__init__.py:195 - 🔄 [Scheduler] Verificando cambios futuros pendientes...
2026-06-24 23:00:04,048 - app.utils.database - ERROR - C:\Users\Yoel Abreu\Documents\epran\Astroweb\AppWeb\backend\app\utils\database.py:401 - [DB] Error tras 3 intentos: ('08001', '[08001] [Microsoft][ODBC Driver 17 for SQL Server]Named Pipes Provider: Could not open a connection to SQL Server [53].  (53) (SQLDriverConnect); [08001] [Microsoft][ODBC Driver 17 for SQL Server]Login timeout expired (0); [08001] [Microsoft][ODBC Driver 17 for SQL Server]A network-related or instance-specific error has occurred while establishing a connection to SQL Server. Server is not found or not accessible. Check if instance name is correct and if SQL Server is configured to allow remote connections. For more information see SQL Server Books Online. (53)') — Query: 
                SELECT
                    id_cambio_futuro, id_programacion, id_ruta,
                    id_punto_interes, id_cliente, dia, prioridad, activa,
                    tipo_cambio, ruta_nombre
                FROM RUTA_PROGRAMACION_CAMBIOS_FUTUROS
                WHERE estado = 'PENDIE
2026-06-24 23:00:04,049 - app - INFO - C:\Users\Yoel Abreu\Documents\epran\Astroweb\AppWeb\backend\app\__init__.py:210 - ✅ [Scheduler] No hay cambios pendientes
2026-06-24 23:00:04,049 - apscheduler.executors.default - INFO - C:\Users\Yoel Abreu\Documents\epran\Astroweb\AppWeb\env\Lib\site-packages\apscheduler\executors\base.py:156 - Job "Ejecutar cambios futuros de rutas (trigger: interval[1:00:00], next run at: 2026-06-24 23:59:11 -04)" executed successfully
2026-06-24 23:59:11,376 - apscheduler.executors.default - INFO - C:\Users\Yoel Abreu\Documents\epran\Astroweb\AppWeb\env\Lib\site-packages\apscheduler\executors\base.py:129 - Running job "Ejecutar cambios futuros de rutas (trigger: interval[1:00:00], next run at: 2026-06-25 00:59:11 -04)" (scheduled at 2026-06-24 23:59:11.361893-04:00)
2026-06-24 23:59:11,376 - app - INFO - C:\Users\Yoel Abreu\Documents\epran\Astroweb\AppWeb\backend\app\__init__.py:195 - 🔄 [Scheduler] Verificando cambios futuros pendientes...
2026-06-25 00:00:04,034 - app.utils.database - ERROR - C:\Users\Yoel Abreu\Documents\epran\Astroweb\AppWeb\backend\app\utils\database.py:401 - [DB] Error tras 3 intentos: ('08001', '[08001] [Microsoft][ODBC Driver 17 for SQL Server]Named Pipes Provider: Could not open a connection to SQL Server [53].  (53) (SQLDriverConnect); [08001] [Microsoft][ODBC Driver 17 for SQL Server]Login timeout expired (0); [08001] [Microsoft][ODBC Driver 17 for SQL Server]A network-related or instance-specific error has occurred while establishing a connection to SQL Server. Server is not found or not accessible. Check if instance name is correct and if SQL Server is configured to allow remote connections. For more information see SQL Server Books Online. (53)') — Query: 
                SELECT
                    id_cambio_futuro, id_programacion, id_ruta,
                    id_punto_interes, id_cliente, dia, prioridad, activa,
                    tipo_cambio, ruta_nombre
                FROM RUTA_PROGRAMACION_CAMBIOS_FUTUROS
                WHERE estado = 'PENDIE
2026-06-25 00:00:04,035 - app - INFO - C:\Users\Yoel Abreu\Documents\epran\Astroweb\AppWeb\backend\app\__init__.py:210 - ✅ [Scheduler] No hay cambios pendientes
2026-06-25 00:00:04,035 - apscheduler.executors.default - INFO - C:\Users\Yoel Abreu\Documents\epran\Astroweb\AppWeb\env\Lib\site-packages\apscheduler\executors\base.py:156 - Job "Ejecutar cambios futuros de rutas (trigger: interval[1:00:00], next run at: 2026-06-25 00:59:11 -04)" executed successfully
2026-06-25 00:59:11,371 - apscheduler.executors.default - INFO - C:\Users\Yoel Abreu\Documents\epran\Astroweb\AppWeb\env\Lib\site-packages\apscheduler\executors\base.py:129 - Running job "Ejecutar cambios futuros de rutas (trigger: interval[1:00:00], next run at: 2026-06-25 01:59:11 -04)" (scheduled at 2026-06-25 00:59:11.361893-04:00)
2026-06-25 00:59:11,372 - app - INFO - C:\Users\Yoel Abreu\Documents\epran\Astroweb\AppWeb\backend\app\__init__.py:195 - 🔄 [Scheduler] Verificando cambios futuros pendientes...
2026-06-25 01:00:03,995 - app.utils.database - ERROR - C:\Users\Yoel Abreu\Documents\epran\Astroweb\AppWeb\backend\app\utils\database.py:401 - [DB] Error tras 3 intentos: ('08001', '[08001] [Microsoft][ODBC Driver 17 for SQL Server]Named Pipes Provider: Could not open a connection to SQL Server [53].  (53) (SQLDriverConnect); [08001] [Microsoft][ODBC Driver 17 for SQL Server]Login timeout expired (0); [08001] [Microsoft][ODBC Driver 17 for SQL Server]A network-related or instance-specific error has occurred while establishing a connection to SQL Server. Server is not found or not accessible. Check if instance name is correct and if SQL Server is configured to allow remote connections. For more information see SQL Server Books Online. (53)') — Query: 
                SELECT
                    id_cambio_futuro, id_programacion, id_ruta,
                    id_punto_interes, id_cliente, dia, prioridad, activa,
                    tipo_cambio, ruta_nombre
                FROM RUTA_PROGRAMACION_CAMBIOS_FUTUROS
                WHERE estado = 'PENDIE
2026-06-25 01:00:03,996 - app - INFO - C:\Users\Yoel Abreu\Documents\epran\Astroweb\AppWeb\backend\app\__init__.py:210 - ✅ [Scheduler] No hay cambios pendientes
2026-06-25 01:00:03,996 - apscheduler.executors.default - INFO - C:\Users\Yoel Abreu\Documents\epran\Astroweb\AppWeb\env\Lib\site-packages\apscheduler\executors\base.py:156 - Job "Ejecutar cambios futuros de rutas (trigger: interval[1:00:00], next run at: 2026-06-25 01:59:11 -04)" executed successfully
2026-06-25 11:52:28,829 - apscheduler.executors.default - WARNING - C:\Users\Yoel Abreu\Documents\epran\Astroweb\AppWeb\env\Lib\site-packages\apscheduler\executors\base.py:126 - Run time of job "Ejecutar cambios futuros de rutas (trigger: interval[1:00:00], next run at: 2026-06-25 11:59:11 -04)" was missed by 0:53:17.467992
2026-06-25 11:59:11,379 - apscheduler.executors.default - INFO - C:\Users\Yoel Abreu\Documents\epran\Astroweb\AppWeb\env\Lib\site-packages\apscheduler\executors\base.py:129 - Running job "Ejecutar cambios futuros de rutas (trigger: interval[1:00:00], next run at: 2026-06-25 12:59:11 -04)" (scheduled at 2026-06-25 11:59:11.361893-04:00)
2026-06-25 11:59:11,380 - app - INFO - C:\Users\Yoel Abreu\Documents\epran\Astroweb\AppWeb\backend\app\__init__.py:195 - 🔄 [Scheduler] Verificando cambios futuros pendientes...
2026-06-25 12:00:03,995 - app.utils.database - ERROR - C:\Users\Yoel Abreu\Documents\epran\Astroweb\AppWeb\backend\app\utils\database.py:401 - [DB] Error tras 3 intentos: ('08001', '[08001] [Microsoft][ODBC Driver 17 for SQL Server]Named Pipes Provider: Could not open a connection to SQL Server [53].  (53) (SQLDriverConnect); [08001] [Microsoft][ODBC Driver 17 for SQL Server]Login timeout expired (0); [08001] [Microsoft][ODBC Driver 17 for SQL Server]A network-related or instance-specific error has occurred while establishing a connection to SQL Server. Server is not found or not accessible. Check if instance name is correct and if SQL Server is configured to allow remote connections. For more information see SQL Server Books Online. (53)') — Query: 
                SELECT
                    id_cambio_futuro, id_programacion, id_ruta,
                    id_punto_interes, id_cliente, dia, prioridad, activa,
                    tipo_cambio, ruta_nombre
                FROM RUTA_PROGRAMACION_CAMBIOS_FUTUROS
                WHERE estado = 'PENDIE
2026-06-25 12:00:03,995 - app - INFO - C:\Users\Yoel Abreu\Documents\epran\Astroweb\AppWeb\backend\app\__init__.py:210 - ✅ [Scheduler] No hay cambios pendientes
2026-06-25 12:00:03,995 - apscheduler.executors.default - INFO - C:\Users\Yoel Abreu\Documents\epran\Astroweb\AppWeb\env\Lib\site-packages\apscheduler\executors\base.py:156 - Job "Ejecutar cambios futuros de rutas (trigger: interval[1:00:00], next run at: 2026-06-25 12:59:11 -04)" executed successfully
2026-06-25 12:59:11,377 - apscheduler.executors.default - INFO - C:\Users\Yoel Abreu\Documents\epran\Astroweb\AppWeb\env\Lib\site-packages\apscheduler\executors\base.py:129 - Running job "Ejecutar cambios futuros de rutas (trigger: interval[1:00:00], next run at: 2026-06-25 13:59:11 -04)" (scheduled at 2026-06-25 12:59:11.361893-04:00)
2026-06-25 12:59:11,378 - app - INFO - C:\Users\Yoel Abreu\Documents\epran\Astroweb\AppWeb\backend\app\__init__.py:195 - 🔄 [Scheduler] Verificando cambios futuros pendientes...
2026-06-25 13:00:04,008 - app.utils.database - ERROR - C:\Users\Yoel Abreu\Documents\epran\Astroweb\AppWeb\backend\app\utils\database.py:401 - [DB] Error tras 3 intentos: ('08001', '[08001] [Microsoft][ODBC Driver 17 for SQL Server]Named Pipes Provider: Could not open a connection to SQL Server [53].  (53) (SQLDriverConnect); [08001] [Microsoft][ODBC Driver 17 for SQL Server]Login timeout expired (0); [08001] [Microsoft][ODBC Driver 17 for SQL Server]A network-related or instance-specific error has occurred while establishing a connection to SQL Server. Server is not found or not accessible. Check if instance name is correct and if SQL Server is configured to allow remote connections. For more information see SQL Server Books Online. (53)') — Query: 
                SELECT
                    id_cambio_futuro, id_programacion, id_ruta,
                    id_punto_interes, id_cliente, dia, prioridad, activa,
                    tipo_cambio, ruta_nombre
                FROM RUTA_PROGRAMACION_CAMBIOS_FUTUROS
                WHERE estado = 'PENDIE
2026-06-25 13:00:04,008 - app - INFO - C:\Users\Yoel Abreu\Documents\epran\Astroweb\AppWeb\backend\app\__init__.py:210 - ✅ [Scheduler] No hay cambios pendientes
2026-06-25 13:00:04,008 - apscheduler.executors.default - INFO - C:\Users\Yoel Abreu\Documents\epran\Astroweb\AppWeb\env\Lib\site-packages\apscheduler\executors\base.py:156 - Job "Ejecutar cambios futuros de rutas (trigger: interval[1:00:00], next run at: 2026-06-25 13:59:11 -04)" executed successfully
2026-06-25 13:59:11,379 - apscheduler.executors.default - INFO - C:\Users\Yoel Abreu\Documents\epran\Astroweb\AppWeb\env\Lib\site-packages\apscheduler\executors\base.py:129 - Running job "Ejecutar cambios futuros de rutas (trigger: interval[1:00:00], next run at: 2026-06-25 14:59:11 -04)" (scheduled at 2026-06-25 13:59:11.361893-04:00)
2026-06-25 13:59:11,380 - app - INFO - C:\Users\Yoel Abreu\Documents\epran\Astroweb\AppWeb\backend\app\__init__.py:195 - 🔄 [Scheduler] Verificando cambios futuros pendientes...
2026-06-25 14:00:04,005 - app.utils.database - ERROR - C:\Users\Yoel Abreu\Documents\epran\Astroweb\AppWeb\backend\app\utils\database.py:401 - [DB] Error tras 3 intentos: ('08001', '[08001] [Microsoft][ODBC Driver 17 for SQL Server]Named Pipes Provider: Could not open a connection to SQL Server [53].  (53) (SQLDriverConnect); [08001] [Microsoft][ODBC Driver 17 for SQL Server]Login timeout expired (0); [08001] [Microsoft][ODBC Driver 17 for SQL Server]A network-related or instance-specific error has occurred while establishing a connection to SQL Server. Server is not found or not accessible. Check if instance name is correct and if SQL Server is configured to allow remote connections. For more information see SQL Server Books Online. (53)') — Query: 
                SELECT
                    id_cambio_futuro, id_programacion, id_ruta,
                    id_punto_interes, id_cliente, dia, prioridad, activa,
                    tipo_cambio, ruta_nombre
                FROM RUTA_PROGRAMACION_CAMBIOS_FUTUROS
                WHERE estado = 'PENDIE
2026-06-25 14:00:04,005 - app - INFO - C:\Users\Yoel Abreu\Documents\epran\Astroweb\AppWeb\backend\app\__init__.py:210 - ✅ [Scheduler] No hay cambios pendientes
2026-06-25 14:00:04,005 - apscheduler.executors.default - INFO - C:\Users\Yoel Abreu\Documents\epran\Astroweb\AppWeb\env\Lib\site-packages\apscheduler\executors\base.py:156 - Job "Ejecutar cambios futuros de rutas (trigger: interval[1:00:00], next run at: 2026-06-25 14:59:11 -04)" executed successfully
2026-06-25 14:59:11,369 - apscheduler.executors.default - INFO - C:\Users\Yoel Abreu\Documents\epran\Astroweb\AppWeb\env\Lib\site-packages\apscheduler\executors\base.py:129 - Running job "Ejecutar cambios futuros de rutas (trigger: interval[1:00:00], next run at: 2026-06-25 15:59:11 -04)" (scheduled at 2026-06-25 14:59:11.361893-04:00)
2026-06-25 14:59:11,371 - app - INFO - C:\Users\Yoel Abreu\Documents\epran\Astroweb\AppWeb\backend\app\__init__.py:195 - 🔄 [Scheduler] Verificando cambios futuros pendientes...
2026-06-25 15:00:03,983 - app.utils.database - ERROR - C:\Users\Yoel Abreu\Documents\epran\Astroweb\AppWeb\backend\app\utils\database.py:401 - [DB] Error tras 3 intentos: ('08001', '[08001] [Microsoft][ODBC Driver 17 for SQL Server]Named Pipes Provider: Could not open a connection to SQL Server [53].  (53) (SQLDriverConnect); [08001] [Microsoft][ODBC Driver 17 for SQL Server]Login timeout expired (0); [08001] [Microsoft][ODBC Driver 17 for SQL Server]A network-related or instance-specific error has occurred while establishing a connection to SQL Server. Server is not found or not accessible. Check if instance name is correct and if SQL Server is configured to allow remote connections. For more information see SQL Server Books Online. (53)') — Query: 
                SELECT
                    id_cambio_futuro, id_programacion, id_ruta,
                    id_punto_interes, id_cliente, dia, prioridad, activa,
                    tipo_cambio, ruta_nombre
                FROM RUTA_PROGRAMACION_CAMBIOS_FUTUROS
                WHERE estado = 'PENDIE
2026-06-25 15:00:03,983 - app - INFO - C:\Users\Yoel Abreu\Documents\epran\Astroweb\AppWeb\backend\app\__init__.py:210 - ✅ [Scheduler] No hay cambios pendientes
2026-06-25 15:00:03,983 - apscheduler.executors.default - INFO - C:\Users\Yoel Abreu\Documents\epran\Astroweb\AppWeb\env\Lib\site-packages\apscheduler\executors\base.py:156 - Job "Ejecutar cambios futuros de rutas (trigger: interval[1:00:00], next run at: 2026-06-25 15:59:11 -04)" executed successfully
2026-06-25 15:59:11,371 - apscheduler.executors.default - INFO - C:\Users\Yoel Abreu\Documents\epran\Astroweb\AppWeb\env\Lib\site-packages\apscheduler\executors\base.py:129 - Running job "Ejecutar cambios futuros de rutas (trigger: interval[1:00:00], next run at: 2026-06-25 16:59:11 -04)" (scheduled at 2026-06-25 15:59:11.361893-04:00)
2026-06-25 15:59:11,372 - app - INFO - C:\Users\Yoel Abreu\Documents\epran\Astroweb\AppWeb\backend\app\__init__.py:195 - 🔄 [Scheduler] Verificando cambios futuros pendientes...
2026-06-25 15:59:14,461 - app - INFO - C:\Users\Yoel Abreu\Documents\epran\Astroweb\AppWeb\backend\app\__init__.py:210 - ✅ [Scheduler] No hay cambios pendientes
2026-06-25 15:59:14,462 - apscheduler.executors.default - INFO - C:\Users\Yoel Abreu\Documents\epran\Astroweb\AppWeb\env\Lib\site-packages\apscheduler\executors\base.py:156 - Job "Ejecutar cambios futuros de rutas (trigger: interval[1:00:00], next run at: 2026-06-25 16:59:11 -04)" executed successfully
