C:\Users\Yoel Abreu\Documents\epran\Astroweb\env\Lib\site-packages\requests\__init__.py:86: RequestsDependencyWarning: Unable to find acceptable character detection dependency (chardet or charset_normalizer).
  warnings.warn(
INFO:     Started server process [35116]
INFO:     Waiting for application startup.
2026-06-22 10:06:29,694 - apscheduler.scheduler - INFO - Adding job tentatively -- it will be properly scheduled when the scheduler starts
2026-06-22 10:06:29,698 - apscheduler.scheduler - INFO - Added job "ejecutar_cambios_futuros" to job store "default"
2026-06-22 10:06:29,698 - apscheduler.scheduler - INFO - Scheduler started
2026-06-22 10:06:29,699 - app.services.scheduler_service - INFO - Scheduler iniciado
INFO:     Application startup complete.
INFO:     Uvicorn running on http://127.0.0.1:8000 (Press CTRL+C to quit)
INFO:     127.0.0.1:53247 - "GET /health HTTP/1.1" 200 OK
INFO:     127.0.0.1:49253 - "GET /health HTTP/1.1" 200 OK
INFO:     127.0.0.1:56346 - "GET /health HTTP/1.1" 200 OK
2026-06-22 12:11:49,968 - apscheduler.executors.default - WARNING - Run time of job "ejecutar_cambios_futuros (trigger: interval[1:00:00], next run at: 2026-06-22 11:06:29 -04)" was missed by 0:05:20.273401
!!! get_db CALLED !!!
!!! get_db CALLED !!!
INFO:     127.0.0.1:58275 - "GET /api/notifications/rejection HTTP/1.1" 200 OK
!!! get_db CALLED !!!
INFO:     127.0.0.1:62735 - "POST /auth/logout HTTP/1.1" 200 OK
INFO:     127.0.0.1:58276 - "GET /api/reports/summary HTTP/1.1" 200 OK
!!! get_db CALLED !!!
2026-06-22 12:25:29,588 - app.auth - INFO - Intento de login para usuario: Dev
INFO:     127.0.0.1:51025 - "POST /auth/login HTTP/1.1" 200 OK
!!! get_db CALLED !!!
INFO:     127.0.0.1:51597 - "GET /auth/me HTTP/1.1" 200 OK
!!! get_db CALLED !!!
!!! get_db CALLED !!!
INFO:     127.0.0.1:58134 - "GET /api/notifications/rejection HTTP/1.1" 200 OK
INFO:     127.0.0.1:50014 - "GET /api/reports/summary HTTP/1.1" 200 OK
!!! get_db CALLED !!!
!!! get_db CALLED !!!
!!! get_db CALLED !!!
INFO:     127.0.0.1:64306 - "GET /api/centro-mando/clientes HTTP/1.1" 200 OK
INFO:     127.0.0.1:54491 - "GET /api/centro-mando/activaciones?desde=2026-06-22&hasta=2026-06-22 HTTP/1.1" 200 OK
INFO:     127.0.0.1:54490 - "GET /api/centro-mando/resumen-dia?desde=2026-06-22&hasta=2026-06-22 HTTP/1.1" 200 OK
!!! get_db CALLED !!!!!! get_db CALLED !!!

INFO:     127.0.0.1:59117 - "GET /api/centro-mando/resumen-dia?desde=2026-06-22&hasta=2026-06-22&cliente_id=43 HTTP/1.1" 200 OK
INFO:     127.0.0.1:59118 - "GET /api/centro-mando/activaciones?desde=2026-06-22&hasta=2026-06-22&cliente_id=43 HTTP/1.1" 200 OK
!!! get_db CALLED !!!
!!! get_db CALLED !!!
INFO:     127.0.0.1:55234 - "GET /api/visits/reject-reasons HTTP/1.1" 200 OK
INFO:     127.0.0.1:52372 - "GET /api/visits/review-list?desde=2026-06-16&hasta=2026-06-22 HTTP/1.1" 200 OK
!!! get_db CALLED !!!
INFO:     127.0.0.1:62263 - "GET /api/visits/4781/photos HTTP/1.1" 200 OK
!!! get_db CALLED !!!
!!! get_db CALLED !!!
!!! get_db CALLED !!!
!!! get_db CALLED !!!
!!! get_db CALLED !!!
INFO:     127.0.0.1:57806 - "GET /api/catalogos/servicios/?activo=true HTTP/1.1" 200 OK
INFO:     127.0.0.1:57807 - "GET /api/routes/next-number?tipo=E HTTP/1.1" 200 OK
INFO:     127.0.0.1:57808 - "GET /api/clients/ HTTP/1.1" 200 OK
INFO:     127.0.0.1:64607 - "GET /api/catalogos/cuadrantes/?activo=true HTTP/1.1" 200 OK
INFO:     127.0.0.1:60620 - "GET /api/routes/ HTTP/1.1" 200 OK
!!! get_db CALLED !!!
INFO:     127.0.0.1:64610 - "GET /api/mercaderista-rutas/ HTTP/1.1" 200 OK
!!! get_db CALLED !!!
INFO:     127.0.0.1:53897 - "GET /api/analysts/with-assignments HTTP/1.1" 200 OK
!!! get_db CALLED !!!
INFO:     127.0.0.1:56878 - "GET /api/supervisores/with-assignments HTTP/1.1" 200 OK
!!! get_db CALLED !!!
!!! get_db CALLED !!!
!!! get_db CALLED !!!
!!! get_db CALLED !!!
!!! get_db CALLED !!!
!!! get_db CALLED !!!
INFO:     127.0.0.1:56749 - "GET /api/points/regions/list HTTP/1.1" 200 OK
INFO:     127.0.0.1:59728 - "GET /api/points/count HTTP/1.1" 200 OK
INFO:     127.0.0.1:59867 - "GET /api/points/jerarquia_n2/list HTTP/1.1" 200 OK
INFO:     127.0.0.1:59866 - "GET /api/points/cities/list HTTP/1.1" 200 OK
INFO:     127.0.0.1:59868 - "GET /api/points/jerarquia_n2_2/list HTTP/1.1" 200 OK
!!! get_db CALLED !!!!!! get_db CALLED !!!

INFO:     127.0.0.1:59869 - "GET /api/points/chains/list HTTP/1.1" 200 OK
INFO:     127.0.0.1:63873 - "GET /api/points/nivel_alcance/list HTTP/1.1" 200 OK
INFO:     127.0.0.1:63872 - "GET /api/points/?skip=0&limit=100 HTTP/1.1" 200 OK
!!! get_db CALLED !!!
!!! get_db CALLED !!!
!!! get_db CALLED !!!
!!! get_db CALLED !!!
!!! get_db CALLED !!!
INFO:     127.0.0.1:53849 - "GET /api/users/ HTTP/1.1" 200 OK
INFO:     127.0.0.1:51003 - "GET /api/analysts/ HTTP/1.1" 200 OK
INFO:     127.0.0.1:58871 - "GET /api/clients/ HTTP/1.1" 200 OK
INFO:     127.0.0.1:58872 - "GET /api/supervisores/with-assignments HTTP/1.1" 200 OK
INFO:     127.0.0.1:58873 - "GET /api/merchandisers/ HTTP/1.1" 200 OK
!!! get_db CALLED !!!
!!! get_db CALLED !!!
!!! get_db CALLED !!!
!!! get_db CALLED !!!
!!! get_db CALLED !!!!!! get_db CALLED !!!

INFO:     127.0.0.1:56499 - "GET /api/points/?skip=0&limit=100 HTTP/1.1" 200 OK
INFO:     127.0.0.1:52742 - "GET /api/points/chains/list HTTP/1.1" 200 OK
INFO:     127.0.0.1:52739 - "GET /api/points/count HTTP/1.1" 200 OK
INFO:     127.0.0.1:52743 - "GET /api/points/jerarquia_n2/list HTTP/1.1" 200 OK
INFO:     127.0.0.1:52741 - "GET /api/points/cities/list HTTP/1.1" 200 OK
!!! get_db CALLED !!!
INFO:     127.0.0.1:52740 - "GET /api/points/regions/list HTTP/1.1" 200 OK
!!! get_db CALLED !!!
INFO:     127.0.0.1:50722 - "GET /api/points/jerarquia_n2_2/list HTTP/1.1" 200 OK
INFO:     127.0.0.1:55541 - "GET /api/points/nivel_alcance/list HTTP/1.1" 200 OK
!!! get_db CALLED !!!
!!! get_db CALLED !!!
!!! get_db CALLED !!!
INFO:     127.0.0.1:60710 - "GET /api/atencion-cliente/productos?skip=0&limit=25 HTTP/1.1" 200 OK
INFO:     127.0.0.1:55752 - "GET /api/atencion-cliente/productos/listado/categorias HTTP/1.1" 200 OK
INFO:     127.0.0.1:57455 - "GET /api/atencion-cliente/productos/listado/fabricantes HTTP/1.1" 200 OK
!!! get_db CALLED !!!
!!! get_db CALLED !!!!!! get_db CALLED !!!

!!! get_db CALLED !!!
!!! get_db CALLED !!!!!! get_db CALLED !!!

INFO:     127.0.0.1:58828 - "GET /api/points/regions/list HTTP/1.1" 200 OK
INFO:     127.0.0.1:58829 - "GET /api/points/cities/list HTTP/1.1" 200 OK
INFO:     127.0.0.1:58827 - "GET /api/points/count HTTP/1.1" 200 OK
INFO:     127.0.0.1:56426 - "GET /api/points/?skip=0&limit=100 HTTP/1.1" 200 OK
INFO:     127.0.0.1:58830 - "GET /api/points/chains/list HTTP/1.1" 200 OK
INFO:     127.0.0.1:58831 - "GET /api/points/jerarquia_n2/list HTTP/1.1" 200 OK
!!! get_db CALLED !!!!!! get_db CALLED !!!

!!! get_db CALLED !!!!!! get_db CALLED !!!

INFO:     127.0.0.1:62688 - "GET /api/points/nivel_alcance/list HTTP/1.1" 200 OK
INFO:     127.0.0.1:62687 - "GET /api/points/jerarquia_n2_2/list HTTP/1.1" 200 OK
INFO:     127.0.0.1:62524 - "GET /api/catalogos/departamentos/ HTTP/1.1" 200 OK
INFO:     127.0.0.1:62525 - "GET /api/catalogos/tipo-negocio/ HTTP/1.1" 200 OK
2026-06-22 13:06:29,709 - apscheduler.executors.default - INFO - Running job "ejecutar_cambios_futuros (trigger: interval[1:00:00], next run at: 2026-06-22 14:06:29 -04)" (scheduled at 2026-06-22 13:06:29.694763-04:00)
2026-06-22 13:06:30,255 - apscheduler.executors.default - INFO - Job "ejecutar_cambios_futuros (trigger: interval[1:00:00], next run at: 2026-06-22 14:06:29 -04)" executed successfully
!!! get_db CALLED !!!
!!! get_db CALLED !!!
INFO:     127.0.0.1:52745 - "GET /api/notifications/rejection HTTP/1.1" 200 OK
!!! get_db CALLED !!!
INFO:     127.0.0.1:52746 - "GET /api/reports/summary HTTP/1.1" 200 OK
INFO:     127.0.0.1:56065 - "POST /auth/logout HTTP/1.1" 200 OK
2026-06-22 14:06:29,707 - apscheduler.executors.default - INFO - Running job "ejecutar_cambios_futuros (trigger: interval[1:00:00], next run at: 2026-06-22 15:06:29 -04)" (scheduled at 2026-06-22 14:06:29.694763-04:00)
2026-06-22 14:06:30,541 - apscheduler.executors.default - INFO - Job "ejecutar_cambios_futuros (trigger: interval[1:00:00], next run at: 2026-06-22 15:06:29 -04)" executed successfully
!!! get_db CALLED !!!
2026-06-22 14:35:49,475 - app.auth - INFO - Intento de login para usuario: Dev
INFO:     127.0.0.1:55901 - "POST /auth/login HTTP/1.1" 200 OK
!!! get_db CALLED !!!
INFO:     127.0.0.1:55903 - "GET /auth/me HTTP/1.1" 200 OK
!!! get_db CALLED !!!
!!! get_db CALLED !!!
INFO:     127.0.0.1:54429 - "GET /api/notifications/rejection HTTP/1.1" 200 OK
INFO:     127.0.0.1:54430 - "GET /api/reports/summary HTTP/1.1" 200 OK
!!! get_db CALLED !!!
!!! get_db CALLED !!!
!!! get_db CALLED !!!
INFO:     127.0.0.1:64907 - "GET /api/centro-mando/clientes HTTP/1.1" 200 OK
INFO:     127.0.0.1:50673 - "GET /api/centro-mando/activaciones?desde=2026-06-22&hasta=2026-06-22 HTTP/1.1" 200 OK
INFO:     127.0.0.1:50672 - "GET /api/centro-mando/resumen-dia?desde=2026-06-22&hasta=2026-06-22 HTTP/1.1" 200 OK
!!! get_db CALLED !!!
!!! get_db CALLED !!!
INFO:     127.0.0.1:55890 - "GET /api/visits/reject-reasons HTTP/1.1" 200 OK
INFO:     127.0.0.1:55889 - "GET /api/visits/review-list?desde=2026-06-16&hasta=2026-06-22 HTTP/1.1" 200 OK
!!! get_db CALLED !!!
!!! get_db CALLED !!!
!!! get_db CALLED !!!
!!! get_db CALLED !!!
!!! get_db CALLED !!!
INFO:     127.0.0.1:50046 - "GET /api/catalogos/cuadrantes/?activo=true HTTP/1.1" 200 OK
INFO:     127.0.0.1:50047 - "GET /api/clients/ HTTP/1.1" 200 OK
INFO:     127.0.0.1:50045 - "GET /api/catalogos/servicios/?activo=true HTTP/1.1" 200 OK
INFO:     127.0.0.1:50048 - "GET /api/routes/next-number?tipo=E HTTP/1.1" 200 OK
INFO:     127.0.0.1:50199 - "GET /api/routes/ HTTP/1.1" 200 OK
!!! get_db CALLED !!!
!!! get_db CALLED !!!
!!! get_db CALLED !!!
!!! get_db CALLED !!!
!!! get_db CALLED !!!
INFO:     127.0.0.1:64011 - "GET /api/analysts/ HTTP/1.1" 200 OK
INFO:     127.0.0.1:62647 - "GET /api/users/ HTTP/1.1" 200 OK
INFO:     127.0.0.1:62642 - "GET /api/clients/ HTTP/1.1" 200 OK
INFO:     127.0.0.1:62643 - "GET /api/merchandisers/ HTTP/1.1" 200 OK
INFO:     127.0.0.1:62644 - "GET /api/supervisores/with-assignments HTTP/1.1" 200 OK
!!! get_db CALLED !!!
!!! get_db CALLED !!!
!!! get_db CALLED !!!
!!! get_db CALLED !!!
!!! get_db CALLED !!!!!! get_db CALLED !!!

INFO:     127.0.0.1:60661 - "GET /api/points/?skip=0&limit=100 HTTP/1.1" 200 OK
INFO:     127.0.0.1:64851 - "GET /api/points/count HTTP/1.1" 200 OK
INFO:     127.0.0.1:64854 - "GET /api/points/chains/list HTTP/1.1" 200 OK
INFO:     127.0.0.1:64855 - "GET /api/points/jerarquia_n2/list HTTP/1.1" 200 OK
INFO:     127.0.0.1:64853 - "GET /api/points/cities/list HTTP/1.1" 200 OK
!!! get_db CALLED !!!!!! get_db CALLED !!!

INFO:     127.0.0.1:64852 - "GET /api/points/regions/list HTTP/1.1" 200 OK
!!! get_db CALLED !!!!!! get_db CALLED !!!

INFO:     127.0.0.1:53740 - "GET /api/points/nivel_alcance/list HTTP/1.1" 200 OK
INFO:     127.0.0.1:53739 - "GET /api/points/jerarquia_n2_2/list HTTP/1.1" 200 OK
INFO:     127.0.0.1:49390 - "GET /api/catalogos/departamentos/ HTTP/1.1" 200 OK
INFO:     127.0.0.1:49391 - "GET /api/catalogos/tipo-negocio/ HTTP/1.1" 200 OK
2026-06-22 19:53:47,869 - apscheduler.executors.default - WARNING - Run time of job "ejecutar_cambios_futuros (trigger: interval[1:00:00], next run at: 2026-06-22 20:06:29 -04)" was missed by 0:47:18.174344
2026-06-22 20:06:29,709 - apscheduler.executors.default - INFO - Running job "ejecutar_cambios_futuros (trigger: interval[1:00:00], next run at: 2026-06-22 21:06:29 -04)" (scheduled at 2026-06-22 20:06:29.694763-04:00)
2026-06-22 20:06:31,520 - apscheduler.executors.default - INFO - Job "ejecutar_cambios_futuros (trigger: interval[1:00:00], next run at: 2026-06-22 21:06:29 -04)" executed successfully
2026-06-22 21:06:29,704 - apscheduler.executors.default - INFO - Running job "ejecutar_cambios_futuros (trigger: interval[1:00:00], next run at: 2026-06-22 22:06:29 -04)" (scheduled at 2026-06-22 21:06:29.694763-04:00)
2026-06-22 21:06:30,962 - apscheduler.executors.default - INFO - Job "ejecutar_cambios_futuros (trigger: interval[1:00:00], next run at: 2026-06-22 22:06:29 -04)" executed successfully
2026-06-23 00:52:33,129 - apscheduler.executors.default - WARNING - Run time of job "ejecutar_cambios_futuros (trigger: interval[1:00:00], next run at: 2026-06-23 01:06:29 -04)" was missed by 0:46:03.429692
2026-06-23 01:06:29,706 - apscheduler.executors.default - INFO - Running job "ejecutar_cambios_futuros (trigger: interval[1:00:00], next run at: 2026-06-23 02:06:29 -04)" (scheduled at 2026-06-23 01:06:29.694763-04:00)
2026-06-23 01:07:06,133 - apscheduler.executors.default - ERROR - Job "ejecutar_cambios_futuros (trigger: interval[1:00:00], next run at: 2026-06-23 02:06:29 -04)" raised an exception
Traceback (most recent call last):
  File "C:\Users\Yoel Abreu\Documents\epran\Astroweb\env\Lib\site-packages\sqlalchemy\engine\base.py", line 143, in __init__
    self._dbapi_connection = engine.raw_connection()
                             ~~~~~~~~~~~~~~~~~~~~~^^
  File "C:\Users\Yoel Abreu\Documents\epran\Astroweb\env\Lib\site-packages\sqlalchemy\engine\base.py", line 3317, in raw_connection
    return self.pool.connect()
           ~~~~~~~~~~~~~~~~~^^
  File "C:\Users\Yoel Abreu\Documents\epran\Astroweb\env\Lib\site-packages\sqlalchemy\pool\base.py", line 448, in connect
    return _ConnectionFairy._checkout(self)
           ~~~~~~~~~~~~~~~~~~~~~~~~~~^^^^^^
  File "C:\Users\Yoel Abreu\Documents\epran\Astroweb\env\Lib\site-packages\sqlalchemy\pool\base.py", line 1272, in _checkout
    fairy = _ConnectionRecord.checkout(pool)
  File "C:\Users\Yoel Abreu\Documents\epran\Astroweb\env\Lib\site-packages\sqlalchemy\pool\base.py", line 717, in checkout
    with util.safe_reraise():
         ~~~~~~~~~~~~~~~~~^^
  File "C:\Users\Yoel Abreu\Documents\epran\Astroweb\env\Lib\site-packages\sqlalchemy\util\langhelpers.py", line 121, in __exit__
    raise exc_value.with_traceback(exc_tb)
  File "C:\Users\Yoel Abreu\Documents\epran\Astroweb\env\Lib\site-packages\sqlalchemy\pool\base.py", line 715, in checkout
    dbapi_connection = rec.get_connection()
  File "C:\Users\Yoel Abreu\Documents\epran\Astroweb\env\Lib\site-packages\sqlalchemy\pool\base.py", line 866, in get_connection
    self.__connect()
    ~~~~~~~~~~~~~~^^
  File "C:\Users\Yoel Abreu\Documents\epran\Astroweb\env\Lib\site-packages\sqlalchemy\pool\base.py", line 900, in __connect
    with util.safe_reraise():
         ~~~~~~~~~~~~~~~~~^^
  File "C:\Users\Yoel Abreu\Documents\epran\Astroweb\env\Lib\site-packages\sqlalchemy\util\langhelpers.py", line 121, in __exit__
    raise exc_value.with_traceback(exc_tb)
  File "C:\Users\Yoel Abreu\Documents\epran\Astroweb\env\Lib\site-packages\sqlalchemy\pool\base.py", line 896, in __connect
    self.dbapi_connection = connection = pool._invoke_creator(self)
                                         ~~~~~~~~~~~~~~~~~~~~^^^^^^
  File "C:\Users\Yoel Abreu\Documents\epran\Astroweb\env\Lib\site-packages\sqlalchemy\engine\create.py", line 667, in connect
    return dialect.connect(*cargs_tup, **cparams)
           ~~~~~~~~~~~~~~~^^^^^^^^^^^^^^^^^^^^^^^
  File "C:\Users\Yoel Abreu\Documents\epran\Astroweb\env\Lib\site-packages\sqlalchemy\engine\default.py", line 630, in connect
    return self.loaded_dbapi.connect(*cargs, **cparams)  # type: ignore[no-any-return]  # NOQA: E501
           ~~~~~~~~~~~~~~~~~~~~~~~~~^^^^^^^^^^^^^^^^^^^
pyodbc.OperationalError: ('08001', '[08001] [Microsoft][ODBC Driver 17 for SQL Server]Named Pipes Provider: Could not open a connection to SQL Server [64].  (64) (SQLDriverConnect); [08001] [Microsoft][ODBC Driver 17 for SQL Server]Login timeout expired (0); [08001] [Microsoft][ODBC Driver 17 for SQL Server]A network-related or instance-specific error has occurred while establishing a connection to SQL Server. Server is not found or not accessible. Check if instance name is correct and if SQL Server is configured to allow remote connections. For more information see SQL Server Books Online. (64)')

The above exception was the direct cause of the following exception:

Traceback (most recent call last):
  File "C:\Users\Yoel Abreu\Documents\epran\Astroweb\env\Lib\site-packages\apscheduler\executors\base.py", line 131, in run_job
    retval = job.func(*job.args, **job.kwargs)
  File "C:\Users\Yoel Abreu\Documents\epran\Astroweb\AppWeb_v2\backend\app\services\scheduler_service.py", line 21, in ejecutar_cambios_futuros
    ).all()
      ~~~^^
  File "C:\Users\Yoel Abreu\Documents\epran\Astroweb\env\Lib\site-packages\sqlalchemy\orm\query.py", line 2711, in all
    return self._iter().all()  # type: ignore
           ~~~~~~~~~~^^
  File "C:\Users\Yoel Abreu\Documents\epran\Astroweb\env\Lib\site-packages\sqlalchemy\orm\query.py", line 2864, in _iter
    result: Union[ScalarResult[_T], Result[_T]] = self.session.execute(
                                                  ~~~~~~~~~~~~~~~~~~~~^
        statement,
        ^^^^^^^^^^
        params,
        ^^^^^^^
        execution_options={"_sa_orm_load_options": self.load_options},
        ^^^^^^^^^^^^^^^^^^^^^^^^^^^^^^^^^^^^^^^^^^^^^^^^^^^^^^^^^^^^^^
    )
    ^
  File "C:\Users\Yoel Abreu\Documents\epran\Astroweb\env\Lib\site-packages\sqlalchemy\orm\session.py", line 2351, in execute
    return self._execute_internal(
           ~~~~~~~~~~~~~~~~~~~~~~^
        statement,
        ^^^^^^^^^^
    ...<4 lines>...
        _add_event=_add_event,
        ^^^^^^^^^^^^^^^^^^^^^^
    )
    ^
  File "C:\Users\Yoel Abreu\Documents\epran\Astroweb\env\Lib\site-packages\sqlalchemy\orm\session.py", line 2239, in _execute_internal
    conn = self._connection_for_bind(bind)
  File "C:\Users\Yoel Abreu\Documents\epran\Astroweb\env\Lib\site-packages\sqlalchemy\orm\session.py", line 2108, in _connection_for_bind
    return trans._connection_for_bind(engine, execution_options)
           ~~~~~~~~~~~~~~~~~~~~~~~~~~^^^^^^^^^^^^^^^^^^^^^^^^^^^
  File "<string>", line 2, in _connection_for_bind
  File "C:\Users\Yoel Abreu\Documents\epran\Astroweb\env\Lib\site-packages\sqlalchemy\orm\state_changes.py", line 137, in _go
    ret_value = fn(self, *arg, **kw)
  File "C:\Users\Yoel Abreu\Documents\epran\Astroweb\env\Lib\site-packages\sqlalchemy\orm\session.py", line 1187, in _connection_for_bind
    conn = bind.connect()
  File "C:\Users\Yoel Abreu\Documents\epran\Astroweb\env\Lib\site-packages\sqlalchemy\engine\base.py", line 3293, in connect
    return self._connection_cls(self)
           ~~~~~~~~~~~~~~~~~~~~^^^^^^
  File "C:\Users\Yoel Abreu\Documents\epran\Astroweb\env\Lib\site-packages\sqlalchemy\engine\base.py", line 145, in __init__
    Connection._handle_dbapi_exception_noconnection(
    ~~~~~~~~~~~~~~~~~~~~~~~~~~~~~~~~~~~~~~~~~~~~~~~^
        err, dialect, engine
        ^^^^^^^^^^^^^^^^^^^^
    )
    ^
  File "C:\Users\Yoel Abreu\Documents\epran\Astroweb\env\Lib\site-packages\sqlalchemy\engine\base.py", line 2448, in _handle_dbapi_exception_noconnection
    raise sqlalchemy_exception.with_traceback(exc_info[2]) from e
  File "C:\Users\Yoel Abreu\Documents\epran\Astroweb\env\Lib\site-packages\sqlalchemy\engine\base.py", line 143, in __init__
    self._dbapi_connection = engine.raw_connection()
                             ~~~~~~~~~~~~~~~~~~~~~^^
  File "C:\Users\Yoel Abreu\Documents\epran\Astroweb\env\Lib\site-packages\sqlalchemy\engine\base.py", line 3317, in raw_connection
    return self.pool.connect()
           ~~~~~~~~~~~~~~~~~^^
  File "C:\Users\Yoel Abreu\Documents\epran\Astroweb\env\Lib\site-packages\sqlalchemy\pool\base.py", line 448, in connect
    return _ConnectionFairy._checkout(self)
           ~~~~~~~~~~~~~~~~~~~~~~~~~~^^^^^^
  File "C:\Users\Yoel Abreu\Documents\epran\Astroweb\env\Lib\site-packages\sqlalchemy\pool\base.py", line 1272, in _checkout
    fairy = _ConnectionRecord.checkout(pool)
  File "C:\Users\Yoel Abreu\Documents\epran\Astroweb\env\Lib\site-packages\sqlalchemy\pool\base.py", line 717, in checkout
    with util.safe_reraise():
         ~~~~~~~~~~~~~~~~~^^
  File "C:\Users\Yoel Abreu\Documents\epran\Astroweb\env\Lib\site-packages\sqlalchemy\util\langhelpers.py", line 121, in __exit__
    raise exc_value.with_traceback(exc_tb)
  File "C:\Users\Yoel Abreu\Documents\epran\Astroweb\env\Lib\site-packages\sqlalchemy\pool\base.py", line 715, in checkout
    dbapi_connection = rec.get_connection()
  File "C:\Users\Yoel Abreu\Documents\epran\Astroweb\env\Lib\site-packages\sqlalchemy\pool\base.py", line 866, in get_connection
    self.__connect()
    ~~~~~~~~~~~~~~^^
  File "C:\Users\Yoel Abreu\Documents\epran\Astroweb\env\Lib\site-packages\sqlalchemy\pool\base.py", line 900, in __connect
    with util.safe_reraise():
         ~~~~~~~~~~~~~~~~~^^
  File "C:\Users\Yoel Abreu\Documents\epran\Astroweb\env\Lib\site-packages\sqlalchemy\util\langhelpers.py", line 121, in __exit__
    raise exc_value.with_traceback(exc_tb)
  File "C:\Users\Yoel Abreu\Documents\epran\Astroweb\env\Lib\site-packages\sqlalchemy\pool\base.py", line 896, in __connect
    self.dbapi_connection = connection = pool._invoke_creator(self)
                                         ~~~~~~~~~~~~~~~~~~~~^^^^^^
  File "C:\Users\Yoel Abreu\Documents\epran\Astroweb\env\Lib\site-packages\sqlalchemy\engine\create.py", line 667, in connect
    return dialect.connect(*cargs_tup, **cparams)
           ~~~~~~~~~~~~~~~^^^^^^^^^^^^^^^^^^^^^^^
  File "C:\Users\Yoel Abreu\Documents\epran\Astroweb\env\Lib\site-packages\sqlalchemy\engine\default.py", line 630, in connect
    return self.loaded_dbapi.connect(*cargs, **cparams)  # type: ignore[no-any-return]  # NOQA: E501
           ~~~~~~~~~~~~~~~~~~~~~~~~~^^^^^^^^^^^^^^^^^^^
sqlalchemy.exc.OperationalError: (pyodbc.OperationalError) ('08001', '[08001] [Microsoft][ODBC Driver 17 for SQL Server]Named Pipes Provider: Could not open a connection to SQL Server [64].  (64) (SQLDriverConnect); [08001] [Microsoft][ODBC Driver 17 for SQL Server]Login timeout expired (0); [08001] [Microsoft][ODBC Driver 17 for SQL Server]A network-related or instance-specific error has occurred while establishing a connection to SQL Server. Server is not found or not accessible. Check if instance name is correct and if SQL Server is configured to allow remote connections. For more information see SQL Server Books Online. (64)')
(Background on this error at: https://sqlalche.me/e/20/e3q8)
2026-06-23 02:06:29,700 - apscheduler.executors.default - INFO - Running job "ejecutar_cambios_futuros (trigger: interval[1:00:00], next run at: 2026-06-23 03:06:29 -04)" (scheduled at 2026-06-23 02:06:29.694763-04:00)
2026-06-23 02:07:05,869 - apscheduler.executors.default - ERROR - Job "ejecutar_cambios_futuros (trigger: interval[1:00:00], next run at: 2026-06-23 03:06:29 -04)" raised an exception
Traceback (most recent call last):
  File "C:\Users\Yoel Abreu\Documents\epran\Astroweb\env\Lib\site-packages\sqlalchemy\engine\base.py", line 143, in __init__
    self._dbapi_connection = engine.raw_connection()
                             ~~~~~~~~~~~~~~~~~~~~~^^
  File "C:\Users\Yoel Abreu\Documents\epran\Astroweb\env\Lib\site-packages\sqlalchemy\engine\base.py", line 3317, in raw_connection
    return self.pool.connect()
           ~~~~~~~~~~~~~~~~~^^
  File "C:\Users\Yoel Abreu\Documents\epran\Astroweb\env\Lib\site-packages\sqlalchemy\pool\base.py", line 448, in connect
    return _ConnectionFairy._checkout(self)
           ~~~~~~~~~~~~~~~~~~~~~~~~~~^^^^^^
  File "C:\Users\Yoel Abreu\Documents\epran\Astroweb\env\Lib\site-packages\sqlalchemy\pool\base.py", line 1272, in _checkout
    fairy = _ConnectionRecord.checkout(pool)
  File "C:\Users\Yoel Abreu\Documents\epran\Astroweb\env\Lib\site-packages\sqlalchemy\pool\base.py", line 717, in checkout
    with util.safe_reraise():
         ~~~~~~~~~~~~~~~~~^^
  File "C:\Users\Yoel Abreu\Documents\epran\Astroweb\env\Lib\site-packages\sqlalchemy\util\langhelpers.py", line 121, in __exit__
    raise exc_value.with_traceback(exc_tb)
  File "C:\Users\Yoel Abreu\Documents\epran\Astroweb\env\Lib\site-packages\sqlalchemy\pool\base.py", line 715, in checkout
    dbapi_connection = rec.get_connection()
  File "C:\Users\Yoel Abreu\Documents\epran\Astroweb\env\Lib\site-packages\sqlalchemy\pool\base.py", line 866, in get_connection
    self.__connect()
    ~~~~~~~~~~~~~~^^
  File "C:\Users\Yoel Abreu\Documents\epran\Astroweb\env\Lib\site-packages\sqlalchemy\pool\base.py", line 900, in __connect
    with util.safe_reraise():
         ~~~~~~~~~~~~~~~~~^^
  File "C:\Users\Yoel Abreu\Documents\epran\Astroweb\env\Lib\site-packages\sqlalchemy\util\langhelpers.py", line 121, in __exit__
    raise exc_value.with_traceback(exc_tb)
  File "C:\Users\Yoel Abreu\Documents\epran\Astroweb\env\Lib\site-packages\sqlalchemy\pool\base.py", line 896, in __connect
    self.dbapi_connection = connection = pool._invoke_creator(self)
                                         ~~~~~~~~~~~~~~~~~~~~^^^^^^
  File "C:\Users\Yoel Abreu\Documents\epran\Astroweb\env\Lib\site-packages\sqlalchemy\engine\create.py", line 667, in connect
    return dialect.connect(*cargs_tup, **cparams)
           ~~~~~~~~~~~~~~~^^^^^^^^^^^^^^^^^^^^^^^
  File "C:\Users\Yoel Abreu\Documents\epran\Astroweb\env\Lib\site-packages\sqlalchemy\engine\default.py", line 630, in connect
    return self.loaded_dbapi.connect(*cargs, **cparams)  # type: ignore[no-any-return]  # NOQA: E501
           ~~~~~~~~~~~~~~~~~~~~~~~~~^^^^^^^^^^^^^^^^^^^
pyodbc.OperationalError: ('08001', '[08001] [Microsoft][ODBC Driver 17 for SQL Server]Named Pipes Provider: Could not open a connection to SQL Server [64].  (64) (SQLDriverConnect); [08001] [Microsoft][ODBC Driver 17 for SQL Server]Login timeout expired (0); [08001] [Microsoft][ODBC Driver 17 for SQL Server]A network-related or instance-specific error has occurred while establishing a connection to SQL Server. Server is not found or not accessible. Check if instance name is correct and if SQL Server is configured to allow remote connections. For more information see SQL Server Books Online. (64)')

The above exception was the direct cause of the following exception:

Traceback (most recent call last):
  File "C:\Users\Yoel Abreu\Documents\epran\Astroweb\env\Lib\site-packages\apscheduler\executors\base.py", line 131, in run_job
    retval = job.func(*job.args, **job.kwargs)
  File "C:\Users\Yoel Abreu\Documents\epran\Astroweb\AppWeb_v2\backend\app\services\scheduler_service.py", line 21, in ejecutar_cambios_futuros
    ).all()
      ~~~^^
  File "C:\Users\Yoel Abreu\Documents\epran\Astroweb\env\Lib\site-packages\sqlalchemy\orm\query.py", line 2711, in all
    return self._iter().all()  # type: ignore
           ~~~~~~~~~~^^
  File "C:\Users\Yoel Abreu\Documents\epran\Astroweb\env\Lib\site-packages\sqlalchemy\orm\query.py", line 2864, in _iter
    result: Union[ScalarResult[_T], Result[_T]] = self.session.execute(
                                                  ~~~~~~~~~~~~~~~~~~~~^
        statement,
        ^^^^^^^^^^
        params,
        ^^^^^^^
        execution_options={"_sa_orm_load_options": self.load_options},
        ^^^^^^^^^^^^^^^^^^^^^^^^^^^^^^^^^^^^^^^^^^^^^^^^^^^^^^^^^^^^^^
    )
    ^
  File "C:\Users\Yoel Abreu\Documents\epran\Astroweb\env\Lib\site-packages\sqlalchemy\orm\session.py", line 2351, in execute
    return self._execute_internal(
           ~~~~~~~~~~~~~~~~~~~~~~^
        statement,
        ^^^^^^^^^^
    ...<4 lines>...
        _add_event=_add_event,
        ^^^^^^^^^^^^^^^^^^^^^^
    )
    ^
  File "C:\Users\Yoel Abreu\Documents\epran\Astroweb\env\Lib\site-packages\sqlalchemy\orm\session.py", line 2239, in _execute_internal
    conn = self._connection_for_bind(bind)
  File "C:\Users\Yoel Abreu\Documents\epran\Astroweb\env\Lib\site-packages\sqlalchemy\orm\session.py", line 2108, in _connection_for_bind
    return trans._connection_for_bind(engine, execution_options)
           ~~~~~~~~~~~~~~~~~~~~~~~~~~^^^^^^^^^^^^^^^^^^^^^^^^^^^
  File "<string>", line 2, in _connection_for_bind
  File "C:\Users\Yoel Abreu\Documents\epran\Astroweb\env\Lib\site-packages\sqlalchemy\orm\state_changes.py", line 137, in _go
    ret_value = fn(self, *arg, **kw)
  File "C:\Users\Yoel Abreu\Documents\epran\Astroweb\env\Lib\site-packages\sqlalchemy\orm\session.py", line 1187, in _connection_for_bind
    conn = bind.connect()
  File "C:\Users\Yoel Abreu\Documents\epran\Astroweb\env\Lib\site-packages\sqlalchemy\engine\base.py", line 3293, in connect
    return self._connection_cls(self)
           ~~~~~~~~~~~~~~~~~~~~^^^^^^
  File "C:\Users\Yoel Abreu\Documents\epran\Astroweb\env\Lib\site-packages\sqlalchemy\engine\base.py", line 145, in __init__
    Connection._handle_dbapi_exception_noconnection(
    ~~~~~~~~~~~~~~~~~~~~~~~~~~~~~~~~~~~~~~~~~~~~~~~^
        err, dialect, engine
        ^^^^^^^^^^^^^^^^^^^^
    )
    ^
  File "C:\Users\Yoel Abreu\Documents\epran\Astroweb\env\Lib\site-packages\sqlalchemy\engine\base.py", line 2448, in _handle_dbapi_exception_noconnection
    raise sqlalchemy_exception.with_traceback(exc_info[2]) from e
  File "C:\Users\Yoel Abreu\Documents\epran\Astroweb\env\Lib\site-packages\sqlalchemy\engine\base.py", line 143, in __init__
    self._dbapi_connection = engine.raw_connection()
                             ~~~~~~~~~~~~~~~~~~~~~^^
  File "C:\Users\Yoel Abreu\Documents\epran\Astroweb\env\Lib\site-packages\sqlalchemy\engine\base.py", line 3317, in raw_connection
    return self.pool.connect()
           ~~~~~~~~~~~~~~~~~^^
  File "C:\Users\Yoel Abreu\Documents\epran\Astroweb\env\Lib\site-packages\sqlalchemy\pool\base.py", line 448, in connect
    return _ConnectionFairy._checkout(self)
           ~~~~~~~~~~~~~~~~~~~~~~~~~~^^^^^^
  File "C:\Users\Yoel Abreu\Documents\epran\Astroweb\env\Lib\site-packages\sqlalchemy\pool\base.py", line 1272, in _checkout
    fairy = _ConnectionRecord.checkout(pool)
  File "C:\Users\Yoel Abreu\Documents\epran\Astroweb\env\Lib\site-packages\sqlalchemy\pool\base.py", line 717, in checkout
    with util.safe_reraise():
         ~~~~~~~~~~~~~~~~~^^
  File "C:\Users\Yoel Abreu\Documents\epran\Astroweb\env\Lib\site-packages\sqlalchemy\util\langhelpers.py", line 121, in __exit__
    raise exc_value.with_traceback(exc_tb)
  File "C:\Users\Yoel Abreu\Documents\epran\Astroweb\env\Lib\site-packages\sqlalchemy\pool\base.py", line 715, in checkout
    dbapi_connection = rec.get_connection()
  File "C:\Users\Yoel Abreu\Documents\epran\Astroweb\env\Lib\site-packages\sqlalchemy\pool\base.py", line 866, in get_connection
    self.__connect()
    ~~~~~~~~~~~~~~^^
  File "C:\Users\Yoel Abreu\Documents\epran\Astroweb\env\Lib\site-packages\sqlalchemy\pool\base.py", line 900, in __connect
    with util.safe_reraise():
         ~~~~~~~~~~~~~~~~~^^
  File "C:\Users\Yoel Abreu\Documents\epran\Astroweb\env\Lib\site-packages\sqlalchemy\util\langhelpers.py", line 121, in __exit__
    raise exc_value.with_traceback(exc_tb)
  File "C:\Users\Yoel Abreu\Documents\epran\Astroweb\env\Lib\site-packages\sqlalchemy\pool\base.py", line 896, in __connect
    self.dbapi_connection = connection = pool._invoke_creator(self)
                                         ~~~~~~~~~~~~~~~~~~~~^^^^^^
  File "C:\Users\Yoel Abreu\Documents\epran\Astroweb\env\Lib\site-packages\sqlalchemy\engine\create.py", line 667, in connect
    return dialect.connect(*cargs_tup, **cparams)
           ~~~~~~~~~~~~~~~^^^^^^^^^^^^^^^^^^^^^^^
  File "C:\Users\Yoel Abreu\Documents\epran\Astroweb\env\Lib\site-packages\sqlalchemy\engine\default.py", line 630, in connect
    return self.loaded_dbapi.connect(*cargs, **cparams)  # type: ignore[no-any-return]  # NOQA: E501
           ~~~~~~~~~~~~~~~~~~~~~~~~~^^^^^^^^^^^^^^^^^^^
sqlalchemy.exc.OperationalError: (pyodbc.OperationalError) ('08001', '[08001] [Microsoft][ODBC Driver 17 for SQL Server]Named Pipes Provider: Could not open a connection to SQL Server [64].  (64) (SQLDriverConnect); [08001] [Microsoft][ODBC Driver 17 for SQL Server]Login timeout expired (0); [08001] [Microsoft][ODBC Driver 17 for SQL Server]A network-related or instance-specific error has occurred while establishing a connection to SQL Server. Server is not found or not accessible. Check if instance name is correct and if SQL Server is configured to allow remote connections. For more information see SQL Server Books Online. (64)')
(Background on this error at: https://sqlalche.me/e/20/e3q8)
2026-06-23 03:06:29,706 - apscheduler.executors.default - INFO - Running job "ejecutar_cambios_futuros (trigger: interval[1:00:00], next run at: 2026-06-23 04:06:29 -04)" (scheduled at 2026-06-23 03:06:29.694763-04:00)
2026-06-23 03:07:05,869 - apscheduler.executors.default - ERROR - Job "ejecutar_cambios_futuros (trigger: interval[1:00:00], next run at: 2026-06-23 04:06:29 -04)" raised an exception
Traceback (most recent call last):
  File "C:\Users\Yoel Abreu\Documents\epran\Astroweb\env\Lib\site-packages\sqlalchemy\engine\base.py", line 143, in __init__
    self._dbapi_connection = engine.raw_connection()
                             ~~~~~~~~~~~~~~~~~~~~~^^
  File "C:\Users\Yoel Abreu\Documents\epran\Astroweb\env\Lib\site-packages\sqlalchemy\engine\base.py", line 3317, in raw_connection
    return self.pool.connect()
           ~~~~~~~~~~~~~~~~~^^
  File "C:\Users\Yoel Abreu\Documents\epran\Astroweb\env\Lib\site-packages\sqlalchemy\pool\base.py", line 448, in connect
    return _ConnectionFairy._checkout(self)
           ~~~~~~~~~~~~~~~~~~~~~~~~~~^^^^^^
  File "C:\Users\Yoel Abreu\Documents\epran\Astroweb\env\Lib\site-packages\sqlalchemy\pool\base.py", line 1272, in _checkout
    fairy = _ConnectionRecord.checkout(pool)
  File "C:\Users\Yoel Abreu\Documents\epran\Astroweb\env\Lib\site-packages\sqlalchemy\pool\base.py", line 717, in checkout
    with util.safe_reraise():
         ~~~~~~~~~~~~~~~~~^^
  File "C:\Users\Yoel Abreu\Documents\epran\Astroweb\env\Lib\site-packages\sqlalchemy\util\langhelpers.py", line 121, in __exit__
    raise exc_value.with_traceback(exc_tb)
  File "C:\Users\Yoel Abreu\Documents\epran\Astroweb\env\Lib\site-packages\sqlalchemy\pool\base.py", line 715, in checkout
    dbapi_connection = rec.get_connection()
  File "C:\Users\Yoel Abreu\Documents\epran\Astroweb\env\Lib\site-packages\sqlalchemy\pool\base.py", line 866, in get_connection
    self.__connect()
    ~~~~~~~~~~~~~~^^
  File "C:\Users\Yoel Abreu\Documents\epran\Astroweb\env\Lib\site-packages\sqlalchemy\pool\base.py", line 900, in __connect
    with util.safe_reraise():
         ~~~~~~~~~~~~~~~~~^^
  File "C:\Users\Yoel Abreu\Documents\epran\Astroweb\env\Lib\site-packages\sqlalchemy\util\langhelpers.py", line 121, in __exit__
    raise exc_value.with_traceback(exc_tb)
  File "C:\Users\Yoel Abreu\Documents\epran\Astroweb\env\Lib\site-packages\sqlalchemy\pool\base.py", line 896, in __connect
    self.dbapi_connection = connection = pool._invoke_creator(self)
                                         ~~~~~~~~~~~~~~~~~~~~^^^^^^
  File "C:\Users\Yoel Abreu\Documents\epran\Astroweb\env\Lib\site-packages\sqlalchemy\engine\create.py", line 667, in connect
    return dialect.connect(*cargs_tup, **cparams)
           ~~~~~~~~~~~~~~~^^^^^^^^^^^^^^^^^^^^^^^
  File "C:\Users\Yoel Abreu\Documents\epran\Astroweb\env\Lib\site-packages\sqlalchemy\engine\default.py", line 630, in connect
    return self.loaded_dbapi.connect(*cargs, **cparams)  # type: ignore[no-any-return]  # NOQA: E501
           ~~~~~~~~~~~~~~~~~~~~~~~~~^^^^^^^^^^^^^^^^^^^
pyodbc.OperationalError: ('08001', '[08001] [Microsoft][ODBC Driver 17 for SQL Server]Named Pipes Provider: Could not open a connection to SQL Server [64].  (64) (SQLDriverConnect); [08001] [Microsoft][ODBC Driver 17 for SQL Server]Login timeout expired (0); [08001] [Microsoft][ODBC Driver 17 for SQL Server]A network-related or instance-specific error has occurred while establishing a connection to SQL Server. Server is not found or not accessible. Check if instance name is correct and if SQL Server is configured to allow remote connections. For more information see SQL Server Books Online. (64)')

The above exception was the direct cause of the following exception:

Traceback (most recent call last):
  File "C:\Users\Yoel Abreu\Documents\epran\Astroweb\env\Lib\site-packages\apscheduler\executors\base.py", line 131, in run_job
    retval = job.func(*job.args, **job.kwargs)
  File "C:\Users\Yoel Abreu\Documents\epran\Astroweb\AppWeb_v2\backend\app\services\scheduler_service.py", line 21, in ejecutar_cambios_futuros
    ).all()
      ~~~^^
  File "C:\Users\Yoel Abreu\Documents\epran\Astroweb\env\Lib\site-packages\sqlalchemy\orm\query.py", line 2711, in all
    return self._iter().all()  # type: ignore
           ~~~~~~~~~~^^
  File "C:\Users\Yoel Abreu\Documents\epran\Astroweb\env\Lib\site-packages\sqlalchemy\orm\query.py", line 2864, in _iter
    result: Union[ScalarResult[_T], Result[_T]] = self.session.execute(
                                                  ~~~~~~~~~~~~~~~~~~~~^
        statement,
        ^^^^^^^^^^
        params,
        ^^^^^^^
        execution_options={"_sa_orm_load_options": self.load_options},
        ^^^^^^^^^^^^^^^^^^^^^^^^^^^^^^^^^^^^^^^^^^^^^^^^^^^^^^^^^^^^^^
    )
    ^
  File "C:\Users\Yoel Abreu\Documents\epran\Astroweb\env\Lib\site-packages\sqlalchemy\orm\session.py", line 2351, in execute
    return self._execute_internal(
           ~~~~~~~~~~~~~~~~~~~~~~^
        statement,
        ^^^^^^^^^^
    ...<4 lines>...
        _add_event=_add_event,
        ^^^^^^^^^^^^^^^^^^^^^^
    )
    ^
  File "C:\Users\Yoel Abreu\Documents\epran\Astroweb\env\Lib\site-packages\sqlalchemy\orm\session.py", line 2239, in _execute_internal
    conn = self._connection_for_bind(bind)
  File "C:\Users\Yoel Abreu\Documents\epran\Astroweb\env\Lib\site-packages\sqlalchemy\orm\session.py", line 2108, in _connection_for_bind
    return trans._connection_for_bind(engine, execution_options)
           ~~~~~~~~~~~~~~~~~~~~~~~~~~^^^^^^^^^^^^^^^^^^^^^^^^^^^
  File "<string>", line 2, in _connection_for_bind
  File "C:\Users\Yoel Abreu\Documents\epran\Astroweb\env\Lib\site-packages\sqlalchemy\orm\state_changes.py", line 137, in _go
    ret_value = fn(self, *arg, **kw)
  File "C:\Users\Yoel Abreu\Documents\epran\Astroweb\env\Lib\site-packages\sqlalchemy\orm\session.py", line 1187, in _connection_for_bind
    conn = bind.connect()
  File "C:\Users\Yoel Abreu\Documents\epran\Astroweb\env\Lib\site-packages\sqlalchemy\engine\base.py", line 3293, in connect
    return self._connection_cls(self)
           ~~~~~~~~~~~~~~~~~~~~^^^^^^
  File "C:\Users\Yoel Abreu\Documents\epran\Astroweb\env\Lib\site-packages\sqlalchemy\engine\base.py", line 145, in __init__
    Connection._handle_dbapi_exception_noconnection(
    ~~~~~~~~~~~~~~~~~~~~~~~~~~~~~~~~~~~~~~~~~~~~~~~^
        err, dialect, engine
        ^^^^^^^^^^^^^^^^^^^^
    )
    ^
  File "C:\Users\Yoel Abreu\Documents\epran\Astroweb\env\Lib\site-packages\sqlalchemy\engine\base.py", line 2448, in _handle_dbapi_exception_noconnection
    raise sqlalchemy_exception.with_traceback(exc_info[2]) from e
  File "C:\Users\Yoel Abreu\Documents\epran\Astroweb\env\Lib\site-packages\sqlalchemy\engine\base.py", line 143, in __init__
    self._dbapi_connection = engine.raw_connection()
                             ~~~~~~~~~~~~~~~~~~~~~^^
  File "C:\Users\Yoel Abreu\Documents\epran\Astroweb\env\Lib\site-packages\sqlalchemy\engine\base.py", line 3317, in raw_connection
    return self.pool.connect()
           ~~~~~~~~~~~~~~~~~^^
  File "C:\Users\Yoel Abreu\Documents\epran\Astroweb\env\Lib\site-packages\sqlalchemy\pool\base.py", line 448, in connect
    return _ConnectionFairy._checkout(self)
           ~~~~~~~~~~~~~~~~~~~~~~~~~~^^^^^^
  File "C:\Users\Yoel Abreu\Documents\epran\Astroweb\env\Lib\site-packages\sqlalchemy\pool\base.py", line 1272, in _checkout
    fairy = _ConnectionRecord.checkout(pool)
  File "C:\Users\Yoel Abreu\Documents\epran\Astroweb\env\Lib\site-packages\sqlalchemy\pool\base.py", line 717, in checkout
    with util.safe_reraise():
         ~~~~~~~~~~~~~~~~~^^
  File "C:\Users\Yoel Abreu\Documents\epran\Astroweb\env\Lib\site-packages\sqlalchemy\util\langhelpers.py", line 121, in __exit__
    raise exc_value.with_traceback(exc_tb)
  File "C:\Users\Yoel Abreu\Documents\epran\Astroweb\env\Lib\site-packages\sqlalchemy\pool\base.py", line 715, in checkout
    dbapi_connection = rec.get_connection()
  File "C:\Users\Yoel Abreu\Documents\epran\Astroweb\env\Lib\site-packages\sqlalchemy\pool\base.py", line 866, in get_connection
    self.__connect()
    ~~~~~~~~~~~~~~^^
  File "C:\Users\Yoel Abreu\Documents\epran\Astroweb\env\Lib\site-packages\sqlalchemy\pool\base.py", line 900, in __connect
    with util.safe_reraise():
         ~~~~~~~~~~~~~~~~~^^
  File "C:\Users\Yoel Abreu\Documents\epran\Astroweb\env\Lib\site-packages\sqlalchemy\util\langhelpers.py", line 121, in __exit__
    raise exc_value.with_traceback(exc_tb)
  File "C:\Users\Yoel Abreu\Documents\epran\Astroweb\env\Lib\site-packages\sqlalchemy\pool\base.py", line 896, in __connect
    self.dbapi_connection = connection = pool._invoke_creator(self)
                                         ~~~~~~~~~~~~~~~~~~~~^^^^^^
  File "C:\Users\Yoel Abreu\Documents\epran\Astroweb\env\Lib\site-packages\sqlalchemy\engine\create.py", line 667, in connect
    return dialect.connect(*cargs_tup, **cparams)
           ~~~~~~~~~~~~~~~^^^^^^^^^^^^^^^^^^^^^^^
  File "C:\Users\Yoel Abreu\Documents\epran\Astroweb\env\Lib\site-packages\sqlalchemy\engine\default.py", line 630, in connect
    return self.loaded_dbapi.connect(*cargs, **cparams)  # type: ignore[no-any-return]  # NOQA: E501
           ~~~~~~~~~~~~~~~~~~~~~~~~~^^^^^^^^^^^^^^^^^^^
sqlalchemy.exc.OperationalError: (pyodbc.OperationalError) ('08001', '[08001] [Microsoft][ODBC Driver 17 for SQL Server]Named Pipes Provider: Could not open a connection to SQL Server [64].  (64) (SQLDriverConnect); [08001] [Microsoft][ODBC Driver 17 for SQL Server]Login timeout expired (0); [08001] [Microsoft][ODBC Driver 17 for SQL Server]A network-related or instance-specific error has occurred while establishing a connection to SQL Server. Server is not found or not accessible. Check if instance name is correct and if SQL Server is configured to allow remote connections. For more information see SQL Server Books Online. (64)')
(Background on this error at: https://sqlalche.me/e/20/e3q8)
2026-06-23 04:06:29,704 - apscheduler.executors.default - INFO - Running job "ejecutar_cambios_futuros (trigger: interval[1:00:00], next run at: 2026-06-23 05:06:29 -04)" (scheduled at 2026-06-23 04:06:29.694763-04:00)
2026-06-23 04:07:05,856 - apscheduler.executors.default - ERROR - Job "ejecutar_cambios_futuros (trigger: interval[1:00:00], next run at: 2026-06-23 05:06:29 -04)" raised an exception
Traceback (most recent call last):
  File "C:\Users\Yoel Abreu\Documents\epran\Astroweb\env\Lib\site-packages\sqlalchemy\engine\base.py", line 143, in __init__
    self._dbapi_connection = engine.raw_connection()
                             ~~~~~~~~~~~~~~~~~~~~~^^
  File "C:\Users\Yoel Abreu\Documents\epran\Astroweb\env\Lib\site-packages\sqlalchemy\engine\base.py", line 3317, in raw_connection
    return self.pool.connect()
           ~~~~~~~~~~~~~~~~~^^
  File "C:\Users\Yoel Abreu\Documents\epran\Astroweb\env\Lib\site-packages\sqlalchemy\pool\base.py", line 448, in connect
    return _ConnectionFairy._checkout(self)
           ~~~~~~~~~~~~~~~~~~~~~~~~~~^^^^^^
  File "C:\Users\Yoel Abreu\Documents\epran\Astroweb\env\Lib\site-packages\sqlalchemy\pool\base.py", line 1272, in _checkout
    fairy = _ConnectionRecord.checkout(pool)
  File "C:\Users\Yoel Abreu\Documents\epran\Astroweb\env\Lib\site-packages\sqlalchemy\pool\base.py", line 717, in checkout
    with util.safe_reraise():
         ~~~~~~~~~~~~~~~~~^^
  File "C:\Users\Yoel Abreu\Documents\epran\Astroweb\env\Lib\site-packages\sqlalchemy\util\langhelpers.py", line 121, in __exit__
    raise exc_value.with_traceback(exc_tb)
  File "C:\Users\Yoel Abreu\Documents\epran\Astroweb\env\Lib\site-packages\sqlalchemy\pool\base.py", line 715, in checkout
    dbapi_connection = rec.get_connection()
  File "C:\Users\Yoel Abreu\Documents\epran\Astroweb\env\Lib\site-packages\sqlalchemy\pool\base.py", line 866, in get_connection
    self.__connect()
    ~~~~~~~~~~~~~~^^
  File "C:\Users\Yoel Abreu\Documents\epran\Astroweb\env\Lib\site-packages\sqlalchemy\pool\base.py", line 900, in __connect
    with util.safe_reraise():
         ~~~~~~~~~~~~~~~~~^^
  File "C:\Users\Yoel Abreu\Documents\epran\Astroweb\env\Lib\site-packages\sqlalchemy\util\langhelpers.py", line 121, in __exit__
    raise exc_value.with_traceback(exc_tb)
  File "C:\Users\Yoel Abreu\Documents\epran\Astroweb\env\Lib\site-packages\sqlalchemy\pool\base.py", line 896, in __connect
    self.dbapi_connection = connection = pool._invoke_creator(self)
                                         ~~~~~~~~~~~~~~~~~~~~^^^^^^
  File "C:\Users\Yoel Abreu\Documents\epran\Astroweb\env\Lib\site-packages\sqlalchemy\engine\create.py", line 667, in connect
    return dialect.connect(*cargs_tup, **cparams)
           ~~~~~~~~~~~~~~~^^^^^^^^^^^^^^^^^^^^^^^
  File "C:\Users\Yoel Abreu\Documents\epran\Astroweb\env\Lib\site-packages\sqlalchemy\engine\default.py", line 630, in connect
    return self.loaded_dbapi.connect(*cargs, **cparams)  # type: ignore[no-any-return]  # NOQA: E501
           ~~~~~~~~~~~~~~~~~~~~~~~~~^^^^^^^^^^^^^^^^^^^
pyodbc.OperationalError: ('08001', '[08001] [Microsoft][ODBC Driver 17 for SQL Server]Named Pipes Provider: Could not open a connection to SQL Server [64].  (64) (SQLDriverConnect); [08001] [Microsoft][ODBC Driver 17 for SQL Server]Login timeout expired (0); [08001] [Microsoft][ODBC Driver 17 for SQL Server]A network-related or instance-specific error has occurred while establishing a connection to SQL Server. Server is not found or not accessible. Check if instance name is correct and if SQL Server is configured to allow remote connections. For more information see SQL Server Books Online. (64)')

The above exception was the direct cause of the following exception:

Traceback (most recent call last):
  File "C:\Users\Yoel Abreu\Documents\epran\Astroweb\env\Lib\site-packages\apscheduler\executors\base.py", line 131, in run_job
    retval = job.func(*job.args, **job.kwargs)
  File "C:\Users\Yoel Abreu\Documents\epran\Astroweb\AppWeb_v2\backend\app\services\scheduler_service.py", line 21, in ejecutar_cambios_futuros
    ).all()
      ~~~^^
  File "C:\Users\Yoel Abreu\Documents\epran\Astroweb\env\Lib\site-packages\sqlalchemy\orm\query.py", line 2711, in all
    return self._iter().all()  # type: ignore
           ~~~~~~~~~~^^
  File "C:\Users\Yoel Abreu\Documents\epran\Astroweb\env\Lib\site-packages\sqlalchemy\orm\query.py", line 2864, in _iter
    result: Union[ScalarResult[_T], Result[_T]] = self.session.execute(
                                                  ~~~~~~~~~~~~~~~~~~~~^
        statement,
        ^^^^^^^^^^
        params,
        ^^^^^^^
        execution_options={"_sa_orm_load_options": self.load_options},
        ^^^^^^^^^^^^^^^^^^^^^^^^^^^^^^^^^^^^^^^^^^^^^^^^^^^^^^^^^^^^^^
    )
    ^
  File "C:\Users\Yoel Abreu\Documents\epran\Astroweb\env\Lib\site-packages\sqlalchemy\orm\session.py", line 2351, in execute
    return self._execute_internal(
           ~~~~~~~~~~~~~~~~~~~~~~^
        statement,
        ^^^^^^^^^^
    ...<4 lines>...
        _add_event=_add_event,
        ^^^^^^^^^^^^^^^^^^^^^^
    )
    ^
  File "C:\Users\Yoel Abreu\Documents\epran\Astroweb\env\Lib\site-packages\sqlalchemy\orm\session.py", line 2239, in _execute_internal
    conn = self._connection_for_bind(bind)
  File "C:\Users\Yoel Abreu\Documents\epran\Astroweb\env\Lib\site-packages\sqlalchemy\orm\session.py", line 2108, in _connection_for_bind
    return trans._connection_for_bind(engine, execution_options)
           ~~~~~~~~~~~~~~~~~~~~~~~~~~^^^^^^^^^^^^^^^^^^^^^^^^^^^
  File "<string>", line 2, in _connection_for_bind
  File "C:\Users\Yoel Abreu\Documents\epran\Astroweb\env\Lib\site-packages\sqlalchemy\orm\state_changes.py", line 137, in _go
    ret_value = fn(self, *arg, **kw)
  File "C:\Users\Yoel Abreu\Documents\epran\Astroweb\env\Lib\site-packages\sqlalchemy\orm\session.py", line 1187, in _connection_for_bind
    conn = bind.connect()
  File "C:\Users\Yoel Abreu\Documents\epran\Astroweb\env\Lib\site-packages\sqlalchemy\engine\base.py", line 3293, in connect
    return self._connection_cls(self)
           ~~~~~~~~~~~~~~~~~~~~^^^^^^
  File "C:\Users\Yoel Abreu\Documents\epran\Astroweb\env\Lib\site-packages\sqlalchemy\engine\base.py", line 145, in __init__
    Connection._handle_dbapi_exception_noconnection(
    ~~~~~~~~~~~~~~~~~~~~~~~~~~~~~~~~~~~~~~~~~~~~~~~^
        err, dialect, engine
        ^^^^^^^^^^^^^^^^^^^^
    )
    ^
  File "C:\Users\Yoel Abreu\Documents\epran\Astroweb\env\Lib\site-packages\sqlalchemy\engine\base.py", line 2448, in _handle_dbapi_exception_noconnection
    raise sqlalchemy_exception.with_traceback(exc_info[2]) from e
  File "C:\Users\Yoel Abreu\Documents\epran\Astroweb\env\Lib\site-packages\sqlalchemy\engine\base.py", line 143, in __init__
    self._dbapi_connection = engine.raw_connection()
                             ~~~~~~~~~~~~~~~~~~~~~^^
  File "C:\Users\Yoel Abreu\Documents\epran\Astroweb\env\Lib\site-packages\sqlalchemy\engine\base.py", line 3317, in raw_connection
    return self.pool.connect()
           ~~~~~~~~~~~~~~~~~^^
  File "C:\Users\Yoel Abreu\Documents\epran\Astroweb\env\Lib\site-packages\sqlalchemy\pool\base.py", line 448, in connect
    return _ConnectionFairy._checkout(self)
           ~~~~~~~~~~~~~~~~~~~~~~~~~~^^^^^^
  File "C:\Users\Yoel Abreu\Documents\epran\Astroweb\env\Lib\site-packages\sqlalchemy\pool\base.py", line 1272, in _checkout
    fairy = _ConnectionRecord.checkout(pool)
  File "C:\Users\Yoel Abreu\Documents\epran\Astroweb\env\Lib\site-packages\sqlalchemy\pool\base.py", line 717, in checkout
    with util.safe_reraise():
         ~~~~~~~~~~~~~~~~~^^
  File "C:\Users\Yoel Abreu\Documents\epran\Astroweb\env\Lib\site-packages\sqlalchemy\util\langhelpers.py", line 121, in __exit__
    raise exc_value.with_traceback(exc_tb)
  File "C:\Users\Yoel Abreu\Documents\epran\Astroweb\env\Lib\site-packages\sqlalchemy\pool\base.py", line 715, in checkout
    dbapi_connection = rec.get_connection()
  File "C:\Users\Yoel Abreu\Documents\epran\Astroweb\env\Lib\site-packages\sqlalchemy\pool\base.py", line 866, in get_connection
    self.__connect()
    ~~~~~~~~~~~~~~^^
  File "C:\Users\Yoel Abreu\Documents\epran\Astroweb\env\Lib\site-packages\sqlalchemy\pool\base.py", line 900, in __connect
    with util.safe_reraise():
         ~~~~~~~~~~~~~~~~~^^
  File "C:\Users\Yoel Abreu\Documents\epran\Astroweb\env\Lib\site-packages\sqlalchemy\util\langhelpers.py", line 121, in __exit__
    raise exc_value.with_traceback(exc_tb)
  File "C:\Users\Yoel Abreu\Documents\epran\Astroweb\env\Lib\site-packages\sqlalchemy\pool\base.py", line 896, in __connect
    self.dbapi_connection = connection = pool._invoke_creator(self)
                                         ~~~~~~~~~~~~~~~~~~~~^^^^^^
  File "C:\Users\Yoel Abreu\Documents\epran\Astroweb\env\Lib\site-packages\sqlalchemy\engine\create.py", line 667, in connect
    return dialect.connect(*cargs_tup, **cparams)
           ~~~~~~~~~~~~~~~^^^^^^^^^^^^^^^^^^^^^^^
  File "C:\Users\Yoel Abreu\Documents\epran\Astroweb\env\Lib\site-packages\sqlalchemy\engine\default.py", line 630, in connect
    return self.loaded_dbapi.connect(*cargs, **cparams)  # type: ignore[no-any-return]  # NOQA: E501
           ~~~~~~~~~~~~~~~~~~~~~~~~~^^^^^^^^^^^^^^^^^^^
sqlalchemy.exc.OperationalError: (pyodbc.OperationalError) ('08001', '[08001] [Microsoft][ODBC Driver 17 for SQL Server]Named Pipes Provider: Could not open a connection to SQL Server [64].  (64) (SQLDriverConnect); [08001] [Microsoft][ODBC Driver 17 for SQL Server]Login timeout expired (0); [08001] [Microsoft][ODBC Driver 17 for SQL Server]A network-related or instance-specific error has occurred while establishing a connection to SQL Server. Server is not found or not accessible. Check if instance name is correct and if SQL Server is configured to allow remote connections. For more information see SQL Server Books Online. (64)')
(Background on this error at: https://sqlalche.me/e/20/e3q8)
2026-06-23 05:06:29,700 - apscheduler.executors.default - INFO - Running job "ejecutar_cambios_futuros (trigger: interval[1:00:00], next run at: 2026-06-23 06:06:29 -04)" (scheduled at 2026-06-23 05:06:29.694763-04:00)
2026-06-23 05:07:05,847 - apscheduler.executors.default - ERROR - Job "ejecutar_cambios_futuros (trigger: interval[1:00:00], next run at: 2026-06-23 06:06:29 -04)" raised an exception
Traceback (most recent call last):
  File "C:\Users\Yoel Abreu\Documents\epran\Astroweb\env\Lib\site-packages\sqlalchemy\engine\base.py", line 143, in __init__
    self._dbapi_connection = engine.raw_connection()
                             ~~~~~~~~~~~~~~~~~~~~~^^
  File "C:\Users\Yoel Abreu\Documents\epran\Astroweb\env\Lib\site-packages\sqlalchemy\engine\base.py", line 3317, in raw_connection
    return self.pool.connect()
           ~~~~~~~~~~~~~~~~~^^
  File "C:\Users\Yoel Abreu\Documents\epran\Astroweb\env\Lib\site-packages\sqlalchemy\pool\base.py", line 448, in connect
    return _ConnectionFairy._checkout(self)
           ~~~~~~~~~~~~~~~~~~~~~~~~~~^^^^^^
  File "C:\Users\Yoel Abreu\Documents\epran\Astroweb\env\Lib\site-packages\sqlalchemy\pool\base.py", line 1272, in _checkout
    fairy = _ConnectionRecord.checkout(pool)
  File "C:\Users\Yoel Abreu\Documents\epran\Astroweb\env\Lib\site-packages\sqlalchemy\pool\base.py", line 717, in checkout
    with util.safe_reraise():
         ~~~~~~~~~~~~~~~~~^^
  File "C:\Users\Yoel Abreu\Documents\epran\Astroweb\env\Lib\site-packages\sqlalchemy\util\langhelpers.py", line 121, in __exit__
    raise exc_value.with_traceback(exc_tb)
  File "C:\Users\Yoel Abreu\Documents\epran\Astroweb\env\Lib\site-packages\sqlalchemy\pool\base.py", line 715, in checkout
    dbapi_connection = rec.get_connection()
  File "C:\Users\Yoel Abreu\Documents\epran\Astroweb\env\Lib\site-packages\sqlalchemy\pool\base.py", line 866, in get_connection
    self.__connect()
    ~~~~~~~~~~~~~~^^
  File "C:\Users\Yoel Abreu\Documents\epran\Astroweb\env\Lib\site-packages\sqlalchemy\pool\base.py", line 900, in __connect
    with util.safe_reraise():
         ~~~~~~~~~~~~~~~~~^^
  File "C:\Users\Yoel Abreu\Documents\epran\Astroweb\env\Lib\site-packages\sqlalchemy\util\langhelpers.py", line 121, in __exit__
    raise exc_value.with_traceback(exc_tb)
  File "C:\Users\Yoel Abreu\Documents\epran\Astroweb\env\Lib\site-packages\sqlalchemy\pool\base.py", line 896, in __connect
    self.dbapi_connection = connection = pool._invoke_creator(self)
                                         ~~~~~~~~~~~~~~~~~~~~^^^^^^
  File "C:\Users\Yoel Abreu\Documents\epran\Astroweb\env\Lib\site-packages\sqlalchemy\engine\create.py", line 667, in connect
    return dialect.connect(*cargs_tup, **cparams)
           ~~~~~~~~~~~~~~~^^^^^^^^^^^^^^^^^^^^^^^
  File "C:\Users\Yoel Abreu\Documents\epran\Astroweb\env\Lib\site-packages\sqlalchemy\engine\default.py", line 630, in connect
    return self.loaded_dbapi.connect(*cargs, **cparams)  # type: ignore[no-any-return]  # NOQA: E501
           ~~~~~~~~~~~~~~~~~~~~~~~~~^^^^^^^^^^^^^^^^^^^
pyodbc.OperationalError: ('08001', '[08001] [Microsoft][ODBC Driver 17 for SQL Server]Named Pipes Provider: Could not open a connection to SQL Server [64].  (64) (SQLDriverConnect); [08001] [Microsoft][ODBC Driver 17 for SQL Server]Login timeout expired (0); [08001] [Microsoft][ODBC Driver 17 for SQL Server]A network-related or instance-specific error has occurred while establishing a connection to SQL Server. Server is not found or not accessible. Check if instance name is correct and if SQL Server is configured to allow remote connections. For more information see SQL Server Books Online. (64)')

The above exception was the direct cause of the following exception:

Traceback (most recent call last):
  File "C:\Users\Yoel Abreu\Documents\epran\Astroweb\env\Lib\site-packages\apscheduler\executors\base.py", line 131, in run_job
    retval = job.func(*job.args, **job.kwargs)
  File "C:\Users\Yoel Abreu\Documents\epran\Astroweb\AppWeb_v2\backend\app\services\scheduler_service.py", line 21, in ejecutar_cambios_futuros
    ).all()
      ~~~^^
  File "C:\Users\Yoel Abreu\Documents\epran\Astroweb\env\Lib\site-packages\sqlalchemy\orm\query.py", line 2711, in all
    return self._iter().all()  # type: ignore
           ~~~~~~~~~~^^
  File "C:\Users\Yoel Abreu\Documents\epran\Astroweb\env\Lib\site-packages\sqlalchemy\orm\query.py", line 2864, in _iter
    result: Union[ScalarResult[_T], Result[_T]] = self.session.execute(
                                                  ~~~~~~~~~~~~~~~~~~~~^
        statement,
        ^^^^^^^^^^
        params,
        ^^^^^^^
        execution_options={"_sa_orm_load_options": self.load_options},
        ^^^^^^^^^^^^^^^^^^^^^^^^^^^^^^^^^^^^^^^^^^^^^^^^^^^^^^^^^^^^^^
    )
    ^
  File "C:\Users\Yoel Abreu\Documents\epran\Astroweb\env\Lib\site-packages\sqlalchemy\orm\session.py", line 2351, in execute
    return self._execute_internal(
           ~~~~~~~~~~~~~~~~~~~~~~^
        statement,
        ^^^^^^^^^^
    ...<4 lines>...
        _add_event=_add_event,
        ^^^^^^^^^^^^^^^^^^^^^^
    )
    ^
  File "C:\Users\Yoel Abreu\Documents\epran\Astroweb\env\Lib\site-packages\sqlalchemy\orm\session.py", line 2239, in _execute_internal
    conn = self._connection_for_bind(bind)
  File "C:\Users\Yoel Abreu\Documents\epran\Astroweb\env\Lib\site-packages\sqlalchemy\orm\session.py", line 2108, in _connection_for_bind
    return trans._connection_for_bind(engine, execution_options)
           ~~~~~~~~~~~~~~~~~~~~~~~~~~^^^^^^^^^^^^^^^^^^^^^^^^^^^
  File "<string>", line 2, in _connection_for_bind
  File "C:\Users\Yoel Abreu\Documents\epran\Astroweb\env\Lib\site-packages\sqlalchemy\orm\state_changes.py", line 137, in _go
    ret_value = fn(self, *arg, **kw)
  File "C:\Users\Yoel Abreu\Documents\epran\Astroweb\env\Lib\site-packages\sqlalchemy\orm\session.py", line 1187, in _connection_for_bind
    conn = bind.connect()
  File "C:\Users\Yoel Abreu\Documents\epran\Astroweb\env\Lib\site-packages\sqlalchemy\engine\base.py", line 3293, in connect
    return self._connection_cls(self)
           ~~~~~~~~~~~~~~~~~~~~^^^^^^
  File "C:\Users\Yoel Abreu\Documents\epran\Astroweb\env\Lib\site-packages\sqlalchemy\engine\base.py", line 145, in __init__
    Connection._handle_dbapi_exception_noconnection(
    ~~~~~~~~~~~~~~~~~~~~~~~~~~~~~~~~~~~~~~~~~~~~~~~^
        err, dialect, engine
        ^^^^^^^^^^^^^^^^^^^^
    )
    ^
  File "C:\Users\Yoel Abreu\Documents\epran\Astroweb\env\Lib\site-packages\sqlalchemy\engine\base.py", line 2448, in _handle_dbapi_exception_noconnection
    raise sqlalchemy_exception.with_traceback(exc_info[2]) from e
  File "C:\Users\Yoel Abreu\Documents\epran\Astroweb\env\Lib\site-packages\sqlalchemy\engine\base.py", line 143, in __init__
    self._dbapi_connection = engine.raw_connection()
                             ~~~~~~~~~~~~~~~~~~~~~^^
  File "C:\Users\Yoel Abreu\Documents\epran\Astroweb\env\Lib\site-packages\sqlalchemy\engine\base.py", line 3317, in raw_connection
    return self.pool.connect()
           ~~~~~~~~~~~~~~~~~^^
  File "C:\Users\Yoel Abreu\Documents\epran\Astroweb\env\Lib\site-packages\sqlalchemy\pool\base.py", line 448, in connect
    return _ConnectionFairy._checkout(self)
           ~~~~~~~~~~~~~~~~~~~~~~~~~~^^^^^^
  File "C:\Users\Yoel Abreu\Documents\epran\Astroweb\env\Lib\site-packages\sqlalchemy\pool\base.py", line 1272, in _checkout
    fairy = _ConnectionRecord.checkout(pool)
  File "C:\Users\Yoel Abreu\Documents\epran\Astroweb\env\Lib\site-packages\sqlalchemy\pool\base.py", line 717, in checkout
    with util.safe_reraise():
         ~~~~~~~~~~~~~~~~~^^
  File "C:\Users\Yoel Abreu\Documents\epran\Astroweb\env\Lib\site-packages\sqlalchemy\util\langhelpers.py", line 121, in __exit__
    raise exc_value.with_traceback(exc_tb)
  File "C:\Users\Yoel Abreu\Documents\epran\Astroweb\env\Lib\site-packages\sqlalchemy\pool\base.py", line 715, in checkout
    dbapi_connection = rec.get_connection()
  File "C:\Users\Yoel Abreu\Documents\epran\Astroweb\env\Lib\site-packages\sqlalchemy\pool\base.py", line 866, in get_connection
    self.__connect()
    ~~~~~~~~~~~~~~^^
  File "C:\Users\Yoel Abreu\Documents\epran\Astroweb\env\Lib\site-packages\sqlalchemy\pool\base.py", line 900, in __connect
    with util.safe_reraise():
         ~~~~~~~~~~~~~~~~~^^
  File "C:\Users\Yoel Abreu\Documents\epran\Astroweb\env\Lib\site-packages\sqlalchemy\util\langhelpers.py", line 121, in __exit__
    raise exc_value.with_traceback(exc_tb)
  File "C:\Users\Yoel Abreu\Documents\epran\Astroweb\env\Lib\site-packages\sqlalchemy\pool\base.py", line 896, in __connect
    self.dbapi_connection = connection = pool._invoke_creator(self)
                                         ~~~~~~~~~~~~~~~~~~~~^^^^^^
  File "C:\Users\Yoel Abreu\Documents\epran\Astroweb\env\Lib\site-packages\sqlalchemy\engine\create.py", line 667, in connect
    return dialect.connect(*cargs_tup, **cparams)
           ~~~~~~~~~~~~~~~^^^^^^^^^^^^^^^^^^^^^^^
  File "C:\Users\Yoel Abreu\Documents\epran\Astroweb\env\Lib\site-packages\sqlalchemy\engine\default.py", line 630, in connect
    return self.loaded_dbapi.connect(*cargs, **cparams)  # type: ignore[no-any-return]  # NOQA: E501
           ~~~~~~~~~~~~~~~~~~~~~~~~~^^^^^^^^^^^^^^^^^^^
sqlalchemy.exc.OperationalError: (pyodbc.OperationalError) ('08001', '[08001] [Microsoft][ODBC Driver 17 for SQL Server]Named Pipes Provider: Could not open a connection to SQL Server [64].  (64) (SQLDriverConnect); [08001] [Microsoft][ODBC Driver 17 for SQL Server]Login timeout expired (0); [08001] [Microsoft][ODBC Driver 17 for SQL Server]A network-related or instance-specific error has occurred while establishing a connection to SQL Server. Server is not found or not accessible. Check if instance name is correct and if SQL Server is configured to allow remote connections. For more information see SQL Server Books Online. (64)')
(Background on this error at: https://sqlalche.me/e/20/e3q8)
2026-06-23 06:06:29,705 - apscheduler.executors.default - INFO - Running job "ejecutar_cambios_futuros (trigger: interval[1:00:00], next run at: 2026-06-23 07:06:29 -04)" (scheduled at 2026-06-23 06:06:29.694763-04:00)
2026-06-23 06:07:05,903 - apscheduler.executors.default - ERROR - Job "ejecutar_cambios_futuros (trigger: interval[1:00:00], next run at: 2026-06-23 07:06:29 -04)" raised an exception
Traceback (most recent call last):
  File "C:\Users\Yoel Abreu\Documents\epran\Astroweb\env\Lib\site-packages\sqlalchemy\engine\base.py", line 143, in __init__
    self._dbapi_connection = engine.raw_connection()
                             ~~~~~~~~~~~~~~~~~~~~~^^
  File "C:\Users\Yoel Abreu\Documents\epran\Astroweb\env\Lib\site-packages\sqlalchemy\engine\base.py", line 3317, in raw_connection
    return self.pool.connect()
           ~~~~~~~~~~~~~~~~~^^
  File "C:\Users\Yoel Abreu\Documents\epran\Astroweb\env\Lib\site-packages\sqlalchemy\pool\base.py", line 448, in connect
    return _ConnectionFairy._checkout(self)
           ~~~~~~~~~~~~~~~~~~~~~~~~~~^^^^^^
  File "C:\Users\Yoel Abreu\Documents\epran\Astroweb\env\Lib\site-packages\sqlalchemy\pool\base.py", line 1272, in _checkout
    fairy = _ConnectionRecord.checkout(pool)
  File "C:\Users\Yoel Abreu\Documents\epran\Astroweb\env\Lib\site-packages\sqlalchemy\pool\base.py", line 717, in checkout
    with util.safe_reraise():
         ~~~~~~~~~~~~~~~~~^^
  File "C:\Users\Yoel Abreu\Documents\epran\Astroweb\env\Lib\site-packages\sqlalchemy\util\langhelpers.py", line 121, in __exit__
    raise exc_value.with_traceback(exc_tb)
  File "C:\Users\Yoel Abreu\Documents\epran\Astroweb\env\Lib\site-packages\sqlalchemy\pool\base.py", line 715, in checkout
    dbapi_connection = rec.get_connection()
  File "C:\Users\Yoel Abreu\Documents\epran\Astroweb\env\Lib\site-packages\sqlalchemy\pool\base.py", line 866, in get_connection
    self.__connect()
    ~~~~~~~~~~~~~~^^
  File "C:\Users\Yoel Abreu\Documents\epran\Astroweb\env\Lib\site-packages\sqlalchemy\pool\base.py", line 900, in __connect
    with util.safe_reraise():
         ~~~~~~~~~~~~~~~~~^^
  File "C:\Users\Yoel Abreu\Documents\epran\Astroweb\env\Lib\site-packages\sqlalchemy\util\langhelpers.py", line 121, in __exit__
    raise exc_value.with_traceback(exc_tb)
  File "C:\Users\Yoel Abreu\Documents\epran\Astroweb\env\Lib\site-packages\sqlalchemy\pool\base.py", line 896, in __connect
    self.dbapi_connection = connection = pool._invoke_creator(self)
                                         ~~~~~~~~~~~~~~~~~~~~^^^^^^
  File "C:\Users\Yoel Abreu\Documents\epran\Astroweb\env\Lib\site-packages\sqlalchemy\engine\create.py", line 667, in connect
    return dialect.connect(*cargs_tup, **cparams)
           ~~~~~~~~~~~~~~~^^^^^^^^^^^^^^^^^^^^^^^
  File "C:\Users\Yoel Abreu\Documents\epran\Astroweb\env\Lib\site-packages\sqlalchemy\engine\default.py", line 630, in connect
    return self.loaded_dbapi.connect(*cargs, **cparams)  # type: ignore[no-any-return]  # NOQA: E501
           ~~~~~~~~~~~~~~~~~~~~~~~~~^^^^^^^^^^^^^^^^^^^
pyodbc.OperationalError: ('08001', '[08001] [Microsoft][ODBC Driver 17 for SQL Server]Named Pipes Provider: Could not open a connection to SQL Server [64].  (64) (SQLDriverConnect); [08001] [Microsoft][ODBC Driver 17 for SQL Server]Login timeout expired (0); [08001] [Microsoft][ODBC Driver 17 for SQL Server]A network-related or instance-specific error has occurred while establishing a connection to SQL Server. Server is not found or not accessible. Check if instance name is correct and if SQL Server is configured to allow remote connections. For more information see SQL Server Books Online. (64)')

The above exception was the direct cause of the following exception:

Traceback (most recent call last):
  File "C:\Users\Yoel Abreu\Documents\epran\Astroweb\env\Lib\site-packages\apscheduler\executors\base.py", line 131, in run_job
    retval = job.func(*job.args, **job.kwargs)
  File "C:\Users\Yoel Abreu\Documents\epran\Astroweb\AppWeb_v2\backend\app\services\scheduler_service.py", line 21, in ejecutar_cambios_futuros
    ).all()
      ~~~^^
  File "C:\Users\Yoel Abreu\Documents\epran\Astroweb\env\Lib\site-packages\sqlalchemy\orm\query.py", line 2711, in all
    return self._iter().all()  # type: ignore
           ~~~~~~~~~~^^
  File "C:\Users\Yoel Abreu\Documents\epran\Astroweb\env\Lib\site-packages\sqlalchemy\orm\query.py", line 2864, in _iter
    result: Union[ScalarResult[_T], Result[_T]] = self.session.execute(
                                                  ~~~~~~~~~~~~~~~~~~~~^
        statement,
        ^^^^^^^^^^
        params,
        ^^^^^^^
        execution_options={"_sa_orm_load_options": self.load_options},
        ^^^^^^^^^^^^^^^^^^^^^^^^^^^^^^^^^^^^^^^^^^^^^^^^^^^^^^^^^^^^^^
    )
    ^
  File "C:\Users\Yoel Abreu\Documents\epran\Astroweb\env\Lib\site-packages\sqlalchemy\orm\session.py", line 2351, in execute
    return self._execute_internal(
           ~~~~~~~~~~~~~~~~~~~~~~^
        statement,
        ^^^^^^^^^^
    ...<4 lines>...
        _add_event=_add_event,
        ^^^^^^^^^^^^^^^^^^^^^^
    )
    ^
  File "C:\Users\Yoel Abreu\Documents\epran\Astroweb\env\Lib\site-packages\sqlalchemy\orm\session.py", line 2239, in _execute_internal
    conn = self._connection_for_bind(bind)
  File "C:\Users\Yoel Abreu\Documents\epran\Astroweb\env\Lib\site-packages\sqlalchemy\orm\session.py", line 2108, in _connection_for_bind
    return trans._connection_for_bind(engine, execution_options)
           ~~~~~~~~~~~~~~~~~~~~~~~~~~^^^^^^^^^^^^^^^^^^^^^^^^^^^
  File "<string>", line 2, in _connection_for_bind
  File "C:\Users\Yoel Abreu\Documents\epran\Astroweb\env\Lib\site-packages\sqlalchemy\orm\state_changes.py", line 137, in _go
    ret_value = fn(self, *arg, **kw)
  File "C:\Users\Yoel Abreu\Documents\epran\Astroweb\env\Lib\site-packages\sqlalchemy\orm\session.py", line 1187, in _connection_for_bind
    conn = bind.connect()
  File "C:\Users\Yoel Abreu\Documents\epran\Astroweb\env\Lib\site-packages\sqlalchemy\engine\base.py", line 3293, in connect
    return self._connection_cls(self)
           ~~~~~~~~~~~~~~~~~~~~^^^^^^
  File "C:\Users\Yoel Abreu\Documents\epran\Astroweb\env\Lib\site-packages\sqlalchemy\engine\base.py", line 145, in __init__
    Connection._handle_dbapi_exception_noconnection(
    ~~~~~~~~~~~~~~~~~~~~~~~~~~~~~~~~~~~~~~~~~~~~~~~^
        err, dialect, engine
        ^^^^^^^^^^^^^^^^^^^^
    )
    ^
  File "C:\Users\Yoel Abreu\Documents\epran\Astroweb\env\Lib\site-packages\sqlalchemy\engine\base.py", line 2448, in _handle_dbapi_exception_noconnection
    raise sqlalchemy_exception.with_traceback(exc_info[2]) from e
  File "C:\Users\Yoel Abreu\Documents\epran\Astroweb\env\Lib\site-packages\sqlalchemy\engine\base.py", line 143, in __init__
    self._dbapi_connection = engine.raw_connection()
                             ~~~~~~~~~~~~~~~~~~~~~^^
  File "C:\Users\Yoel Abreu\Documents\epran\Astroweb\env\Lib\site-packages\sqlalchemy\engine\base.py", line 3317, in raw_connection
    return self.pool.connect()
           ~~~~~~~~~~~~~~~~~^^
  File "C:\Users\Yoel Abreu\Documents\epran\Astroweb\env\Lib\site-packages\sqlalchemy\pool\base.py", line 448, in connect
    return _ConnectionFairy._checkout(self)
           ~~~~~~~~~~~~~~~~~~~~~~~~~~^^^^^^
  File "C:\Users\Yoel Abreu\Documents\epran\Astroweb\env\Lib\site-packages\sqlalchemy\pool\base.py", line 1272, in _checkout
    fairy = _ConnectionRecord.checkout(pool)
  File "C:\Users\Yoel Abreu\Documents\epran\Astroweb\env\Lib\site-packages\sqlalchemy\pool\base.py", line 717, in checkout
    with util.safe_reraise():
         ~~~~~~~~~~~~~~~~~^^
  File "C:\Users\Yoel Abreu\Documents\epran\Astroweb\env\Lib\site-packages\sqlalchemy\util\langhelpers.py", line 121, in __exit__
    raise exc_value.with_traceback(exc_tb)
  File "C:\Users\Yoel Abreu\Documents\epran\Astroweb\env\Lib\site-packages\sqlalchemy\pool\base.py", line 715, in checkout
    dbapi_connection = rec.get_connection()
  File "C:\Users\Yoel Abreu\Documents\epran\Astroweb\env\Lib\site-packages\sqlalchemy\pool\base.py", line 866, in get_connection
    self.__connect()
    ~~~~~~~~~~~~~~^^
  File "C:\Users\Yoel Abreu\Documents\epran\Astroweb\env\Lib\site-packages\sqlalchemy\pool\base.py", line 900, in __connect
    with util.safe_reraise():
         ~~~~~~~~~~~~~~~~~^^
  File "C:\Users\Yoel Abreu\Documents\epran\Astroweb\env\Lib\site-packages\sqlalchemy\util\langhelpers.py", line 121, in __exit__
    raise exc_value.with_traceback(exc_tb)
  File "C:\Users\Yoel Abreu\Documents\epran\Astroweb\env\Lib\site-packages\sqlalchemy\pool\base.py", line 896, in __connect
    self.dbapi_connection = connection = pool._invoke_creator(self)
                                         ~~~~~~~~~~~~~~~~~~~~^^^^^^
  File "C:\Users\Yoel Abreu\Documents\epran\Astroweb\env\Lib\site-packages\sqlalchemy\engine\create.py", line 667, in connect
    return dialect.connect(*cargs_tup, **cparams)
           ~~~~~~~~~~~~~~~^^^^^^^^^^^^^^^^^^^^^^^
  File "C:\Users\Yoel Abreu\Documents\epran\Astroweb\env\Lib\site-packages\sqlalchemy\engine\default.py", line 630, in connect
    return self.loaded_dbapi.connect(*cargs, **cparams)  # type: ignore[no-any-return]  # NOQA: E501
           ~~~~~~~~~~~~~~~~~~~~~~~~~^^^^^^^^^^^^^^^^^^^
sqlalchemy.exc.OperationalError: (pyodbc.OperationalError) ('08001', '[08001] [Microsoft][ODBC Driver 17 for SQL Server]Named Pipes Provider: Could not open a connection to SQL Server [64].  (64) (SQLDriverConnect); [08001] [Microsoft][ODBC Driver 17 for SQL Server]Login timeout expired (0); [08001] [Microsoft][ODBC Driver 17 for SQL Server]A network-related or instance-specific error has occurred while establishing a connection to SQL Server. Server is not found or not accessible. Check if instance name is correct and if SQL Server is configured to allow remote connections. For more information see SQL Server Books Online. (64)')
(Background on this error at: https://sqlalche.me/e/20/e3q8)
