INFO:     Started server process [6604]
INFO:     Waiting for application startup.
2026-06-19 23:37:01,789 - apscheduler.scheduler - INFO - Adding job tentatively -- it will be properly scheduled when the scheduler starts
2026-06-19 23:37:01,792 - apscheduler.scheduler - INFO - Added job "ejecutar_cambios_futuros" to job store "default"
2026-06-19 23:37:01,792 - apscheduler.scheduler - INFO - Scheduler started
2026-06-19 23:37:01,793 - app.services.scheduler_service - INFO - Scheduler iniciado
INFO:     Application startup complete.
INFO:     Uvicorn running on http://127.0.0.1:8000 (Press CTRL+C to quit)
INFO:     127.0.0.1:64988 - "GET /health HTTP/1.1" 200 OK
INFO:     127.0.0.1:64997 - "GET / HTTP/1.1" 200 OK
INFO:     127.0.0.1:64999 - "GET /docs HTTP/1.1" 200 OK
INFO:     127.0.0.1:65000 - "GET /openapi.json HTTP/1.1" 200 OK
INFO:     127.0.0.1:51484 - "GET /openapi.json HTTP/1.1" 200 OK
!!! get_db CALLED !!!
!!! VALIDATION ERROR: [{'type': 'model_attributes_type', 'loc': ('body',), 'msg': 'Input should be a valid dictionary or object to extract fields from', 'input': b'username=__nope__&password=__nope__'}]
CRASH DETECTED in /auth/login: Object of type bytes is not JSON serializable
Traceback (most recent call last):
  File "C:\Users\Yoel Abreu\Documents\epran\Astroweb\env\Lib\site-packages\starlette\_exception_handler.py", line 42, in wrapped_app
    await app(scope, receive, sender)
  File "C:\Users\Yoel Abreu\Documents\epran\Astroweb\env\Lib\site-packages\fastapi\routing.py", line 120, in app
    response = await f(request)
               ^^^^^^^^^^^^^^^^
  File "C:\Users\Yoel Abreu\Documents\epran\Astroweb\env\Lib\site-packages\fastapi\routing.py", line 723, in app
    raise validation_error
fastapi.exceptions.RequestValidationError: 1 validation error:
  {'type': 'model_attributes_type', 'loc': ('body',), 'msg': 'Input should be a valid dictionary or object to extract fields from', 'input': b'username=__nope__&password=__nope__'}

  File "C:\Users\Yoel Abreu\Documents\epran\Astroweb\.run-v2\AppWeb_v2\backend\app\routes\auth.py", line 20, in login
    POST /auth/login

During handling of the above exception, another exception occurred:

Traceback (most recent call last):
  File "C:\Users\Yoel Abreu\Documents\epran\Astroweb\env\Lib\site-packages\starlette\middleware\errors.py", line 164, in __call__
    await self.app(scope, receive, _send)
  File "C:\Users\Yoel Abreu\Documents\epran\Astroweb\env\Lib\site-packages\starlette\middleware\cors.py", line 88, in __call__
    await self.app(scope, receive, send)
  File "C:\Users\Yoel Abreu\Documents\epran\Astroweb\env\Lib\site-packages\starlette\middleware\exceptions.py", line 63, in __call__
    await wrap_app_handling_exceptions(self.app, conn)(scope, receive, send)
  File "C:\Users\Yoel Abreu\Documents\epran\Astroweb\env\Lib\site-packages\starlette\_exception_handler.py", line 53, in wrapped_app
    raise exc
  File "C:\Users\Yoel Abreu\Documents\epran\Astroweb\env\Lib\site-packages\starlette\_exception_handler.py", line 42, in wrapped_app
    await app(scope, receive, sender)
  File "C:\Users\Yoel Abreu\Documents\epran\Astroweb\env\Lib\site-packages\fastapi\middleware\asyncexitstack.py", line 18, in __call__
    await self.app(scope, receive, send)
  File "C:\Users\Yoel Abreu\Documents\epran\Astroweb\env\Lib\site-packages\starlette\routing.py", line 660, in __call__
    await self.middleware_stack(scope, receive, send)
  File "C:\Users\Yoel Abreu\Documents\epran\Astroweb\env\Lib\site-packages\starlette\routing.py", line 680, in app
    await route.handle(scope, receive, send)
  File "C:\Users\Yoel Abreu\Documents\epran\Astroweb\env\Lib\site-packages\starlette\routing.py", line 276, in handle
    await self.app(scope, receive, send)
  File "C:\Users\Yoel Abreu\Documents\epran\Astroweb\env\Lib\site-packages\fastapi\routing.py", line 134, in app
    await wrap_app_handling_exceptions(app, request)(scope, receive, send)
  File "C:\Users\Yoel Abreu\Documents\epran\Astroweb\env\Lib\site-packages\starlette\_exception_handler.py", line 59, in wrapped_app
    response = await handler(conn, exc)
               ^^^^^^^^^^^^^^^^^^^^^^^^
  File "C:\Users\Yoel Abreu\Documents\epran\Astroweb\.run-v2\AppWeb_v2\backend\app\main.py", line 49, in validation_exception_handler
    return JSONResponse(
        status_code=422,
        content={"detail": exc.errors(), "body": exc.body},
    )
  File "C:\Users\Yoel Abreu\Documents\epran\Astroweb\env\Lib\site-packages\starlette\responses.py", line 192, in __init__
    super().__init__(content, status_code, headers, media_type, background)
    ~~~~~~~~~~~~~~~~^^^^^^^^^^^^^^^^^^^^^^^^^^^^^^^^^^^^^^^^^^^^^^^^^^^^^^^
  File "C:\Users\Yoel Abreu\Documents\epran\Astroweb\env\Lib\site-packages\starlette\responses.py", line 45, in __init__
    self.body = self.render(content)
                ~~~~~~~~~~~^^^^^^^^^
  File "C:\Users\Yoel Abreu\Documents\epran\Astroweb\env\Lib\site-packages\starlette\responses.py", line 195, in render
    return json.dumps(
           ~~~~~~~~~~^
        content,
        ^^^^^^^^
    ...<3 lines>...
        separators=(",", ":"),
        ^^^^^^^^^^^^^^^^^^^^^^
    ).encode("utf-8")
    ^
  File "C:\Python314\Lib\json\__init__.py", line 242, in dumps
    **kw).encode(obj)
          ~~~~~~^^^^^
  File "C:\Python314\Lib\json\encoder.py", line 202, in encode
    chunks = self.iterencode(o, _one_shot=True)
  File "C:\Python314\Lib\json\encoder.py", line 263, in iterencode
    return _iterencode(o, 0)
  File "C:\Python314\Lib\json\encoder.py", line 182, in default
    raise TypeError(f'Object of type {o.__class__.__name__} '
                    f'is not JSON serializable')
TypeError: Object of type bytes is not JSON serializable
when serializing dict item 'input'
when serializing list item 0
when serializing dict item 'detail'
2026-06-19 23:37:51,642 - app - ERROR - Error no manejado en /auth/login: Object of type bytes is not JSON serializable
Traceback (most recent call last):
  File "C:\Users\Yoel Abreu\Documents\epran\Astroweb\env\Lib\site-packages\starlette\_exception_handler.py", line 42, in wrapped_app
    await app(scope, receive, sender)
  File "C:\Users\Yoel Abreu\Documents\epran\Astroweb\env\Lib\site-packages\fastapi\routing.py", line 120, in app
    response = await f(request)
               ^^^^^^^^^^^^^^^^
  File "C:\Users\Yoel Abreu\Documents\epran\Astroweb\env\Lib\site-packages\fastapi\routing.py", line 723, in app
    raise validation_error
fastapi.exceptions.RequestValidationError: 1 validation error:
  {'type': 'model_attributes_type', 'loc': ('body',), 'msg': 'Input should be a valid dictionary or object to extract fields from', 'input': b'username=__nope__&password=__nope__'}

  File "C:\Users\Yoel Abreu\Documents\epran\Astroweb\.run-v2\AppWeb_v2\backend\app\routes\auth.py", line 20, in login
    POST /auth/login

During handling of the above exception, another exception occurred:

Traceback (most recent call last):
  File "C:\Users\Yoel Abreu\Documents\epran\Astroweb\env\Lib\site-packages\starlette\middleware\errors.py", line 164, in __call__
    await self.app(scope, receive, _send)
  File "C:\Users\Yoel Abreu\Documents\epran\Astroweb\env\Lib\site-packages\starlette\middleware\cors.py", line 88, in __call__
    await self.app(scope, receive, send)
  File "C:\Users\Yoel Abreu\Documents\epran\Astroweb\env\Lib\site-packages\starlette\middleware\exceptions.py", line 63, in __call__
    await wrap_app_handling_exceptions(self.app, conn)(scope, receive, send)
  File "C:\Users\Yoel Abreu\Documents\epran\Astroweb\env\Lib\site-packages\starlette\_exception_handler.py", line 53, in wrapped_app
    raise exc
  File "C:\Users\Yoel Abreu\Documents\epran\Astroweb\env\Lib\site-packages\starlette\_exception_handler.py", line 42, in wrapped_app
    await app(scope, receive, sender)
  File "C:\Users\Yoel Abreu\Documents\epran\Astroweb\env\Lib\site-packages\fastapi\middleware\asyncexitstack.py", line 18, in __call__
    await self.app(scope, receive, send)
  File "C:\Users\Yoel Abreu\Documents\epran\Astroweb\env\Lib\site-packages\starlette\routing.py", line 660, in __call__
    await self.middleware_stack(scope, receive, send)
  File "C:\Users\Yoel Abreu\Documents\epran\Astroweb\env\Lib\site-packages\starlette\routing.py", line 680, in app
    await route.handle(scope, receive, send)
  File "C:\Users\Yoel Abreu\Documents\epran\Astroweb\env\Lib\site-packages\starlette\routing.py", line 276, in handle
    await self.app(scope, receive, send)
  File "C:\Users\Yoel Abreu\Documents\epran\Astroweb\env\Lib\site-packages\fastapi\routing.py", line 134, in app
    await wrap_app_handling_exceptions(app, request)(scope, receive, send)
  File "C:\Users\Yoel Abreu\Documents\epran\Astroweb\env\Lib\site-packages\starlette\_exception_handler.py", line 59, in wrapped_app
    response = await handler(conn, exc)
               ^^^^^^^^^^^^^^^^^^^^^^^^
  File "C:\Users\Yoel Abreu\Documents\epran\Astroweb\.run-v2\AppWeb_v2\backend\app\main.py", line 49, in validation_exception_handler
    return JSONResponse(
        status_code=422,
        content={"detail": exc.errors(), "body": exc.body},
    )
  File "C:\Users\Yoel Abreu\Documents\epran\Astroweb\env\Lib\site-packages\starlette\responses.py", line 192, in __init__
    super().__init__(content, status_code, headers, media_type, background)
    ~~~~~~~~~~~~~~~~^^^^^^^^^^^^^^^^^^^^^^^^^^^^^^^^^^^^^^^^^^^^^^^^^^^^^^^
  File "C:\Users\Yoel Abreu\Documents\epran\Astroweb\env\Lib\site-packages\starlette\responses.py", line 45, in __init__
    self.body = self.render(content)
                ~~~~~~~~~~~^^^^^^^^^
  File "C:\Users\Yoel Abreu\Documents\epran\Astroweb\env\Lib\site-packages\starlette\responses.py", line 195, in render
    return json.dumps(
           ~~~~~~~~~~^
        content,
        ^^^^^^^^
    ...<3 lines>...
        separators=(",", ":"),
        ^^^^^^^^^^^^^^^^^^^^^^
    ).encode("utf-8")
    ^
  File "C:\Python314\Lib\json\__init__.py", line 242, in dumps
    **kw).encode(obj)
          ~~~~~~^^^^^
  File "C:\Python314\Lib\json\encoder.py", line 202, in encode
    chunks = self.iterencode(o, _one_shot=True)
  File "C:\Python314\Lib\json\encoder.py", line 263, in iterencode
    return _iterencode(o, 0)
  File "C:\Python314\Lib\json\encoder.py", line 182, in default
    raise TypeError(f'Object of type {o.__class__.__name__} '
                    f'is not JSON serializable')
TypeError: Object of type bytes is not JSON serializable
when serializing dict item 'input'
when serializing list item 0
when serializing dict item 'detail'
INFO:     127.0.0.1:51485 - "POST /auth/login HTTP/1.1" 500 Internal Server Error
ERROR:    Exception in ASGI application
Traceback (most recent call last):
  File "C:\Users\Yoel Abreu\Documents\epran\Astroweb\env\Lib\site-packages\starlette\_exception_handler.py", line 42, in wrapped_app
    await app(scope, receive, sender)
  File "C:\Users\Yoel Abreu\Documents\epran\Astroweb\env\Lib\site-packages\fastapi\routing.py", line 120, in app
    response = await f(request)
               ^^^^^^^^^^^^^^^^
  File "C:\Users\Yoel Abreu\Documents\epran\Astroweb\env\Lib\site-packages\fastapi\routing.py", line 723, in app
    raise validation_error
fastapi.exceptions.RequestValidationError: 1 validation error:
  {'type': 'model_attributes_type', 'loc': ('body',), 'msg': 'Input should be a valid dictionary or object to extract fields from', 'input': b'username=__nope__&password=__nope__'}

  File "C:\Users\Yoel Abreu\Documents\epran\Astroweb\.run-v2\AppWeb_v2\backend\app\routes\auth.py", line 20, in login
    POST /auth/login

During handling of the above exception, another exception occurred:

Traceback (most recent call last):
  File "C:\Users\Yoel Abreu\Documents\epran\Astroweb\env\Lib\site-packages\uvicorn\protocols\http\h11_impl.py", line 415, in run_asgi
    result = await app(  # type: ignore[func-returns-value]
             ^^^^^^^^^^^^^^^^^^^^^^^^^^^^^^^^^^^^^^^^^^^^^^
        self.scope, self.receive, self.send
        ^^^^^^^^^^^^^^^^^^^^^^^^^^^^^^^^^^^
    )
    ^
  File "C:\Users\Yoel Abreu\Documents\epran\Astroweb\env\Lib\site-packages\uvicorn\middleware\proxy_headers.py", line 56, in __call__
    return await self.app(scope, receive, send)
           ^^^^^^^^^^^^^^^^^^^^^^^^^^^^^^^^^^^^
  File "C:\Users\Yoel Abreu\Documents\epran\Astroweb\env\Lib\site-packages\fastapi\applications.py", line 1159, in __call__
    await super().__call__(scope, receive, send)
  File "C:\Users\Yoel Abreu\Documents\epran\Astroweb\env\Lib\site-packages\starlette\applications.py", line 90, in __call__
    await self.middleware_stack(scope, receive, send)
  File "C:\Users\Yoel Abreu\Documents\epran\Astroweb\env\Lib\site-packages\starlette\middleware\errors.py", line 186, in __call__
    raise exc
  File "C:\Users\Yoel Abreu\Documents\epran\Astroweb\env\Lib\site-packages\starlette\middleware\errors.py", line 164, in __call__
    await self.app(scope, receive, _send)
  File "C:\Users\Yoel Abreu\Documents\epran\Astroweb\env\Lib\site-packages\starlette\middleware\cors.py", line 88, in __call__
    await self.app(scope, receive, send)
  File "C:\Users\Yoel Abreu\Documents\epran\Astroweb\env\Lib\site-packages\starlette\middleware\exceptions.py", line 63, in __call__
    await wrap_app_handling_exceptions(self.app, conn)(scope, receive, send)
  File "C:\Users\Yoel Abreu\Documents\epran\Astroweb\env\Lib\site-packages\starlette\_exception_handler.py", line 53, in wrapped_app
    raise exc
  File "C:\Users\Yoel Abreu\Documents\epran\Astroweb\env\Lib\site-packages\starlette\_exception_handler.py", line 42, in wrapped_app
    await app(scope, receive, sender)
  File "C:\Users\Yoel Abreu\Documents\epran\Astroweb\env\Lib\site-packages\fastapi\middleware\asyncexitstack.py", line 18, in __call__
    await self.app(scope, receive, send)
  File "C:\Users\Yoel Abreu\Documents\epran\Astroweb\env\Lib\site-packages\starlette\routing.py", line 660, in __call__
    await self.middleware_stack(scope, receive, send)
  File "C:\Users\Yoel Abreu\Documents\epran\Astroweb\env\Lib\site-packages\starlette\routing.py", line 680, in app
    await route.handle(scope, receive, send)
  File "C:\Users\Yoel Abreu\Documents\epran\Astroweb\env\Lib\site-packages\starlette\routing.py", line 276, in handle
    await self.app(scope, receive, send)
  File "C:\Users\Yoel Abreu\Documents\epran\Astroweb\env\Lib\site-packages\fastapi\routing.py", line 134, in app
    await wrap_app_handling_exceptions(app, request)(scope, receive, send)
  File "C:\Users\Yoel Abreu\Documents\epran\Astroweb\env\Lib\site-packages\starlette\_exception_handler.py", line 59, in wrapped_app
    response = await handler(conn, exc)
               ^^^^^^^^^^^^^^^^^^^^^^^^
  File "C:\Users\Yoel Abreu\Documents\epran\Astroweb\.run-v2\AppWeb_v2\backend\app\main.py", line 49, in validation_exception_handler
    return JSONResponse(
        status_code=422,
        content={"detail": exc.errors(), "body": exc.body},
    )
  File "C:\Users\Yoel Abreu\Documents\epran\Astroweb\env\Lib\site-packages\starlette\responses.py", line 192, in __init__
    super().__init__(content, status_code, headers, media_type, background)
    ~~~~~~~~~~~~~~~~^^^^^^^^^^^^^^^^^^^^^^^^^^^^^^^^^^^^^^^^^^^^^^^^^^^^^^^
  File "C:\Users\Yoel Abreu\Documents\epran\Astroweb\env\Lib\site-packages\starlette\responses.py", line 45, in __init__
    self.body = self.render(content)
                ~~~~~~~~~~~^^^^^^^^^
  File "C:\Users\Yoel Abreu\Documents\epran\Astroweb\env\Lib\site-packages\starlette\responses.py", line 195, in render
    return json.dumps(
           ~~~~~~~~~~^
        content,
        ^^^^^^^^
    ...<3 lines>...
        separators=(",", ":"),
        ^^^^^^^^^^^^^^^^^^^^^^
    ).encode("utf-8")
    ^
  File "C:\Python314\Lib\json\__init__.py", line 242, in dumps
    **kw).encode(obj)
          ~~~~~~^^^^^
  File "C:\Python314\Lib\json\encoder.py", line 202, in encode
    chunks = self.iterencode(o, _one_shot=True)
  File "C:\Python314\Lib\json\encoder.py", line 263, in iterencode
    return _iterencode(o, 0)
  File "C:\Python314\Lib\json\encoder.py", line 182, in default
    raise TypeError(f'Object of type {o.__class__.__name__} '
                    f'is not JSON serializable')
TypeError: Object of type bytes is not JSON serializable
when serializing dict item 'input'
when serializing list item 0
when serializing dict item 'detail'
!!! get_db CALLED !!!
2026-06-19 23:37:51,790 - app.auth - INFO - Intento de login para usuario: __nope__
2026-06-19 23:37:52,043 - app.auth - WARNING - Credenciales inválidas para: __nope__
INFO:     127.0.0.1:51486 - "POST /auth/login HTTP/1.1" 401 Unauthorized
INFO:     127.0.0.1:62131 - "GET /docs HTTP/1.1" 200 OK
INFO:     127.0.0.1:62131 - "GET /openapi.json HTTP/1.1" 200 OK
INFO:     127.0.0.1:62275 - "GET /health HTTP/1.1" 200 OK
INFO:     127.0.0.1:62275 - "GET /favicon.ico HTTP/1.1" 204 No Content
CRASH DETECTED in /favicon.ico: Too much data for declared Content-Length
Traceback (most recent call last):
  File "C:\Users\Yoel Abreu\Documents\epran\Astroweb\env\Lib\site-packages\starlette\middleware\errors.py", line 164, in __call__
    await self.app(scope, receive, _send)
  File "C:\Users\Yoel Abreu\Documents\epran\Astroweb\env\Lib\site-packages\starlette\middleware\cors.py", line 88, in __call__
    await self.app(scope, receive, send)
  File "C:\Users\Yoel Abreu\Documents\epran\Astroweb\env\Lib\site-packages\starlette\middleware\exceptions.py", line 63, in __call__
    await wrap_app_handling_exceptions(self.app, conn)(scope, receive, send)
  File "C:\Users\Yoel Abreu\Documents\epran\Astroweb\env\Lib\site-packages\starlette\_exception_handler.py", line 53, in wrapped_app
    raise exc
  File "C:\Users\Yoel Abreu\Documents\epran\Astroweb\env\Lib\site-packages\starlette\_exception_handler.py", line 42, in wrapped_app
    await app(scope, receive, sender)
  File "C:\Users\Yoel Abreu\Documents\epran\Astroweb\env\Lib\site-packages\fastapi\middleware\asyncexitstack.py", line 18, in __call__
    await self.app(scope, receive, send)
  File "C:\Users\Yoel Abreu\Documents\epran\Astroweb\env\Lib\site-packages\starlette\routing.py", line 660, in __call__
    await self.middleware_stack(scope, receive, send)
  File "C:\Users\Yoel Abreu\Documents\epran\Astroweb\env\Lib\site-packages\starlette\routing.py", line 680, in app
    await route.handle(scope, receive, send)
  File "C:\Users\Yoel Abreu\Documents\epran\Astroweb\env\Lib\site-packages\starlette\routing.py", line 276, in handle
    await self.app(scope, receive, send)
  File "C:\Users\Yoel Abreu\Documents\epran\Astroweb\env\Lib\site-packages\fastapi\routing.py", line 134, in app
    await wrap_app_handling_exceptions(app, request)(scope, receive, send)
  File "C:\Users\Yoel Abreu\Documents\epran\Astroweb\env\Lib\site-packages\starlette\_exception_handler.py", line 53, in wrapped_app
    raise exc
  File "C:\Users\Yoel Abreu\Documents\epran\Astroweb\env\Lib\site-packages\starlette\_exception_handler.py", line 42, in wrapped_app
    await app(scope, receive, sender)
  File "C:\Users\Yoel Abreu\Documents\epran\Astroweb\env\Lib\site-packages\fastapi\routing.py", line 121, in app
    await response(scope, receive, send)
  File "C:\Users\Yoel Abreu\Documents\epran\Astroweb\env\Lib\site-packages\starlette\responses.py", line 167, in __call__
    await send({"type": "http.response.body", "body": self.body})
  File "C:\Users\Yoel Abreu\Documents\epran\Astroweb\env\Lib\site-packages\starlette\_exception_handler.py", line 39, in sender
    await send(message)
  File "C:\Users\Yoel Abreu\Documents\epran\Astroweb\env\Lib\site-packages\starlette\_exception_handler.py", line 39, in sender
    await send(message)
  File "C:\Users\Yoel Abreu\Documents\epran\Astroweb\env\Lib\site-packages\starlette\middleware\errors.py", line 161, in _send
    await send(message)
  File "C:\Users\Yoel Abreu\Documents\epran\Astroweb\env\Lib\site-packages\uvicorn\protocols\http\h11_impl.py", line 506, in send
    output = self.conn.send(event=h11.Data(data=data))
  File "C:\Users\Yoel Abreu\Documents\epran\Astroweb\env\Lib\site-packages\h11\_connection.py", line 538, in send
    data_list = self.send_with_data_passthrough(event)
  File "C:\Users\Yoel Abreu\Documents\epran\Astroweb\env\Lib\site-packages\h11\_connection.py", line 571, in send_with_data_passthrough
    writer(event, data_list.append)
    ~~~~~~^^^^^^^^^^^^^^^^^^^^^^^^^
  File "C:\Users\Yoel Abreu\Documents\epran\Astroweb\env\Lib\site-packages\h11\_writers.py", line 65, in __call__
    self.send_data(event.data, write)
    ~~~~~~~~~~~~~~^^^^^^^^^^^^^^^^^^^
  File "C:\Users\Yoel Abreu\Documents\epran\Astroweb\env\Lib\site-packages\h11\_writers.py", line 91, in send_data
    raise LocalProtocolError("Too much data for declared Content-Length")
h11._util.LocalProtocolError: Too much data for declared Content-Length
2026-06-19 23:38:34,014 - app - ERROR - Error no manejado en /favicon.ico: Too much data for declared Content-Length
Traceback (most recent call last):
  File "C:\Users\Yoel Abreu\Documents\epran\Astroweb\env\Lib\site-packages\starlette\middleware\errors.py", line 164, in __call__
    await self.app(scope, receive, _send)
  File "C:\Users\Yoel Abreu\Documents\epran\Astroweb\env\Lib\site-packages\starlette\middleware\cors.py", line 88, in __call__
    await self.app(scope, receive, send)
  File "C:\Users\Yoel Abreu\Documents\epran\Astroweb\env\Lib\site-packages\starlette\middleware\exceptions.py", line 63, in __call__
    await wrap_app_handling_exceptions(self.app, conn)(scope, receive, send)
  File "C:\Users\Yoel Abreu\Documents\epran\Astroweb\env\Lib\site-packages\starlette\_exception_handler.py", line 53, in wrapped_app
    raise exc
  File "C:\Users\Yoel Abreu\Documents\epran\Astroweb\env\Lib\site-packages\starlette\_exception_handler.py", line 42, in wrapped_app
    await app(scope, receive, sender)
  File "C:\Users\Yoel Abreu\Documents\epran\Astroweb\env\Lib\site-packages\fastapi\middleware\asyncexitstack.py", line 18, in __call__
    await self.app(scope, receive, send)
  File "C:\Users\Yoel Abreu\Documents\epran\Astroweb\env\Lib\site-packages\starlette\routing.py", line 660, in __call__
    await self.middleware_stack(scope, receive, send)
  File "C:\Users\Yoel Abreu\Documents\epran\Astroweb\env\Lib\site-packages\starlette\routing.py", line 680, in app
    await route.handle(scope, receive, send)
  File "C:\Users\Yoel Abreu\Documents\epran\Astroweb\env\Lib\site-packages\starlette\routing.py", line 276, in handle
    await self.app(scope, receive, send)
  File "C:\Users\Yoel Abreu\Documents\epran\Astroweb\env\Lib\site-packages\fastapi\routing.py", line 134, in app
    await wrap_app_handling_exceptions(app, request)(scope, receive, send)
  File "C:\Users\Yoel Abreu\Documents\epran\Astroweb\env\Lib\site-packages\starlette\_exception_handler.py", line 53, in wrapped_app
    raise exc
  File "C:\Users\Yoel Abreu\Documents\epran\Astroweb\env\Lib\site-packages\starlette\_exception_handler.py", line 42, in wrapped_app
    await app(scope, receive, sender)
  File "C:\Users\Yoel Abreu\Documents\epran\Astroweb\env\Lib\site-packages\fastapi\routing.py", line 121, in app
    await response(scope, receive, send)
  File "C:\Users\Yoel Abreu\Documents\epran\Astroweb\env\Lib\site-packages\starlette\responses.py", line 167, in __call__
    await send({"type": "http.response.body", "body": self.body})
  File "C:\Users\Yoel Abreu\Documents\epran\Astroweb\env\Lib\site-packages\starlette\_exception_handler.py", line 39, in sender
    await send(message)
  File "C:\Users\Yoel Abreu\Documents\epran\Astroweb\env\Lib\site-packages\starlette\_exception_handler.py", line 39, in sender
    await send(message)
  File "C:\Users\Yoel Abreu\Documents\epran\Astroweb\env\Lib\site-packages\starlette\middleware\errors.py", line 161, in _send
    await send(message)
  File "C:\Users\Yoel Abreu\Documents\epran\Astroweb\env\Lib\site-packages\uvicorn\protocols\http\h11_impl.py", line 506, in send
    output = self.conn.send(event=h11.Data(data=data))
  File "C:\Users\Yoel Abreu\Documents\epran\Astroweb\env\Lib\site-packages\h11\_connection.py", line 538, in send
    data_list = self.send_with_data_passthrough(event)
  File "C:\Users\Yoel Abreu\Documents\epran\Astroweb\env\Lib\site-packages\h11\_connection.py", line 571, in send_with_data_passthrough
    writer(event, data_list.append)
    ~~~~~~^^^^^^^^^^^^^^^^^^^^^^^^^
  File "C:\Users\Yoel Abreu\Documents\epran\Astroweb\env\Lib\site-packages\h11\_writers.py", line 65, in __call__
    self.send_data(event.data, write)
    ~~~~~~~~~~~~~~^^^^^^^^^^^^^^^^^^^
  File "C:\Users\Yoel Abreu\Documents\epran\Astroweb\env\Lib\site-packages\h11\_writers.py", line 91, in send_data
    raise LocalProtocolError("Too much data for declared Content-Length")
h11._util.LocalProtocolError: Too much data for declared Content-Length
ERROR:    Exception in ASGI application
Traceback (most recent call last):
  File "C:\Users\Yoel Abreu\Documents\epran\Astroweb\env\Lib\site-packages\uvicorn\protocols\http\h11_impl.py", line 415, in run_asgi
    result = await app(  # type: ignore[func-returns-value]
             ^^^^^^^^^^^^^^^^^^^^^^^^^^^^^^^^^^^^^^^^^^^^^^
        self.scope, self.receive, self.send
        ^^^^^^^^^^^^^^^^^^^^^^^^^^^^^^^^^^^
    )
    ^
  File "C:\Users\Yoel Abreu\Documents\epran\Astroweb\env\Lib\site-packages\uvicorn\middleware\proxy_headers.py", line 56, in __call__
    return await self.app(scope, receive, send)
           ^^^^^^^^^^^^^^^^^^^^^^^^^^^^^^^^^^^^
  File "C:\Users\Yoel Abreu\Documents\epran\Astroweb\env\Lib\site-packages\fastapi\applications.py", line 1159, in __call__
    await super().__call__(scope, receive, send)
  File "C:\Users\Yoel Abreu\Documents\epran\Astroweb\env\Lib\site-packages\starlette\applications.py", line 90, in __call__
    await self.middleware_stack(scope, receive, send)
  File "C:\Users\Yoel Abreu\Documents\epran\Astroweb\env\Lib\site-packages\starlette\middleware\errors.py", line 186, in __call__
    raise exc
  File "C:\Users\Yoel Abreu\Documents\epran\Astroweb\env\Lib\site-packages\starlette\middleware\errors.py", line 164, in __call__
    await self.app(scope, receive, _send)
  File "C:\Users\Yoel Abreu\Documents\epran\Astroweb\env\Lib\site-packages\starlette\middleware\cors.py", line 88, in __call__
    await self.app(scope, receive, send)
  File "C:\Users\Yoel Abreu\Documents\epran\Astroweb\env\Lib\site-packages\starlette\middleware\exceptions.py", line 63, in __call__
    await wrap_app_handling_exceptions(self.app, conn)(scope, receive, send)
  File "C:\Users\Yoel Abreu\Documents\epran\Astroweb\env\Lib\site-packages\starlette\_exception_handler.py", line 53, in wrapped_app
    raise exc
  File "C:\Users\Yoel Abreu\Documents\epran\Astroweb\env\Lib\site-packages\starlette\_exception_handler.py", line 42, in wrapped_app
    await app(scope, receive, sender)
  File "C:\Users\Yoel Abreu\Documents\epran\Astroweb\env\Lib\site-packages\fastapi\middleware\asyncexitstack.py", line 18, in __call__
    await self.app(scope, receive, send)
  File "C:\Users\Yoel Abreu\Documents\epran\Astroweb\env\Lib\site-packages\starlette\routing.py", line 660, in __call__
    await self.middleware_stack(scope, receive, send)
  File "C:\Users\Yoel Abreu\Documents\epran\Astroweb\env\Lib\site-packages\starlette\routing.py", line 680, in app
    await route.handle(scope, receive, send)
  File "C:\Users\Yoel Abreu\Documents\epran\Astroweb\env\Lib\site-packages\starlette\routing.py", line 276, in handle
    await self.app(scope, receive, send)
  File "C:\Users\Yoel Abreu\Documents\epran\Astroweb\env\Lib\site-packages\fastapi\routing.py", line 134, in app
    await wrap_app_handling_exceptions(app, request)(scope, receive, send)
  File "C:\Users\Yoel Abreu\Documents\epran\Astroweb\env\Lib\site-packages\starlette\_exception_handler.py", line 53, in wrapped_app
    raise exc
  File "C:\Users\Yoel Abreu\Documents\epran\Astroweb\env\Lib\site-packages\starlette\_exception_handler.py", line 42, in wrapped_app
    await app(scope, receive, sender)
  File "C:\Users\Yoel Abreu\Documents\epran\Astroweb\env\Lib\site-packages\fastapi\routing.py", line 121, in app
    await response(scope, receive, send)
  File "C:\Users\Yoel Abreu\Documents\epran\Astroweb\env\Lib\site-packages\starlette\responses.py", line 167, in __call__
    await send({"type": "http.response.body", "body": self.body})
  File "C:\Users\Yoel Abreu\Documents\epran\Astroweb\env\Lib\site-packages\starlette\_exception_handler.py", line 39, in sender
    await send(message)
  File "C:\Users\Yoel Abreu\Documents\epran\Astroweb\env\Lib\site-packages\starlette\_exception_handler.py", line 39, in sender
    await send(message)
  File "C:\Users\Yoel Abreu\Documents\epran\Astroweb\env\Lib\site-packages\starlette\middleware\errors.py", line 161, in _send
    await send(message)
  File "C:\Users\Yoel Abreu\Documents\epran\Astroweb\env\Lib\site-packages\uvicorn\protocols\http\h11_impl.py", line 506, in send
    output = self.conn.send(event=h11.Data(data=data))
  File "C:\Users\Yoel Abreu\Documents\epran\Astroweb\env\Lib\site-packages\h11\_connection.py", line 538, in send
    data_list = self.send_with_data_passthrough(event)
  File "C:\Users\Yoel Abreu\Documents\epran\Astroweb\env\Lib\site-packages\h11\_connection.py", line 571, in send_with_data_passthrough
    writer(event, data_list.append)
    ~~~~~~^^^^^^^^^^^^^^^^^^^^^^^^^
  File "C:\Users\Yoel Abreu\Documents\epran\Astroweb\env\Lib\site-packages\h11\_writers.py", line 65, in __call__
    self.send_data(event.data, write)
    ~~~~~~~~~~~~~~^^^^^^^^^^^^^^^^^^^
  File "C:\Users\Yoel Abreu\Documents\epran\Astroweb\env\Lib\site-packages\h11\_writers.py", line 91, in send_data
    raise LocalProtocolError("Too much data for declared Content-Length")
h11._util.LocalProtocolError: Too much data for declared Content-Length
